Archive member included to satisfy reference by file (symbol)

c:/st/stm32cubeide_1.3.0/stm32cubeide/plugins/com.st.stm32cube.ide.mcu.externaltools.gnu-tools-for-stm32.7-2018-q2-update.win32_1.0.0.201904181610/tools/bin/../lib/gcc/arm-none-eabi/7.3.1/../../../../arm-none-eabi/lib/thumb/v7e-m/fpv4-sp/hard\libc_nano.a(lib_a-errno.o)
                              Core/Src/syscalls.o (__errno)
c:/st/stm32cubeide_1.3.0/stm32cubeide/plugins/com.st.stm32cube.ide.mcu.externaltools.gnu-tools-for-stm32.7-2018-q2-update.win32_1.0.0.201904181610/tools/bin/../lib/gcc/arm-none-eabi/7.3.1/../../../../arm-none-eabi/lib/thumb/v7e-m/fpv4-sp/hard\libc_nano.a(lib_a-exit.o)
                              c:/st/stm32cubeide_1.3.0/stm32cubeide/plugins/com.st.stm32cube.ide.mcu.externaltools.gnu-tools-for-stm32.7-2018-q2-update.win32_1.0.0.201904181610/tools/bin/../lib/gcc/arm-none-eabi/7.3.1/../../../../arm-none-eabi/lib/thumb/v7e-m/fpv4-sp/hard/crt0.o (exit)
c:/st/stm32cubeide_1.3.0/stm32cubeide/plugins/com.st.stm32cube.ide.mcu.externaltools.gnu-tools-for-stm32.7-2018-q2-update.win32_1.0.0.201904181610/tools/bin/../lib/gcc/arm-none-eabi/7.3.1/../../../../arm-none-eabi/lib/thumb/v7e-m/fpv4-sp/hard\libc_nano.a(lib_a-impure.o)
                              c:/st/stm32cubeide_1.3.0/stm32cubeide/plugins/com.st.stm32cube.ide.mcu.externaltools.gnu-tools-for-stm32.7-2018-q2-update.win32_1.0.0.201904181610/tools/bin/../lib/gcc/arm-none-eabi/7.3.1/../../../../arm-none-eabi/lib/thumb/v7e-m/fpv4-sp/hard\libc_nano.a(lib_a-exit.o) (_global_impure_ptr)
c:/st/stm32cubeide_1.3.0/stm32cubeide/plugins/com.st.stm32cube.ide.mcu.externaltools.gnu-tools-for-stm32.7-2018-q2-update.win32_1.0.0.201904181610/tools/bin/../lib/gcc/arm-none-eabi/7.3.1/../../../../arm-none-eabi/lib/thumb/v7e-m/fpv4-sp/hard\libc_nano.a(lib_a-init.o)
                              c:/st/stm32cubeide_1.3.0/stm32cubeide/plugins/com.st.stm32cube.ide.mcu.externaltools.gnu-tools-for-stm32.7-2018-q2-update.win32_1.0.0.201904181610/tools/bin/../lib/gcc/arm-none-eabi/7.3.1/../../../../arm-none-eabi/lib/thumb/v7e-m/fpv4-sp/hard/crt0.o (__libc_init_array)
c:/st/stm32cubeide_1.3.0/stm32cubeide/plugins/com.st.stm32cube.ide.mcu.externaltools.gnu-tools-for-stm32.7-2018-q2-update.win32_1.0.0.201904181610/tools/bin/../lib/gcc/arm-none-eabi/7.3.1/../../../../arm-none-eabi/lib/thumb/v7e-m/fpv4-sp/hard\libc_nano.a(lib_a-malloc.o)
                              Core/Src/display_control.o (malloc)
c:/st/stm32cubeide_1.3.0/stm32cubeide/plugins/com.st.stm32cube.ide.mcu.externaltools.gnu-tools-for-stm32.7-2018-q2-update.win32_1.0.0.201904181610/tools/bin/../lib/gcc/arm-none-eabi/7.3.1/../../../../arm-none-eabi/lib/thumb/v7e-m/fpv4-sp/hard\libc_nano.a(lib_a-memset.o)
                              c:/st/stm32cubeide_1.3.0/stm32cubeide/plugins/com.st.stm32cube.ide.mcu.externaltools.gnu-tools-for-stm32.7-2018-q2-update.win32_1.0.0.201904181610/tools/bin/../lib/gcc/arm-none-eabi/7.3.1/../../../../arm-none-eabi/lib/thumb/v7e-m/fpv4-sp/hard/crt0.o (memset)
c:/st/stm32cubeide_1.3.0/stm32cubeide/plugins/com.st.stm32cube.ide.mcu.externaltools.gnu-tools-for-stm32.7-2018-q2-update.win32_1.0.0.201904181610/tools/bin/../lib/gcc/arm-none-eabi/7.3.1/../../../../arm-none-eabi/lib/thumb/v7e-m/fpv4-sp/hard\libc_nano.a(lib_a-nano-freer.o)
                              c:/st/stm32cubeide_1.3.0/stm32cubeide/plugins/com.st.stm32cube.ide.mcu.externaltools.gnu-tools-for-stm32.7-2018-q2-update.win32_1.0.0.201904181610/tools/bin/../lib/gcc/arm-none-eabi/7.3.1/../../../../arm-none-eabi/lib/thumb/v7e-m/fpv4-sp/hard\libc_nano.a(lib_a-malloc.o) (_free_r)
c:/st/stm32cubeide_1.3.0/stm32cubeide/plugins/com.st.stm32cube.ide.mcu.externaltools.gnu-tools-for-stm32.7-2018-q2-update.win32_1.0.0.201904181610/tools/bin/../lib/gcc/arm-none-eabi/7.3.1/../../../../arm-none-eabi/lib/thumb/v7e-m/fpv4-sp/hard\libc_nano.a(lib_a-nano-mallocr.o)
                              c:/st/stm32cubeide_1.3.0/stm32cubeide/plugins/com.st.stm32cube.ide.mcu.externaltools.gnu-tools-for-stm32.7-2018-q2-update.win32_1.0.0.201904181610/tools/bin/../lib/gcc/arm-none-eabi/7.3.1/../../../../arm-none-eabi/lib/thumb/v7e-m/fpv4-sp/hard\libc_nano.a(lib_a-malloc.o) (_malloc_r)
c:/st/stm32cubeide_1.3.0/stm32cubeide/plugins/com.st.stm32cube.ide.mcu.externaltools.gnu-tools-for-stm32.7-2018-q2-update.win32_1.0.0.201904181610/tools/bin/../lib/gcc/arm-none-eabi/7.3.1/../../../../arm-none-eabi/lib/thumb/v7e-m/fpv4-sp/hard\libc_nano.a(lib_a-sbrkr.o)
                              c:/st/stm32cubeide_1.3.0/stm32cubeide/plugins/com.st.stm32cube.ide.mcu.externaltools.gnu-tools-for-stm32.7-2018-q2-update.win32_1.0.0.201904181610/tools/bin/../lib/gcc/arm-none-eabi/7.3.1/../../../../arm-none-eabi/lib/thumb/v7e-m/fpv4-sp/hard\libc_nano.a(lib_a-nano-mallocr.o) (_sbrk_r)
[...]
Memory Configuration

Name             Origin             Length             Attributes
CCMRAM           0x0000000010000000 0x0000000000010000 xrw
RAM              0x0000000020000000 0x0000000000020000 xrw
FLASH            0x0000000008000000 0x0000000000100000 xr
*default*        0x0000000000000000 0xffffffffffffffff

Linker script and memory map

LOAD c:/st/stm32cubeide_1.3.0/stm32cubeide/plugins/com.st.stm32cube.ide.mcu.externaltools.gnu-tools-for-stm32.7-2018-q2-update.win32_1.0.0.201904181610/tools/bin/../lib/gcc/arm-none-eabi/7.3.1/thumb/v7e-m/fpv4-sp/hard/crti.o
LOAD c:/st/stm32cubeide_1.3.0/stm32cubeide/plugins/com.st.stm32cube.ide.mcu.externaltools.gnu-tools-for-stm32.7-2018-q2-update.win32_1.0.0.201904181610/tools/bin/../lib/gcc/arm-none-eabi/7.3.1/thumb/v7e-m/fpv4-sp/hard/crtbegin.o
LOAD c:/st/stm32cubeide_1.3.0/stm32cubeide/plugins/com.st.stm32cube.ide.mcu.externaltools.gnu-tools-for-stm32.7-2018-q2-update.win32_1.0.0.201904181610/tools/bin/../lib/gcc/arm-none-eabi/7.3.1/../../../../arm-none-eabi/lib/thumb/v7e-m/fpv4-sp/hard/crt0.o
LOAD Core/Src/CS43.o
LOAD Core/Src/audio.o
LOAD Core/Src/diskio.o
LOAD Core/Src/display_control.o
LOAD Core/Src/ff.o
LOAD Core/Src/ffsystem.o
LOAD Core/Src/ffunicode.o
LOAD Core/Src/file_system.o
LOAD Core/Src/main.o
LOAD Core/Src/ssd1306.o
LOAD Core/Src/ssd1306_fonts.o
LOAD Core/Src/stm32f4xx_hal_msp.o
LOAD Core/Src/stm32f4xx_it.o
LOAD Core/Src/syscalls.o
LOAD Core/Src/sysmem.o
LOAD Core/Src/system_stm32f4xx.o
LOAD Core/Startup/startup_stm32f407vgtx.o
LOAD Drivers/STM32F4xx_HAL_Driver/Src/stm32f4xx_hal.o
LOAD Drivers/STM32F4xx_HAL_Driver/Src/stm32f4xx_hal_cortex.o
LOAD Drivers/STM32F4xx_HAL_Driver/Src/stm32f4xx_hal_dma.o
LOAD Drivers/STM32F4xx_HAL_Driver/Src/stm32f4xx_hal_dma_ex.o
LOAD Drivers/STM32F4xx_HAL_Driver/Src/stm32f4xx_hal_exti.o
LOAD Drivers/STM32F4xx_HAL_Driver/Src/stm32f4xx_hal_flash.o
LOAD Drivers/STM32F4xx_HAL_Driver/Src/stm32f4xx_hal_flash_ex.o
LOAD Drivers/STM32F4xx_HAL_Driver/Src/stm32f4xx_hal_flash_ramfunc.o
LOAD Drivers/STM32F4xx_HAL_Driver/Src/stm32f4xx_hal_gpio.o
LOAD Drivers/STM32F4xx_HAL_Driver/Src/stm32f4xx_hal_i2c.o
LOAD Drivers/STM32F4xx_HAL_Driver/Src/stm32f4xx_hal_i2c_ex.o
LOAD Drivers/STM32F4xx_HAL_Driver/Src/stm32f4xx_hal_i2s.o
LOAD Drivers/STM32F4xx_HAL_Driver/Src/stm32f4xx_hal_i2s_ex.o
LOAD Drivers/STM32F4xx_HAL_Driver/Src/stm32f4xx_hal_pwr.o
LOAD Drivers/STM32F4xx_HAL_Driver/Src/stm32f4xx_hal_pwr_ex.o
LOAD Drivers/STM32F4xx_HAL_Driver/Src/stm32f4xx_hal_rcc.o
LOAD Drivers/STM32F4xx_HAL_Driver/Src/stm32f4xx_hal_rcc_ex.o
LOAD Drivers/STM32F4xx_HAL_Driver/Src/stm32f4xx_hal_spi.o
LOAD Drivers/STM32F4xx_HAL_Driver/Src/stm32f4xx_hal_tim.o
LOAD Drivers/STM32F4xx_HAL_Driver/Src/stm32f4xx_hal_tim_ex.o
START GROUP
LOAD c:/st/stm32cubeide_1.3.0/stm32cubeide/plugins/com.st.stm32cube.ide.mcu.externaltools.gnu-tools-for-stm32.7-2018-q2-update.win32_1.0.0.201904181610/tools/bin/../lib/gcc/arm-none-eabi/7.3.1/../../../../arm-none-eabi/lib/thumb/v7e-m/fpv4-sp/hard\libc_nano.a
LOAD c:/st/stm32cubeide_1.3.0/stm32cubeide/plugins/com.st.stm32cube.ide.mcu.externaltools.gnu-tools-for-stm32.7-2018-q2-update.win32_1.0.0.201904181610/tools/bin/../lib/gcc/arm-none-eabi/7.3.1/../../../../arm-none-eabi/lib/thumb/v7e-m/fpv4-sp/hard\libm.a
END GROUP
START GROUP
LOAD c:/st/stm32cubeide_1.3.0/stm32cubeide/plugins/com.st.stm32cube.ide.mcu.externaltools.gnu-tools-for-stm32.7-2018-q2-update.win32_1.0.0.201904181610/tools/bin/../lib/gcc/arm-none-eabi/7.3.1/thumb/v7e-m/fpv4-sp/hard\libgcc.a
LOAD c:/st/stm32cubeide_1.3.0/stm32cubeide/plugins/com.st.stm32cube.ide.mcu.externaltools.gnu-tools-for-stm32.7-2018-q2-update.win32_1.0.0.201904181610/tools/bin/../lib/gcc/arm-none-eabi/7.3.1/../../../../arm-none-eabi/lib/thumb/v7e-m/fpv4-sp/hard\libc_nano.a
END GROUP
START GROUP
LOAD c:/st/stm32cubeide_1.3.0/stm32cubeide/plugins/com.st.stm32cube.ide.mcu.externaltools.gnu-tools-for-stm32.7-2018-q2-update.win32_1.0.0.201904181610/tools/bin/../lib/gcc/arm-none-eabi/7.3.1/thumb/v7e-m/fpv4-sp/hard\libgcc.a
LOAD c:/st/stm32cubeide_1.3.0/stm32cubeide/plugins/com.st.stm32cube.ide.mcu.externaltools.gnu-tools-for-stm32.7-2018-q2-update.win32_1.0.0.201904181610/tools/bin/../lib/gcc/arm-none-eabi/7.3.1/../../../../arm-none-eabi/lib/thumb/v7e-m/fpv4-sp/hard\libc_nano.a
LOAD c:/st/stm32cubeide_1.3.0/stm32cubeide/plugins/com.st.stm32cube.ide.mcu.externaltools.gnu-tools-for-stm32.7-2018-q2-update.win32_1.0.0.201904181610/tools/bin/../lib/gcc/arm-none-eabi/7.3.1/../../../../arm-none-eabi/lib/thumb/v7e-m/fpv4-sp/hard\libnosys.a
END GROUP
START GROUP
LOAD c:/st/stm32cubeide_1.3.0/stm32cubeide/plugins/com.st.stm32cube.ide.mcu.externaltools.gnu-tools-for-stm32.7-2018-q2-update.win32_1.0.0.201904181610/tools/bin/../lib/gcc/arm-none-eabi/7.3.1/thumb/v7e-m/fpv4-sp/hard\libgcc.a
LOAD c:/st/stm32cubeide_1.3.0/stm32cubeide/plugins/com.st.stm32cube.ide.mcu.externaltools.gnu-tools-for-stm32.7-2018-q2-update.win32_1.0.0.201904181610/tools/bin/../lib/gcc/arm-none-eabi/7.3.1/../../../../arm-none-eabi/lib/thumb/v7e-m/fpv4-sp/hard\libc_nano.a
LOAD c:/st/stm32cubeide_1.3.0/stm32cubeide/plugins/com.st.stm32cube.ide.mcu.externaltools.gnu-tools-for-stm32.7-2018-q2-update.win32_1.0.0.201904181610/tools/bin/../lib/gcc/arm-none-eabi/7.3.1/../../../../arm-none-eabi/lib/thumb/v7e-m/fpv4-sp/hard\libnosys.a
END GROUP
LOAD c:/st/stm32cubeide_1.3.0/stm32cubeide/plugins/com.st.stm32cube.ide.mcu.externaltools.gnu-tools-for-stm32.7-2018-q2-update.win32_1.0.0.201904181610/tools/bin/../lib/gcc/arm-none-eabi/7.3.1/thumb/v7e-m/fpv4-sp/hard/crtend.o
LOAD c:/st/stm32cubeide_1.3.0/stm32cubeide/plugins/com.st.stm32cube.ide.mcu.externaltools.gnu-tools-for-stm32.7-2018-q2-update.win32_1.0.0.201904181610/tools/bin/../lib/gcc/arm-none-eabi/7.3.1/thumb/v7e-m/fpv4-sp/hard/crtn.o
                0x0000000020020000                _estack = (ORIGIN (RAM) + LENGTH (RAM))
                0x0000000000000200                _Min_Heap_Size = 0x200
                0x0000000000000400                _Min_Stack_Size = 0x400

.isr_vector     0x0000000008000000      0x188
                0x0000000008000000                . = ALIGN (0x4)
 *(.isr_vector)
 .isr_vector    0x0000000008000000      0x188 Core/Startup/startup_stm32f407vgtx.o
                0x0000000008000000                g_pfnVectors
                0x0000000008000188                . = ALIGN (0x4)

.text           0x0000000008000188     0x9880
                0x0000000008000188                . = ALIGN (0x4)
 *(.text)
 .text          0x0000000008000188       0x40 c:/st/stm32cubeide_1.3.0/stm32cubeide/plugins/com.st.stm32cube.ide.mcu.externaltools.gnu-tools-for-stm32.7-2018-q2-update.win32_1.0.0.201904181610/tools/bin/../lib/gcc/arm-none-eabi/7.3.1/thumb/v7e-m/fpv4-sp/hard/crtbegin.o
 .text          0x00000000080001c8       0x14 c:/st/stm32cubeide_1.3.0/stm32cubeide/plugins/com.st.stm32cube.ide.mcu.externaltools.gnu-tools-for-stm32.7-2018-q2-update.win32_1.0.0.201904181610/tools/bin/../lib/gcc/arm-none-eabi/7.3.1/../../../../arm-none-eabi/lib/thumb/v7e-m/fpv4-sp/hard\libc_nano.a(lib_a-strcmp.o)
                0x00000000080001c8                strcmp
 .text          0x00000000080001dc       0x10 c:/st/stm32cubeide_1.3.0/stm32cubeide/plugins/com.st.stm32cube.ide.mcu.externaltools.gnu-tools-for-stm32.7-2018-q2-update.win32_1.0.0.201904181610/tools/bin/../lib/gcc/arm-none-eabi/7.3.1/../../../../arm-none-eabi/lib/thumb/v7e-m/fpv4-sp/hard\libc_nano.a(lib_a-strlen.o)
                0x00000000080001dc                strlen
 .text          0x00000000080001ec       0x30 c:/st/stm32cubeide_1.3.0/stm32cubeide/plugins/com.st.stm32cube.ide.mcu.externaltools.gnu-tools-for-stm32.7-2018-q2-update.win32_1.0.0.201904181610/tools/bin/../lib/gcc/arm-none-eabi/7.3.1/thumb/v7e-m/fpv4-sp/hard\libgcc.a(_aeabi_uldivmod.o)
                0x00000000080001ec                __aeabi_uldivmod
 .text          0x000000000800021c      0x2cc c:/st/stm32cubeide_1.3.0/stm32cubeide/plugins/com.st.stm32cube.ide.mcu.externaltools.gnu-tools-for-stm32.7-2018-q2-update.win32_1.0.0.201904181610/tools/bin/../lib/gcc/arm-none-eabi/7.3.1/thumb/v7e-m/fpv4-sp/hard\libgcc.a(_udivmoddi4.o)
                0x000000000800021c                __udivmoddi4
 .text          0x00000000080004e8        0x4 c:/st/stm32cubeide_1.3.0/stm32cubeide/plugins/com.st.stm32cube.ide.mcu.externaltools.gnu-tools-for-stm32.7-2018-q2-update.win32_1.0.0.201904181610/tools/bin/../lib/gcc/arm-none-eabi/7.3.1/thumb/v7e-m/fpv4-sp/hard\libgcc.a(_dvmd_tls.o)
                0x00000000080004e8                __aeabi_idiv0
                0x00000000080004e8                __aeabi_ldiv0
 *(.text*)
 .text.CS43_Start
                0x00000000080004ec      0x3a0 Core/Src/CS43.o
                0x00000000080004ec                CS43_Start
 .text.setVolume
                0x000000000800088c       0xe0 Core/Src/CS43.o
                0x000000000800088c                setVolume
 .text.SELECT   0x000000000800096c        0xe Core/Src/diskio.o
 .text.DESELECT
                0x000000000800097a        0xe Core/Src/diskio.o
 .text.xmit_spi
                0x0000000008000988       0x34 Core/Src/diskio.o
 .text.rcvr_spi
                0x00000000080009bc       0x3c Core/Src/diskio.o
 .text.rcvr_spi_m
                0x00000000080009f8       0x1c Core/Src/diskio.o
 .text.wait_ready
                0x0000000008000a14       0x38 Core/Src/diskio.o
 .text.power_on
                0x0000000008000a4c       0x9c Core/Src/diskio.o
 .text.power_off
                0x0000000008000ae8       0x18 Core/Src/diskio.o
 .text.chk_power
                0x0000000008000b00       0x18 Core/Src/diskio.o
 .text.rcvr_datablock
                0x0000000008000b18       0x6c Core/Src/diskio.o
 .text.xmit_datablock
                0x0000000008000b84       0xa8 Core/Src/diskio.o
 .text.send_cmd
                0x0000000008000c2c       0xa4 Core/Src/diskio.o
 .text.disk_initialize
                0x0000000008000cd0      0x1d4 Core/Src/diskio.o
                0x0000000008000cd0                disk_initialize
 .text.disk_status
                0x0000000008000ea4       0x2c Core/Src/diskio.o
                0x0000000008000ea4                disk_status
 .text.disk_read
                0x0000000008000ed0       0xd4 Core/Src/diskio.o
                0x0000000008000ed0                disk_read
 .text.disk_write
                0x0000000008000fa4      0x108 Core/Src/diskio.o
                0x0000000008000fa4                disk_write
 .text.disk_ioctl
                0x00000000080010ac      0x300 Core/Src/diskio.o
                0x00000000080010ac                disk_ioctl
 .text.get_fattime
                0x00000000080013ac       0x14 Core/Src/diskio.o
                0x00000000080013ac                get_fattime
 .text.displayInit
                0x00000000080013c0       0xa8 Core/Src/display_control.o
                0x00000000080013c0                displayInit
 .text.open     0x0000000008001468      0x170 Core/Src/display_control.o
                0x0000000008001468                open
 .text.goBack   0x00000000080015d8       0x98 Core/Src/display_control.o
                0x00000000080015d8                goBack
 .text.update   0x0000000008001670      0x10c Core/Src/display_control.o
                0x0000000008001670                update
 .text.scrollDown
                0x000000000800177c       0x40 Core/Src/display_control.o
                0x000000000800177c                scrollDown
 .text.scrollUp
                0x00000000080017bc       0x64 Core/Src/display_control.o
                0x00000000080017bc                scrollUp
 .text.ld_word  0x0000000008001820       0x30 Core/Src/ff.o
 .text.ld_dword
                0x0000000008001850       0x46 Core/Src/ff.o
 .text.st_word  0x0000000008001896       0x36 Core/Src/ff.o
 .text.st_dword
                0x00000000080018cc       0x58 Core/Src/ff.o
 .text.mem_cpy  0x0000000008001924       0x42 Core/Src/ff.o
 .text.mem_set  0x0000000008001966       0x34 Core/Src/ff.o
 .text.mem_cmp  0x000000000800199a       0x4e Core/Src/ff.o
 .text.chk_chr  0x00000000080019e8       0x36 Core/Src/ff.o
 .text.dbc_1st  0x0000000008001a1e       0x40 Core/Src/ff.o
 .text.dbc_2nd  0x0000000008001a5e       0x54 Core/Src/ff.o
 .text.sync_window
                0x0000000008001ab2       0x78 Core/Src/ff.o
 .text.move_window
                0x0000000008001b2a       0x5a Core/Src/ff.o
 .text.sync_fs  0x0000000008001b84       0xdc Core/Src/ff.o
 .text.clst2sect
                0x0000000008001c60       0x3e Core/Src/ff.o
 .text.get_fat  0x0000000008001c9e      0x14a Core/Src/ff.o
 .text.put_fat  0x0000000008001de8      0x1ce Core/Src/ff.o
 .text.remove_chain
                0x0000000008001fb6       0xca Core/Src/ff.o
 .text.create_chain
                0x0000000008002080      0x1a2 Core/Src/ff.o
 .text.dir_clear
                0x0000000008002222       0x90 Core/Src/ff.o
 .text.dir_sdi  0x00000000080022b2       0xf6 Core/Src/ff.o
 .text.dir_next
                0x00000000080023a8      0x12c Core/Src/ff.o
 .text.dir_alloc
                0x00000000080024d4       0x8e Core/Src/ff.o
 .text.ld_clust
                0x0000000008002562       0x3e Core/Src/ff.o
 .text.st_clust
                0x00000000080025a0       0x40 Core/Src/ff.o
 .text.dir_read
                0x00000000080025e0       0xba Core/Src/ff.o
 .text.dir_find
                0x000000000800269a       0xaa Core/Src/ff.o
 .text.dir_register
                0x0000000008002744       0x64 Core/Src/ff.o
 .text.get_fileinfo
                0x00000000080027a8       0xc6 Core/Src/ff.o
 *fill*         0x000000000800286e        0x2 
 .text.create_name
                0x0000000008002870      0x184 Core/Src/ff.o
 .text.follow_path
                0x00000000080029f4       0xde Core/Src/ff.o
 .text.get_ldnumber
                0x0000000008002ad2       0x8a Core/Src/ff.o
 .text.check_fs
                0x0000000008002b5c       0xac Core/Src/ff.o
 .text.find_volume
                0x0000000008002c08      0x4b0 Core/Src/ff.o
 .text.validate
                0x00000000080030b8       0x6a Core/Src/ff.o
 *fill*         0x0000000008003122        0x2 
 .text.f_mount  0x0000000008003124       0x80 Core/Src/ff.o
                0x0000000008003124                f_mount
 .text.f_open   0x00000000080031a4      0x306 Core/Src/ff.o
                0x00000000080031a4                f_open
 .text.f_read   0x00000000080034aa      0x266 Core/Src/ff.o
                0x00000000080034aa                f_read
 .text.f_sync   0x0000000008003710       0xfc Core/Src/ff.o
                0x0000000008003710                f_sync
 .text.f_close  0x000000000800380c       0x40 Core/Src/ff.o
                0x000000000800380c                f_close
 .text.f_lseek  0x000000000800384c      0x25a Core/Src/ff.o
                0x000000000800384c                f_lseek
 .text.f_opendir
                0x0000000008003aa6       0xb2 Core/Src/ff.o
                0x0000000008003aa6                f_opendir
 .text.f_closedir
                0x0000000008003b58       0x30 Core/Src/ff.o
                0x0000000008003b58                f_closedir
 .text.f_readdir
                0x0000000008003b88       0x7a Core/Src/ff.o
                0x0000000008003b88                f_readdir
 *fill*         0x0000000008003c02        0x2 
 .text.scanDir  0x0000000008003c04       0xdc Core/Src/file_system.o
                0x0000000008003c04                scanDir
 .text.openFile
                0x0000000008003ce0       0xb4 Core/Src/file_system.o
                0x0000000008003ce0                openFile
 .text.setUp    0x0000000008003d94      0x15e Core/Src/file_system.o
                0x0000000008003d94                setUp
 .text.readData
                0x0000000008003ef2       0x28 Core/Src/file_system.o
                0x0000000008003ef2                readData
 *fill*         0x0000000008003f1a        0x2 
 .text.fatInit  0x0000000008003f1c       0x24 Core/Src/file_system.o
                0x0000000008003f1c                fatInit
 .text.HAL_TIM_PeriodElapsedCallback
                0x0000000008003f40       0x9c Core/Src/main.o
                0x0000000008003f40                HAL_TIM_PeriodElapsedCallback
 .text.main     0x0000000008003fdc      0x3dc Core/Src/main.o
                0x0000000008003fdc                main
 .text.SystemClock_Config
                0x00000000080043b8      0x100 Core/Src/main.o
                0x00000000080043b8                SystemClock_Config
 .text.MX_I2C1_Init
                0x00000000080044b8       0x5c Core/Src/main.o
 .text.MX_I2S3_Init
                0x0000000008004514       0x5c Core/Src/main.o
 .text.MX_SPI1_Init
                0x0000000008004570       0x6c Core/Src/main.o
 .text.MX_SPI2_Init
                0x00000000080045dc       0x6c Core/Src/main.o
 .text.MX_TIM4_Init
                0x0000000008004648       0x98 Core/Src/main.o
 .text.MX_DMA_Init
                0x00000000080046e0       0xd8 Core/Src/main.o
 .text.MX_GPIO_Init
                0x00000000080047b8      0x188 Core/Src/main.o
 .text.Error_Handler
                0x0000000008004940        0xe Core/Src/main.o
                0x0000000008004940                Error_Handler
 *fill*         0x000000000800494e        0x2 
 .text.ssd1306_Reset
                0x0000000008004950       0x3c Core/Src/ssd1306.o
                0x0000000008004950                ssd1306_Reset
 .text.ssd1306_WriteCommand
                0x000000000800498c       0x48 Core/Src/ssd1306.o
                0x000000000800498c                ssd1306_WriteCommand
 .text.ssd1306_WriteData
                0x00000000080049d4       0x48 Core/Src/ssd1306.o
                0x00000000080049d4                ssd1306_WriteData
 .text.ssd1306_Init
                0x0000000008004a1c       0xdc Core/Src/ssd1306.o
                0x0000000008004a1c                ssd1306_Init
 .text.ssd1306_Fill
                0x0000000008004af8       0x44 Core/Src/ssd1306.o
                0x0000000008004af8                ssd1306_Fill
 .text.ssd1306_UpdateScreen
                0x0000000008004b3c       0x54 Core/Src/ssd1306.o
                0x0000000008004b3c                ssd1306_UpdateScreen
 .text.ssd1306_DrawPixel
                0x0000000008004b90       0xd4 Core/Src/ssd1306.o
                0x0000000008004b90                ssd1306_DrawPixel
 .text.ssd1306_WriteChar
                0x0000000008004c64      0x110 Core/Src/ssd1306.o
                0x0000000008004c64                ssd1306_WriteChar
 .text.ssd1306_WriteString
                0x0000000008004d74       0x4c Core/Src/ssd1306.o
                0x0000000008004d74                ssd1306_WriteString
 .text.ssd1306_SetCursor
                0x0000000008004dc0       0x30 Core/Src/ssd1306.o
                0x0000000008004dc0                ssd1306_SetCursor
 .text.ssd1306_DrawArrowR
                0x0000000008004df0       0x90 Core/Src/ssd1306.o
                0x0000000008004df0                ssd1306_DrawArrowR
 .text.ssd1306_DrawStrLine
                0x0000000008004e80       0x92 Core/Src/ssd1306.o
                0x0000000008004e80                ssd1306_DrawStrLine
 *fill*         0x0000000008004f12        0x2 
 .text.HAL_MspInit
                0x0000000008004f14       0x50 Core/Src/stm32f4xx_hal_msp.o
                0x0000000008004f14                HAL_MspInit
 .text.HAL_I2C_MspInit
                0x0000000008004f64       0x90 Core/Src/stm32f4xx_hal_msp.o
                0x0000000008004f64                HAL_I2C_MspInit
 .text.HAL_I2S_MspInit
                0x0000000008004ff4      0x150 Core/Src/stm32f4xx_hal_msp.o
                0x0000000008004ff4                HAL_I2S_MspInit
 .text.HAL_SPI_MspInit
                0x0000000008005144      0x1b0 Core/Src/stm32f4xx_hal_msp.o
                0x0000000008005144                HAL_SPI_MspInit
 .text.HAL_TIM_Base_MspInit
                0x00000000080052f4       0x50 Core/Src/stm32f4xx_hal_msp.o
                0x00000000080052f4                HAL_TIM_Base_MspInit
 .text.NMI_Handler
                0x0000000008005344        0xe Core/Src/stm32f4xx_it.o
                0x0000000008005344                NMI_Handler
 .text.HardFault_Handler
                0x0000000008005352        0x6 Core/Src/stm32f4xx_it.o
                0x0000000008005352                HardFault_Handler
 .text.MemManage_Handler
                0x0000000008005358        0x6 Core/Src/stm32f4xx_it.o
                0x0000000008005358                MemManage_Handler
 .text.BusFault_Handler
                0x000000000800535e        0x6 Core/Src/stm32f4xx_it.o
                0x000000000800535e                BusFault_Handler
 .text.UsageFault_Handler
                0x0000000008005364        0x6 Core/Src/stm32f4xx_it.o
                0x0000000008005364                UsageFault_Handler
 .text.SVC_Handler
                0x000000000800536a        0xe Core/Src/stm32f4xx_it.o
                0x000000000800536a                SVC_Handler
 .text.DebugMon_Handler
                0x0000000008005378        0xe Core/Src/stm32f4xx_it.o
                0x0000000008005378                DebugMon_Handler
 .text.PendSV_Handler
                0x0000000008005386        0xe Core/Src/stm32f4xx_it.o
                0x0000000008005386                PendSV_Handler
 .text.SysTick_Handler
                0x0000000008005394        0xc Core/Src/stm32f4xx_it.o
                0x0000000008005394                SysTick_Handler
 .text.DMA1_Stream5_IRQHandler
                0x00000000080053a0       0x14 Core/Src/stm32f4xx_it.o
                0x00000000080053a0                DMA1_Stream5_IRQHandler
 .text.TIM4_IRQHandler
                0x00000000080053b4       0x14 Core/Src/stm32f4xx_it.o
                0x00000000080053b4                TIM4_IRQHandler
 .text.DMA2_Stream2_IRQHandler
                0x00000000080053c8       0x14 Core/Src/stm32f4xx_it.o
                0x00000000080053c8                DMA2_Stream2_IRQHandler
 .text._sbrk    0x00000000080053dc       0x58 Core/Src/sysmem.o
                0x00000000080053dc                _sbrk
 .text.SystemInit
                0x0000000008005434       0x2c Core/Src/system_stm32f4xx.o
                0x0000000008005434                SystemInit
 .text.Reset_Handler
                0x0000000008005460       0x50 Core/Startup/startup_stm32f407vgtx.o
                0x0000000008005460                Reset_Handler
 .text.Default_Handler
                0x00000000080054b0        0x2 Core/Startup/startup_stm32f407vgtx.o
                0x00000000080054b0                RTC_Alarm_IRQHandler
                0x00000000080054b0                HASH_RNG_IRQHandler
                0x00000000080054b0                EXTI2_IRQHandler
                0x00000000080054b0                TIM8_CC_IRQHandler
                0x00000000080054b0                TIM1_CC_IRQHandler
                0x00000000080054b0                DMA2_Stream5_IRQHandler
                0x00000000080054b0                PVD_IRQHandler
                0x00000000080054b0                SDIO_IRQHandler
                0x00000000080054b0                TAMP_STAMP_IRQHandler
                0x00000000080054b0                CAN2_RX1_IRQHandler
                0x00000000080054b0                EXTI3_IRQHandler
                0x00000000080054b0                TIM8_TRG_COM_TIM14_IRQHandler
                0x00000000080054b0                TIM1_UP_TIM10_IRQHandler
                0x00000000080054b0                TIM8_UP_TIM13_IRQHandler
                0x00000000080054b0                I2C3_ER_IRQHandler
                0x00000000080054b0                EXTI0_IRQHandler
                0x00000000080054b0                I2C2_EV_IRQHandler
                0x00000000080054b0                DMA1_Stream2_IRQHandler
                0x00000000080054b0                CAN1_RX0_IRQHandler
                0x00000000080054b0                FPU_IRQHandler
                0x00000000080054b0                OTG_HS_WKUP_IRQHandler
                0x00000000080054b0                CAN2_SCE_IRQHandler
                0x00000000080054b0                SPI1_IRQHandler
                0x00000000080054b0                TIM6_DAC_IRQHandler
                0x00000000080054b0                TIM1_BRK_TIM9_IRQHandler
                0x00000000080054b0                DCMI_IRQHandler
                0x00000000080054b0                CAN2_RX0_IRQHandler
                0x00000000080054b0                DMA2_Stream3_IRQHandler
                0x00000000080054b0                USART6_IRQHandler
                0x00000000080054b0                USART3_IRQHandler
                0x00000000080054b0                CAN1_RX1_IRQHandler
                0x00000000080054b0                UART5_IRQHandler
                0x00000000080054b0                DMA2_Stream0_IRQHandler
                0x00000000080054b0                I2C1_EV_IRQHandler
                0x00000000080054b0                DMA1_Stream6_IRQHandler
                0x00000000080054b0                DMA1_Stream1_IRQHandler
                0x00000000080054b0                UART4_IRQHandler
                0x00000000080054b0                TIM3_IRQHandler
                0x00000000080054b0                RCC_IRQHandler
                0x00000000080054b0                TIM8_BRK_TIM12_IRQHandler
                0x00000000080054b0                Default_Handler
                0x00000000080054b0                EXTI15_10_IRQHandler
                0x00000000080054b0                ADC_IRQHandler
                0x00000000080054b0                DMA1_Stream7_IRQHandler
                0x00000000080054b0                TIM7_IRQHandler
                0x00000000080054b0                CAN2_TX_IRQHandler
                0x00000000080054b0                TIM5_IRQHandler
                0x00000000080054b0                DMA2_Stream7_IRQHandler
                0x00000000080054b0                I2C3_EV_IRQHandler
                0x00000000080054b0                EXTI9_5_IRQHandler
                0x00000000080054b0                RTC_WKUP_IRQHandler
                0x00000000080054b0                ETH_WKUP_IRQHandler
                0x00000000080054b0                SPI2_IRQHandler
                0x00000000080054b0                OTG_HS_EP1_IN_IRQHandler
                0x00000000080054b0                DMA1_Stream0_IRQHandler
                0x00000000080054b0                CAN1_TX_IRQHandler
                0x00000000080054b0                EXTI4_IRQHandler
                0x00000000080054b0                FSMC_IRQHandler
                0x00000000080054b0                ETH_IRQHandler
                0x00000000080054b0                OTG_HS_EP1_OUT_IRQHandler
                0x00000000080054b0                WWDG_IRQHandler
                0x00000000080054b0                TIM2_IRQHandler
                0x00000000080054b0                OTG_FS_WKUP_IRQHandler
                0x00000000080054b0                TIM1_TRG_COM_TIM11_IRQHandler
                0x00000000080054b0                OTG_HS_IRQHandler
                0x00000000080054b0                EXTI1_IRQHandler
                0x00000000080054b0                USART2_IRQHandler
                0x00000000080054b0                I2C2_ER_IRQHandler
                0x00000000080054b0                DMA2_Stream1_IRQHandler
                0x00000000080054b0                CAN1_SCE_IRQHandler
                0x00000000080054b0                FLASH_IRQHandler
                0x00000000080054b0                DMA2_Stream4_IRQHandler
                0x00000000080054b0                USART1_IRQHandler
                0x00000000080054b0                OTG_FS_IRQHandler
                0x00000000080054b0                SPI3_IRQHandler
                0x00000000080054b0                DMA1_Stream4_IRQHandler
                0x00000000080054b0                I2C1_ER_IRQHandler
                0x00000000080054b0                DMA2_Stream6_IRQHandler
                0x00000000080054b0                DMA1_Stream3_IRQHandler
 *fill*         0x00000000080054b2        0x2 
 .text.HAL_Init
                0x00000000080054b4       0x44 Drivers/STM32F4xx_HAL_Driver/Src/stm32f4xx_hal.o
                0x00000000080054b4                HAL_Init
 .text.HAL_InitTick
                0x00000000080054f8       0x60 Drivers/STM32F4xx_HAL_Driver/Src/stm32f4xx_hal.o
                0x00000000080054f8                HAL_InitTick
 .text.HAL_IncTick
                0x0000000008005558       0x28 Drivers/STM32F4xx_HAL_Driver/Src/stm32f4xx_hal.o
                0x0000000008005558                HAL_IncTick
 .text.HAL_GetTick
                0x0000000008005580       0x18 Drivers/STM32F4xx_HAL_Driver/Src/stm32f4xx_hal.o
                0x0000000008005580                HAL_GetTick
 .text.HAL_Delay
                0x0000000008005598       0x44 Drivers/STM32F4xx_HAL_Driver/Src/stm32f4xx_hal.o
                0x0000000008005598                HAL_Delay
 .text.__NVIC_SetPriorityGrouping
                0x00000000080055dc       0x48 Drivers/STM32F4xx_HAL_Driver/Src/stm32f4xx_hal_cortex.o
 .text.__NVIC_GetPriorityGrouping
                0x0000000008005624       0x1c Drivers/STM32F4xx_HAL_Driver/Src/stm32f4xx_hal_cortex.o
 .text.__NVIC_EnableIRQ
                0x0000000008005640       0x3c Drivers/STM32F4xx_HAL_Driver/Src/stm32f4xx_hal_cortex.o
 .text.__NVIC_SetPriority
                0x000000000800567c       0x54 Drivers/STM32F4xx_HAL_Driver/Src/stm32f4xx_hal_cortex.o
 .text.NVIC_EncodePriority
                0x00000000080056d0       0x66 Drivers/STM32F4xx_HAL_Driver/Src/stm32f4xx_hal_cortex.o
 *fill*         0x0000000008005736        0x2 
 .text.SysTick_Config
                0x0000000008005738       0x44 Drivers/STM32F4xx_HAL_Driver/Src/stm32f4xx_hal_cortex.o
 .text.HAL_NVIC_SetPriorityGrouping
                0x000000000800577c       0x16 Drivers/STM32F4xx_HAL_Driver/Src/stm32f4xx_hal_cortex.o
                0x000000000800577c                HAL_NVIC_SetPriorityGrouping
 .text.HAL_NVIC_SetPriority
                0x0000000008005792       0x38 Drivers/STM32F4xx_HAL_Driver/Src/stm32f4xx_hal_cortex.o
                0x0000000008005792                HAL_NVIC_SetPriority
 .text.HAL_NVIC_EnableIRQ
                0x00000000080057ca       0x1c Drivers/STM32F4xx_HAL_Driver/Src/stm32f4xx_hal_cortex.o
                0x00000000080057ca                HAL_NVIC_EnableIRQ
 .text.HAL_SYSTICK_Config
                0x00000000080057e6       0x18 Drivers/STM32F4xx_HAL_Driver/Src/stm32f4xx_hal_cortex.o
                0x00000000080057e6                HAL_SYSTICK_Config
 *fill*         0x00000000080057fe        0x2 
 .text.HAL_DMA_Init
                0x0000000008005800      0x15c Drivers/STM32F4xx_HAL_Driver/Src/stm32f4xx_hal_dma.o
                0x0000000008005800                HAL_DMA_Init
 .text.HAL_DMA_Start_IT
                0x000000000800595c       0xb0 Drivers/STM32F4xx_HAL_Driver/Src/stm32f4xx_hal_dma.o
                0x000000000800595c                HAL_DMA_Start_IT
 .text.HAL_DMA_IRQHandler
                0x0000000008005a0c      0x314 Drivers/STM32F4xx_HAL_Driver/Src/stm32f4xx_hal_dma.o
                0x0000000008005a0c                HAL_DMA_IRQHandler
 .text.DMA_SetConfig
                0x0000000008005d20       0x5c Drivers/STM32F4xx_HAL_Driver/Src/stm32f4xx_hal_dma.o
 .text.DMA_CalcBaseAndBitshift
                0x0000000008005d7c       0x6c Drivers/STM32F4xx_HAL_Driver/Src/stm32f4xx_hal_dma.o
 .text.DMA_CheckFifoParam
                0x0000000008005de8       0xf4 Drivers/STM32F4xx_HAL_Driver/Src/stm32f4xx_hal_dma.o
 .text.HAL_GPIO_Init
                0x0000000008005edc      0x334 Drivers/STM32F4xx_HAL_Driver/Src/stm32f4xx_hal_gpio.o
                0x0000000008005edc                HAL_GPIO_Init
 .text.HAL_GPIO_ReadPin
                0x0000000008006210       0x30 Drivers/STM32F4xx_HAL_Driver/Src/stm32f4xx_hal_gpio.o
                0x0000000008006210                HAL_GPIO_ReadPin
 .text.HAL_GPIO_WritePin
                0x0000000008006240       0x32 Drivers/STM32F4xx_HAL_Driver/Src/stm32f4xx_hal_gpio.o
                0x0000000008006240                HAL_GPIO_WritePin
 .text.HAL_GPIO_TogglePin
                0x0000000008006272       0x36 Drivers/STM32F4xx_HAL_Driver/Src/stm32f4xx_hal_gpio.o
                0x0000000008006272                HAL_GPIO_TogglePin
 .text.HAL_I2C_Init
                0x00000000080062a8      0x270 Drivers/STM32F4xx_HAL_Driver/Src/stm32f4xx_hal_i2c.o
                0x00000000080062a8                HAL_I2C_Init
 .text.HAL_I2C_Mem_Write
                0x0000000008006518      0x1f4 Drivers/STM32F4xx_HAL_Driver/Src/stm32f4xx_hal_i2c.o
                0x0000000008006518                HAL_I2C_Mem_Write
 .text.HAL_I2C_Mem_Read
                0x000000000800670c      0x44c Drivers/STM32F4xx_HAL_Driver/Src/stm32f4xx_hal_i2c.o
                0x000000000800670c                HAL_I2C_Mem_Read
 .text.I2C_RequestMemoryWrite
                0x0000000008006b58      0x128 Drivers/STM32F4xx_HAL_Driver/Src/stm32f4xx_hal_i2c.o
 .text.I2C_RequestMemoryRead
                0x0000000008006c80      0x1cc Drivers/STM32F4xx_HAL_Driver/Src/stm32f4xx_hal_i2c.o
 .text.I2C_WaitOnFlagUntilTimeout
                0x0000000008006e4c       0xae Drivers/STM32F4xx_HAL_Driver/Src/stm32f4xx_hal_i2c.o
 .text.I2C_WaitOnMasterAddressFlagUntilTimeout
                0x0000000008006efa       0xfe Drivers/STM32F4xx_HAL_Driver/Src/stm32f4xx_hal_i2c.o
 .text.I2C_WaitOnTXEFlagUntilTimeout
                0x0000000008006ff8       0x82 Drivers/STM32F4xx_HAL_Driver/Src/stm32f4xx_hal_i2c.o
 .text.I2C_WaitOnBTFFlagUntilTimeout
                0x000000000800707a       0x82 Drivers/STM32F4xx_HAL_Driver/Src/stm32f4xx_hal_i2c.o
 .text.I2C_WaitOnRXNEFlagUntilTimeout
                0x00000000080070fc       0xac Drivers/STM32F4xx_HAL_Driver/Src/stm32f4xx_hal_i2c.o
 .text.I2C_IsAcknowledgeFailed
                0x00000000080071a8       0x5e Drivers/STM32F4xx_HAL_Driver/Src/stm32f4xx_hal_i2c.o
 *fill*         0x0000000008007206        0x2 
 .text.HAL_I2S_Init
                0x0000000008007208      0x280 Drivers/STM32F4xx_HAL_Driver/Src/stm32f4xx_hal_i2s.o
                0x0000000008007208                HAL_I2S_Init
 .text.HAL_I2S_Transmit_DMA
                0x0000000008007488      0x150 Drivers/STM32F4xx_HAL_Driver/Src/stm32f4xx_hal_i2s.o
                0x0000000008007488                HAL_I2S_Transmit_DMA
 .text.HAL_I2S_TxHalfCpltCallback
                0x00000000080075d8       0x14 Drivers/STM32F4xx_HAL_Driver/Src/stm32f4xx_hal_i2s.o
                0x00000000080075d8                HAL_I2S_TxHalfCpltCallback
 .text.HAL_I2S_TxCpltCallback
                0x00000000080075ec       0x14 Drivers/STM32F4xx_HAL_Driver/Src/stm32f4xx_hal_i2s.o
                0x00000000080075ec                HAL_I2S_TxCpltCallback
 .text.HAL_I2S_RxCpltCallback
                0x0000000008007600       0x14 Drivers/STM32F4xx_HAL_Driver/Src/stm32f4xx_hal_i2s.o
                0x0000000008007600                HAL_I2S_RxCpltCallback
 .text.HAL_I2S_ErrorCallback
                0x0000000008007614       0x14 Drivers/STM32F4xx_HAL_Driver/Src/stm32f4xx_hal_i2s.o
                0x0000000008007614                HAL_I2S_ErrorCallback
 .text.HAL_I2S_GetState
                0x0000000008007628       0x1c Drivers/STM32F4xx_HAL_Driver/Src/stm32f4xx_hal_i2s.o
                0x0000000008007628                HAL_I2S_GetState
 .text.I2S_DMATxCplt
                0x0000000008007644       0x42 Drivers/STM32F4xx_HAL_Driver/Src/stm32f4xx_hal_i2s.o
 .text.I2S_DMATxHalfCplt
                0x0000000008007686       0x1c Drivers/STM32F4xx_HAL_Driver/Src/stm32f4xx_hal_i2s.o
 .text.I2S_DMAError
                0x00000000080076a2       0x4c Drivers/STM32F4xx_HAL_Driver/Src/stm32f4xx_hal_i2s.o
 .text.I2S_Transmit_IT
                0x00000000080076ee       0x5c Drivers/STM32F4xx_HAL_Driver/Src/stm32f4xx_hal_i2s.o
 .text.I2S_Receive_IT
                0x000000000800774a       0x5e Drivers/STM32F4xx_HAL_Driver/Src/stm32f4xx_hal_i2s.o
 .text.I2S_IRQHandler
                0x00000000080077a8      0x114 Drivers/STM32F4xx_HAL_Driver/Src/stm32f4xx_hal_i2s.o
 .text.HAL_I2SEx_FullDuplex_IRQHandler
                0x00000000080078bc      0x2a8 Drivers/STM32F4xx_HAL_Driver/Src/stm32f4xx_hal_i2s_ex.o
                0x00000000080078bc                HAL_I2SEx_FullDuplex_IRQHandler
 .text.HAL_I2SEx_TxRxCpltCallback
                0x0000000008007b64       0x14 Drivers/STM32F4xx_HAL_Driver/Src/stm32f4xx_hal_i2s_ex.o
                0x0000000008007b64                HAL_I2SEx_TxRxCpltCallback
 .text.I2SEx_TxISR_I2S
                0x0000000008007b78       0x62 Drivers/STM32F4xx_HAL_Driver/Src/stm32f4xx_hal_i2s_ex.o
 *fill*         0x0000000008007bda        0x2 
 .text.I2SEx_TxISR_I2SExt
                0x0000000008007bdc       0x98 Drivers/STM32F4xx_HAL_Driver/Src/stm32f4xx_hal_i2s_ex.o
 .text.I2SEx_RxISR_I2S
                0x0000000008007c74       0x64 Drivers/STM32F4xx_HAL_Driver/Src/stm32f4xx_hal_i2s_ex.o
 .text.I2SEx_RxISR_I2SExt
                0x0000000008007cd8       0x98 Drivers/STM32F4xx_HAL_Driver/Src/stm32f4xx_hal_i2s_ex.o
 .text.HAL_RCC_OscConfig
                0x0000000008007d70      0x4e0 Drivers/STM32F4xx_HAL_Driver/Src/stm32f4xx_hal_rcc.o
                0x0000000008007d70                HAL_RCC_OscConfig
 .text.HAL_RCC_ClockConfig
                0x0000000008008250      0x1cc Drivers/STM32F4xx_HAL_Driver/Src/stm32f4xx_hal_rcc.o
                0x0000000008008250                HAL_RCC_ClockConfig
 .text.HAL_RCC_GetSysClockFreq
                0x000000000800841c      0x1b0 Drivers/STM32F4xx_HAL_Driver/Src/stm32f4xx_hal_rcc.o
                0x000000000800841c                HAL_RCC_GetSysClockFreq
 .text.HAL_RCC_GetHCLKFreq
                0x00000000080085cc       0x18 Drivers/STM32F4xx_HAL_Driver/Src/stm32f4xx_hal_rcc.o
                0x00000000080085cc                HAL_RCC_GetHCLKFreq
 .text.HAL_RCC_GetPCLK1Freq
                0x00000000080085e4       0x28 Drivers/STM32F4xx_HAL_Driver/Src/stm32f4xx_hal_rcc.o
                0x00000000080085e4                HAL_RCC_GetPCLK1Freq
 .text.HAL_RCCEx_PeriphCLKConfig
                0x000000000800860c      0x1c4 Drivers/STM32F4xx_HAL_Driver/Src/stm32f4xx_hal_rcc_ex.o
                0x000000000800860c                HAL_RCCEx_PeriphCLKConfig
 .text.HAL_RCCEx_GetPeriphCLKFreq
                0x00000000080087d0       0xb8 Drivers/STM32F4xx_HAL_Driver/Src/stm32f4xx_hal_rcc_ex.o
                0x00000000080087d0                HAL_RCCEx_GetPeriphCLKFreq
 .text.HAL_SPI_Init
                0x0000000008008888       0xc8 Drivers/STM32F4xx_HAL_Driver/Src/stm32f4xx_hal_spi.o
                0x0000000008008888                HAL_SPI_Init
 .text.HAL_SPI_Transmit
                0x0000000008008950      0x268 Drivers/STM32F4xx_HAL_Driver/Src/stm32f4xx_hal_spi.o
                0x0000000008008950                HAL_SPI_Transmit
 .text.HAL_SPI_TransmitReceive
                0x0000000008008bb8      0x344 Drivers/STM32F4xx_HAL_Driver/Src/stm32f4xx_hal_spi.o
                0x0000000008008bb8                HAL_SPI_TransmitReceive
 .text.HAL_SPI_GetState
                0x0000000008008efc       0x1c Drivers/STM32F4xx_HAL_Driver/Src/stm32f4xx_hal_spi.o
                0x0000000008008efc                HAL_SPI_GetState
 .text.SPI_WaitFlagStateUntilTimeout
                0x0000000008008f18       0xd4 Drivers/STM32F4xx_HAL_Driver/Src/stm32f4xx_hal_spi.o
 .text.SPI_EndRxTxTransaction
                0x0000000008008fec       0x84 Drivers/STM32F4xx_HAL_Driver/Src/stm32f4xx_hal_spi.o
 .text.HAL_TIM_Base_Init
                0x0000000008009070       0x56 Drivers/STM32F4xx_HAL_Driver/Src/stm32f4xx_hal_tim.o
                0x0000000008009070                HAL_TIM_Base_Init
 .text.HAL_TIM_IRQHandler
                0x00000000080090c6      0x210 Drivers/STM32F4xx_HAL_Driver/Src/stm32f4xx_hal_tim.o
                0x00000000080090c6                HAL_TIM_IRQHandler
 .text.HAL_TIM_ConfigClockSource
                0x00000000080092d6      0x16e Drivers/STM32F4xx_HAL_Driver/Src/stm32f4xx_hal_tim.o
                0x00000000080092d6                HAL_TIM_ConfigClockSource
 .text.HAL_TIM_OC_DelayElapsedCallback
                0x0000000008009444       0x14 Drivers/STM32F4xx_HAL_Driver/Src/stm32f4xx_hal_tim.o
                0x0000000008009444                HAL_TIM_OC_DelayElapsedCallback
 .text.HAL_TIM_IC_CaptureCallback
                0x0000000008009458       0x14 Drivers/STM32F4xx_HAL_Driver/Src/stm32f4xx_hal_tim.o
                0x0000000008009458                HAL_TIM_IC_CaptureCallback
 .text.HAL_TIM_PWM_PulseFinishedCallback
                0x000000000800946c       0x14 Drivers/STM32F4xx_HAL_Driver/Src/stm32f4xx_hal_tim.o
                0x000000000800946c                HAL_TIM_PWM_PulseFinishedCallback
 .text.HAL_TIM_TriggerCallback
                0x0000000008009480       0x14 Drivers/STM32F4xx_HAL_Driver/Src/stm32f4xx_hal_tim.o
                0x0000000008009480                HAL_TIM_TriggerCallback
 .text.TIM_Base_SetConfig
                0x0000000008009494      0x140 Drivers/STM32F4xx_HAL_Driver/Src/stm32f4xx_hal_tim.o
                0x0000000008009494                TIM_Base_SetConfig
 .text.TIM_TI1_ConfigInputStage
                0x00000000080095d4       0x5e Drivers/STM32F4xx_HAL_Driver/Src/stm32f4xx_hal_tim.o
 .text.TIM_TI2_ConfigInputStage
                0x0000000008009632       0x60 Drivers/STM32F4xx_HAL_Driver/Src/stm32f4xx_hal_tim.o
 .text.TIM_ITRx_SetConfig
                0x0000000008009692       0x36 Drivers/STM32F4xx_HAL_Driver/Src/stm32f4xx_hal_tim.o
 .text.TIM_ETR_SetConfig
                0x00000000080096c8       0x40 Drivers/STM32F4xx_HAL_Driver/Src/stm32f4xx_hal_tim.o
                0x00000000080096c8                TIM_ETR_SetConfig
 .text.HAL_TIMEx_MasterConfigSynchronization
                0x0000000008009708       0xf8 Drivers/STM32F4xx_HAL_Driver/Src/stm32f4xx_hal_tim_ex.o
                0x0000000008009708                HAL_TIMEx_MasterConfigSynchronization
 .text.HAL_TIMEx_CommutCallback
                0x0000000008009800       0x14 Drivers/STM32F4xx_HAL_Driver/Src/stm32f4xx_hal_tim_ex.o
                0x0000000008009800                HAL_TIMEx_CommutCallback
 .text.HAL_TIMEx_BreakCallback
                0x0000000008009814       0x14 Drivers/STM32F4xx_HAL_Driver/Src/stm32f4xx_hal_tim_ex.o
                0x0000000008009814                HAL_TIMEx_BreakCallback
 .text.__errno  0x0000000008009828        0xc c:/st/stm32cubeide_1.3.0/stm32cubeide/plugins/com.st.stm32cube.ide.mcu.externaltools.gnu-tools-for-stm32.7-2018-q2-update.win32_1.0.0.201904181610/tools/bin/../lib/gcc/arm-none-eabi/7.3.1/../../../../arm-none-eabi/lib/thumb/v7e-m/fpv4-sp/hard\libc_nano.a(lib_a-errno.o)
                0x0000000008009828                __errno
 .text.__libc_init_array
                0x0000000008009834       0x48 c:/st/stm32cubeide_1.3.0/stm32cubeide/plugins/com.st.stm32cube.ide.mcu.externaltools.gnu-tools-for-stm32.7-2018-q2-update.win32_1.0.0.201904181610/tools/bin/../lib/gcc/arm-none-eabi/7.3.1/../../../../arm-none-eabi/lib/thumb/v7e-m/fpv4-sp/hard\libc_nano.a(lib_a-init.o)
                0x0000000008009834                __libc_init_array
 .text.malloc   0x000000000800987c       0x10 c:/st/stm32cubeide_1.3.0/stm32cubeide/plugins/com.st.stm32cube.ide.mcu.externaltools.gnu-tools-for-stm32.7-2018-q2-update.win32_1.0.0.201904181610/tools/bin/../lib/gcc/arm-none-eabi/7.3.1/../../../../arm-none-eabi/lib/thumb/v7e-m/fpv4-sp/hard\libc_nano.a(lib_a-malloc.o)
                0x000000000800987c                malloc
 .text.memset   0x000000000800988c       0x10 c:/st/stm32cubeide_1.3.0/stm32cubeide/plugins/com.st.stm32cube.ide.mcu.externaltools.gnu-tools-for-stm32.7-2018-q2-update.win32_1.0.0.201904181610/tools/bin/../lib/gcc/arm-none-eabi/7.3.1/../../../../arm-none-eabi/lib/thumb/v7e-m/fpv4-sp/hard\libc_nano.a(lib_a-memset.o)
                0x000000000800988c                memset
 .text._malloc_r
                0x000000000800989c       0xb4 c:/st/stm32cubeide_1.3.0/stm32cubeide/plugins/com.st.stm32cube.ide.mcu.externaltools.gnu-tools-for-stm32.7-2018-q2-update.win32_1.0.0.201904181610/tools/bin/../lib/gcc/arm-none-eabi/7.3.1/../../../../arm-none-eabi/lib/thumb/v7e-m/fpv4-sp/hard\libc_nano.a(lib_a-nano-mallocr.o)
                0x000000000800989c                _malloc_r
 .text._sbrk_r  0x0000000008009950       0x20 c:/st/stm32cubeide_1.3.0/stm32cubeide/plugins/com.st.stm32cube.ide.mcu.externaltools.gnu-tools-for-stm32.7-2018-q2-update.win32_1.0.0.201904181610/tools/bin/../lib/gcc/arm-none-eabi/7.3.1/../../../../arm-none-eabi/lib/thumb/v7e-m/fpv4-sp/hard\libc_nano.a(lib_a-sbrkr.o)
                0x0000000008009950                _sbrk_r
 .text.strcat   0x0000000008009970       0x1e c:/st/stm32cubeide_1.3.0/stm32cubeide/plugins/com.st.stm32cube.ide.mcu.externaltools.gnu-tools-for-stm32.7-2018-q2-update.win32_1.0.0.201904181610/tools/bin/../lib/gcc/arm-none-eabi/7.3.1/../../../../arm-none-eabi/lib/thumb/v7e-m/fpv4-sp/hard\libc_nano.a(lib_a-strcat.o)
                0x0000000008009970                strcat
 .text.strcpy   0x000000000800998e       0x10 c:/st/stm32cubeide_1.3.0/stm32cubeide/plugins/com.st.stm32cube.ide.mcu.externaltools.gnu-tools-for-stm32.7-2018-q2-update.win32_1.0.0.201904181610/tools/bin/../lib/gcc/arm-none-eabi/7.3.1/../../../../arm-none-eabi/lib/thumb/v7e-m/fpv4-sp/hard\libc_nano.a(lib_a-strcpy.o)
                0x000000000800998e                strcpy
 *fill*         0x000000000800999e        0x2 
 .text.strdup   0x00000000080099a0       0x10 c:/st/stm32cubeide_1.3.0/stm32cubeide/plugins/com.st.stm32cube.ide.mcu.externaltools.gnu-tools-for-stm32.7-2018-q2-update.win32_1.0.0.201904181610/tools/bin/../lib/gcc/arm-none-eabi/7.3.1/../../../../arm-none-eabi/lib/thumb/v7e-m/fpv4-sp/hard\libc_nano.a(lib_a-strdup.o)
                0x00000000080099a0                strdup
 .text._strdup_r
                0x00000000080099b0       0x26 c:/st/stm32cubeide_1.3.0/stm32cubeide/plugins/com.st.stm32cube.ide.mcu.externaltools.gnu-tools-for-stm32.7-2018-q2-update.win32_1.0.0.201904181610/tools/bin/../lib/gcc/arm-none-eabi/7.3.1/../../../../arm-none-eabi/lib/thumb/v7e-m/fpv4-sp/hard\libc_nano.a(lib_a-strdup_r.o)
                0x00000000080099b0                _strdup_r
 .text.memcpy   0x00000000080099d6       0x16 c:/st/stm32cubeide_1.3.0/stm32cubeide/plugins/com.st.stm32cube.ide.mcu.externaltools.gnu-tools-for-stm32.7-2018-q2-update.win32_1.0.0.201904181610/tools/bin/../lib/gcc/arm-none-eabi/7.3.1/../../../../arm-none-eabi/lib/thumb/v7e-m/fpv4-sp/hard\libc_nano.a(lib_a-memcpy-stub.o)
                0x00000000080099d6                memcpy
 .text.__malloc_lock
                0x00000000080099ec        0x2 c:/st/stm32cubeide_1.3.0/stm32cubeide/plugins/com.st.stm32cube.ide.mcu.externaltools.gnu-tools-for-stm32.7-2018-q2-update.win32_1.0.0.201904181610/tools/bin/../lib/gcc/arm-none-eabi/7.3.1/../../../../arm-none-eabi/lib/thumb/v7e-m/fpv4-sp/hard\libc_nano.a(lib_a-mlock.o)
                0x00000000080099ec                __malloc_lock
 .text.__malloc_unlock
                0x00000000080099ee        0x2 c:/st/stm32cubeide_1.3.0/stm32cubeide/plugins/com.st.stm32cube.ide.mcu.externaltools.gnu-tools-for-stm32.7-2018-q2-update.win32_1.0.0.201904181610/tools/bin/../lib/gcc/arm-none-eabi/7.3.1/../../../../arm-none-eabi/lib/thumb/v7e-m/fpv4-sp/hard\libc_nano.a(lib_a-mlock.o)
                0x00000000080099ee                __malloc_unlock
 *(.glue_7)
 .glue_7        0x00000000080099f0        0x0 linker stubs
 *(.glue_7t)
 .glue_7t       0x00000000080099f0        0x0 linker stubs
 *(.eh_frame)
 .eh_frame      0x00000000080099f0        0x0 c:/st/stm32cubeide_1.3.0/stm32cubeide/plugins/com.st.stm32cube.ide.mcu.externaltools.gnu-tools-for-stm32.7-2018-q2-update.win32_1.0.0.201904181610/tools/bin/../lib/gcc/arm-none-eabi/7.3.1/thumb/v7e-m/fpv4-sp/hard/crtbegin.o
 *(.init)
 .init          0x00000000080099f0        0x4 c:/st/stm32cubeide_1.3.0/stm32cubeide/plugins/com.st.stm32cube.ide.mcu.externaltools.gnu-tools-for-stm32.7-2018-q2-update.win32_1.0.0.201904181610/tools/bin/../lib/gcc/arm-none-eabi/7.3.1/thumb/v7e-m/fpv4-sp/hard/crti.o
                0x00000000080099f0                _init
 .init          0x00000000080099f4        0x8 c:/st/stm32cubeide_1.3.0/stm32cubeide/plugins/com.st.stm32cube.ide.mcu.externaltools.gnu-tools-for-stm32.7-2018-q2-update.win32_1.0.0.201904181610/tools/bin/../lib/gcc/arm-none-eabi/7.3.1/thumb/v7e-m/fpv4-sp/hard/crtn.o
 *(.fini)
 .fini          0x00000000080099fc        0x4 c:/st/stm32cubeide_1.3.0/stm32cubeide/plugins/com.st.stm32cube.ide.mcu.externaltools.gnu-tools-for-stm32.7-2018-q2-update.win32_1.0.0.201904181610/tools/bin/../lib/gcc/arm-none-eabi/7.3.1/thumb/v7e-m/fpv4-sp/hard/crti.o
                0x00000000080099fc                _fini
 .fini          0x0000000008009a00        0x8 c:/st/stm32cubeide_1.3.0/stm32cubeide/plugins/com.st.stm32cube.ide.mcu.externaltools.gnu-tools-for-stm32.7-2018-q2-update.win32_1.0.0.201904181610/tools/bin/../lib/gcc/arm-none-eabi/7.3.1/thumb/v7e-m/fpv4-sp/hard/crtn.o
                0x0000000008009a08                . = ALIGN (0x4)
                0x0000000008009a08                _etext = .

.vfp11_veneer   0x0000000008009a08        0x0
 .vfp11_veneer  0x0000000008009a08        0x0 linker stubs

.v4_bx          0x0000000008009a08        0x0
 .v4_bx         0x0000000008009a08        0x0 linker stubs

.iplt           0x0000000008009a08        0x0
 .iplt          0x0000000008009a08        0x0 c:/st/stm32cubeide_1.3.0/stm32cubeide/plugins/com.st.stm32cube.ide.mcu.externaltools.gnu-tools-for-stm32.7-2018-q2-update.win32_1.0.0.201904181610/tools/bin/../lib/gcc/arm-none-eabi/7.3.1/thumb/v7e-m/fpv4-sp/hard/crtbegin.o

.rodata         0x0000000008009a08      0x66c
                0x0000000008009a08                . = ALIGN (0x4)
 *(.rodata)
 .rodata        0x0000000008009a08       0x16 Core/Src/display_control.o
 *fill*         0x0000000008009a1e        0x2 
 .rodata        0x0000000008009a20       0x1a Core/Src/ff.o
 *fill*         0x0000000008009a3a        0x2 
 .rodata        0x0000000008009a3c       0x19 Core/Src/file_system.o
 *fill*         0x0000000008009a55        0x3 
 .rodata        0x0000000008009a58        0xb Core/Src/main.o
 *(.rodata*)
 *fill*         0x0000000008009a63        0x1 
 .rodata.Font6x8
                0x0000000008009a64      0x5f0 Core/Src/ssd1306_fonts.o
 .rodata.AHBPrescTable
                0x000000000800a054       0x10 Core/Src/system_stm32f4xx.o
                0x000000000800a054                AHBPrescTable
 .rodata.APBPrescTable
                0x000000000800a064        0x8 Core/Src/system_stm32f4xx.o
                0x000000000800a064                APBPrescTable
 .rodata.flagBitshiftOffset.8476
                0x000000000800a06c        0x8 Drivers/STM32F4xx_HAL_Driver/Src/stm32f4xx_hal_dma.o
                0x000000000800a074                . = ALIGN (0x4)

.ARM.extab      0x000000000800a074        0x0
                0x000000000800a074                . = ALIGN (0x4)
 *(.ARM.extab* .gnu.linkonce.armextab.*)
                0x000000000800a074                . = ALIGN (0x4)

.ARM            0x000000000800a074        0x8
                0x000000000800a074                . = ALIGN (0x4)
                0x000000000800a074                __exidx_start = .
 *(.ARM.exidx*)
 .ARM.exidx     0x000000000800a074        0x8 c:/st/stm32cubeide_1.3.0/stm32cubeide/plugins/com.st.stm32cube.ide.mcu.externaltools.gnu-tools-for-stm32.7-2018-q2-update.win32_1.0.0.201904181610/tools/bin/../lib/gcc/arm-none-eabi/7.3.1/thumb/v7e-m/fpv4-sp/hard\libgcc.a(_udivmoddi4.o)
                0x000000000800a07c                __exidx_end = .
                0x000000000800a07c                . = ALIGN (0x4)

.rel.dyn        0x000000000800a07c        0x0
 .rel.iplt      0x000000000800a07c        0x0 c:/st/stm32cubeide_1.3.0/stm32cubeide/plugins/com.st.stm32cube.ide.mcu.externaltools.gnu-tools-for-stm32.7-2018-q2-update.win32_1.0.0.201904181610/tools/bin/../lib/gcc/arm-none-eabi/7.3.1/thumb/v7e-m/fpv4-sp/hard/crtbegin.o

.preinit_array  0x000000000800a07c        0x0
                0x000000000800a07c                . = ALIGN (0x4)
                0x000000000800a07c                PROVIDE (__preinit_array_start = .)
 *(.preinit_array*)
                0x000000000800a07c                PROVIDE (__preinit_array_end = .)
                0x000000000800a07c                . = ALIGN (0x4)

.init_array     0x000000000800a07c        0x4
                0x000000000800a07c                . = ALIGN (0x4)
                0x000000000800a07c                PROVIDE (__init_array_start = .)
 *(SORT_BY_NAME(.init_array.*))
 *(.init_array*)
 .init_array    0x000000000800a07c        0x4 c:/st/stm32cubeide_1.3.0/stm32cubeide/plugins/com.st.stm32cube.ide.mcu.externaltools.gnu-tools-for-stm32.7-2018-q2-update.win32_1.0.0.201904181610/tools/bin/../lib/gcc/arm-none-eabi/7.3.1/thumb/v7e-m/fpv4-sp/hard/crtbegin.o
                0x000000000800a080                PROVIDE (__init_array_end = .)
                0x000000000800a080                . = ALIGN (0x4)

.fini_array     0x000000000800a080        0x4
                0x000000000800a080                . = ALIGN (0x4)
                [!provide]                        PROVIDE (__fini_array_start = .)
 *(SORT_BY_NAME(.fini_array.*))
 *(.fini_array*)
 .fini_array    0x000000000800a080        0x4 c:/st/stm32cubeide_1.3.0/stm32cubeide/plugins/com.st.stm32cube.ide.mcu.externaltools.gnu-tools-for-stm32.7-2018-q2-update.win32_1.0.0.201904181610/tools/bin/../lib/gcc/arm-none-eabi/7.3.1/thumb/v7e-m/fpv4-sp/hard/crtbegin.o
                [!provide]                        PROVIDE (__fini_array_end = .)
                0x000000000800a084                . = ALIGN (0x4)
                0x000000000800a084                _sidata = LOADADDR (.data)

.data           0x0000000020000000       0x88 load address 0x000000000800a084
                0x0000000020000000                . = ALIGN (0x4)
                0x0000000020000000                _sdata = .
 *(.data)
 *(.data*)
 .data.Stat     0x0000000020000000        0x1 Core/Src/diskio.o
 *fill*         0x0000000020000001        0x3 
 .data.dir      0x0000000020000004        0x4 Core/Src/display_control.o
                0x0000000020000004                dir
 .data.chs      0x0000000020000008        0x4 Core/Src/main.o
                0x0000000020000008                chs
 .data.volume   0x000000002000000c        0x4 Core/Src/main.o
                0x000000002000000c                volume
 .data.Font_6x8
                0x0000000020000010        0x8 Core/Src/ssd1306_fonts.o
                0x0000000020000010                Font_6x8
 .data.SystemCoreClock
                0x0000000020000018        0x4 Core/Src/system_stm32f4xx.o
                0x0000000020000018                SystemCoreClock
 .data.uwTickPrio
                0x000000002000001c        0x4 Drivers/STM32F4xx_HAL_Driver/Src/stm32f4xx_hal.o
                0x000000002000001c                uwTickPrio
 .data.uwTickFreq
                0x0000000020000020        0x1 Drivers/STM32F4xx_HAL_Driver/Src/stm32f4xx_hal.o
                0x0000000020000020                uwTickFreq
 *fill*         0x0000000020000021        0x3 
 .data._impure_ptr
                0x0000000020000024        0x4 c:/st/stm32cubeide_1.3.0/stm32cubeide/plugins/com.st.stm32cube.ide.mcu.externaltools.gnu-tools-for-stm32.7-2018-q2-update.win32_1.0.0.201904181610/tools/bin/../lib/gcc/arm-none-eabi/7.3.1/../../../../arm-none-eabi/lib/thumb/v7e-m/fpv4-sp/hard\libc_nano.a(lib_a-impure.o)
                0x0000000020000024                _impure_ptr
 .data.impure_data
                0x0000000020000028       0x60 c:/st/stm32cubeide_1.3.0/stm32cubeide/plugins/com.st.stm32cube.ide.mcu.externaltools.gnu-tools-for-stm32.7-2018-q2-update.win32_1.0.0.201904181610/tools/bin/../lib/gcc/arm-none-eabi/7.3.1/../../../../arm-none-eabi/lib/thumb/v7e-m/fpv4-sp/hard\libc_nano.a(lib_a-impure.o)
                0x0000000020000088                . = ALIGN (0x4)
                0x0000000020000088                _edata = .

.igot.plt       0x0000000020000088        0x0 load address 0x000000000800a10c
 .igot.plt      0x0000000020000088        0x0 c:/st/stm32cubeide_1.3.0/stm32cubeide/plugins/com.st.stm32cube.ide.mcu.externaltools.gnu-tools-for-stm32.7-2018-q2-update.win32_1.0.0.201904181610/tools/bin/../lib/gcc/arm-none-eabi/7.3.1/thumb/v7e-m/fpv4-sp/hard/crtbegin.o
                0x0000000020000088                . = ALIGN (0x4)

.bss            0x0000000020000088    0x16534 load address 0x000000000800a10c
                0x0000000020000088                _sbss = .
                0x0000000020000088                __bss_start__ = _sbss
 *(.bss)
 .bss           0x0000000020000088       0x1c c:/st/stm32cubeide_1.3.0/stm32cubeide/plugins/com.st.stm32cube.ide.mcu.externaltools.gnu-tools-for-stm32.7-2018-q2-update.win32_1.0.0.201904181610/tools/bin/../lib/gcc/arm-none-eabi/7.3.1/thumb/v7e-m/fpv4-sp/hard/crtbegin.o
 *(.bss*)
 .bss.Timer1    0x00000000200000a4        0x1 Core/Src/diskio.o
 .bss.Timer2    0x00000000200000a5        0x1 Core/Src/diskio.o
 .bss.CardType  0x00000000200000a6        0x1 Core/Src/diskio.o
 .bss.PowerFlag
                0x00000000200000a7        0x1 Core/Src/diskio.o
 .bss.page      0x00000000200000a8        0x1 Core/Src/display_control.o
                0x00000000200000a8                page
 *fill*         0x00000000200000a9        0x3 
 .bss.FatFs     0x00000000200000ac        0x4 Core/Src/ff.o
 .bss.Fsid      0x00000000200000b0        0x2 Core/Src/ff.o
 *fill*         0x00000000200000b2        0x2 
 .bss.pOpen     0x00000000200000b4        0x4 Core/Src/file_system.o
                0x00000000200000b4                pOpen
 .bss.mOpen     0x00000000200000b8        0x4 Core/Src/file_system.o
                0x00000000200000b8                mOpen
 .bss.fno.8586  0x00000000200000bc       0x18 Core/Src/file_system.o
 .bss.FatFs     0x00000000200000d4      0x230 Core/Src/main.o
 .bss.filesize  0x0000000020000304        0x4 Core/Src/main.o
                0x0000000020000304                filesize
 .bss.pr        0x0000000020000308        0x4 Core/Src/main.o
                0x0000000020000308                pr
 .bss.mode      0x000000002000030c        0x1 Core/Src/main.o
                0x000000002000030c                mode
 .bss.stop      0x000000002000030d        0x1 Core/Src/main.o
                0x000000002000030d                stop
 .bss.fpos      0x000000002000030e        0x1 Core/Src/main.o
                0x000000002000030e                fpos
 *fill*         0x000000002000030f        0x1 
 .bss.SSD1306_Buffer
                0x0000000020000310      0x410 Core/Src/ssd1306.o
 .bss.SSD1306   0x0000000020000720        0x6 Core/Src/ssd1306.o
 *fill*         0x0000000020000726        0x2 
 .bss.heap_end.6424
                0x0000000020000728        0x4 Core/Src/sysmem.o
 .bss.__malloc_free_list
                0x000000002000072c        0x4 c:/st/stm32cubeide_1.3.0/stm32cubeide/plugins/com.st.stm32cube.ide.mcu.externaltools.gnu-tools-for-stm32.7-2018-q2-update.win32_1.0.0.201904181610/tools/bin/../lib/gcc/arm-none-eabi/7.3.1/../../../../arm-none-eabi/lib/thumb/v7e-m/fpv4-sp/hard\libc_nano.a(lib_a-nano-mallocr.o)
                0x000000002000072c                __malloc_free_list
 .bss.__malloc_sbrk_start
                0x0000000020000730        0x4 c:/st/stm32cubeide_1.3.0/stm32cubeide/plugins/com.st.stm32cube.ide.mcu.externaltools.gnu-tools-for-stm32.7-2018-q2-update.win32_1.0.0.201904181610/tools/bin/../lib/gcc/arm-none-eabi/7.3.1/../../../../arm-none-eabi/lib/thumb/v7e-m/fpv4-sp/hard\libc_nano.a(lib_a-nano-mallocr.o)
                0x0000000020000730                __malloc_sbrk_start
 *(COMMON)
 COMMON         0x0000000020000734       0x14 Core/Src/display_control.o
                0x0000000020000734                titles
 COMMON         0x0000000020000748    0x15e6c Core/Src/main.o
                0x0000000020000748                hspi2
                0x00000000200007a0                hdma_memtomem_dma2_stream0
                0x0000000020000800                htim4
                0x0000000020000840                hi2c1
                0x0000000020000894                hdma_spi3_tx
                0x00000000200008f4                bytes_read
                0x00000000200008f8                buffer
                0x00000000200009f8                audio
                0x0000000020016280                fresult
                0x0000000020016284                hspi1
                0x00000000200162dc                hdma_spi1_rx
                0x000000002001633c                bytes_written
                0x0000000020016340                sample
                0x0000000020016344                hi2s3
                0x000000002001638c                mfile
 COMMON         0x00000000200165b4        0x4 Drivers/STM32F4xx_HAL_Driver/Src/stm32f4xx_hal.o
                0x00000000200165b4                uwTick
 COMMON         0x00000000200165b8        0x4 c:/st/stm32cubeide_1.3.0/stm32cubeide/plugins/com.st.stm32cube.ide.mcu.externaltools.gnu-tools-for-stm32.7-2018-q2-update.win32_1.0.0.201904181610/tools/bin/../lib/gcc/arm-none-eabi/7.3.1/../../../../arm-none-eabi/lib/thumb/v7e-m/fpv4-sp/hard\libc_nano.a(lib_a-reent.o)
                0x00000000200165b8                errno
                0x00000000200165bc                . = ALIGN (0x4)
                0x00000000200165bc                _ebss = .
                0x00000000200165bc                __bss_end__ = _ebss

._user_heap_stack
                0x00000000200165bc      0x604 load address 0x000000000800a10c
                0x00000000200165c0                . = ALIGN (0x8)
 *fill*         0x00000000200165bc        0x4 
                0x00000000200165c0                PROVIDE (end = .)
                [!provide]                        PROVIDE (_end = .)
                0x00000000200167c0                . = (. + _Min_Heap_Size)
 *fill*         0x00000000200165c0      0x200 
                0x0000000020016bc0                . = (. + _Min_Stack_Size)
 *fill*         0x00000000200167c0      0x400 
                0x0000000020016bc0                . = ALIGN (0x8)

/DISCARD/
 libc.a(*)
 libm.a(*)
 libgcc.a(*)

.ARM.attributes
                0x0000000000000000       0x30
 *(.ARM.attributes)
 .ARM.attributes
                0x0000000000000000       0x22 c:/st/stm32cubeide_1.3.0/stm32cubeide/plugins/com.st.stm32cube.ide.mcu.externaltools.gnu-tools-for-stm32.7-2018-q2-update.win32_1.0.0.201904181610/tools/bin/../lib/gcc/arm-none-eabi/7.3.1/thumb/v7e-m/fpv4-sp/hard/crti.o
 .ARM.attributes
                0x0000000000000022       0x34 c:/st/stm32cubeide_1.3.0/stm32cubeide/plugins/com.st.stm32cube.ide.mcu.externaltools.gnu-tools-for-stm32.7-2018-q2-update.win32_1.0.0.201904181610/tools/bin/../lib/gcc/arm-none-eabi/7.3.1/thumb/v7e-m/fpv4-sp/hard/crtbegin.o
 .ARM.attributes
                0x0000000000000056       0x39 Core/Src/CS43.o
 .ARM.attributes
                0x000000000000008f       0x39 Core/Src/diskio.o
 .ARM.attributes
                0x00000000000000c8       0x39 Core/Src/display_control.o
 .ARM.attributes
                0x0000000000000101       0x39 Core/Src/ff.o
 .ARM.attributes
                0x000000000000013a       0x39 Core/Src/file_system.o
 .ARM.attributes
                0x0000000000000173       0x39 Core/Src/main.o
 .ARM.attributes
                0x00000000000001ac       0x39 Core/Src/ssd1306.o
 .ARM.attributes
                0x00000000000001e5       0x39 Core/Src/ssd1306_fonts.o
 .ARM.attributes
                0x000000000000021e       0x39 Core/Src/stm32f4xx_hal_msp.o
 .ARM.attributes
                0x0000000000000257       0x39 Core/Src/stm32f4xx_it.o
 .ARM.attributes
                0x0000000000000290       0x39 Core/Src/sysmem.o
 .ARM.attributes
                0x00000000000002c9       0x39 Core/Src/system_stm32f4xx.o
 .ARM.attributes
                0x0000000000000302       0x21 Core/Startup/startup_stm32f407vgtx.o
 .ARM.attributes
                0x0000000000000323       0x39 Drivers/STM32F4xx_HAL_Driver/Src/stm32f4xx_hal.o
 .ARM.attributes
                0x000000000000035c       0x39 Drivers/STM32F4xx_HAL_Driver/Src/stm32f4xx_hal_cortex.o
 .ARM.attributes
                0x0000000000000395       0x39 Drivers/STM32F4xx_HAL_Driver/Src/stm32f4xx_hal_dma.o
 .ARM.attributes
                0x00000000000003ce       0x39 Drivers/STM32F4xx_HAL_Driver/Src/stm32f4xx_hal_gpio.o
 .ARM.attributes
                0x0000000000000407       0x39 Drivers/STM32F4xx_HAL_Driver/Src/stm32f4xx_hal_i2c.o
 .ARM.attributes
                0x0000000000000440       0x39 Drivers/STM32F4xx_HAL_Driver/Src/stm32f4xx_hal_i2s.o
 .ARM.attributes
                0x0000000000000479       0x39 Drivers/STM32F4xx_HAL_Driver/Src/stm32f4xx_hal_i2s_ex.o
 .ARM.attributes
                0x00000000000004b2       0x39 Drivers/STM32F4xx_HAL_Driver/Src/stm32f4xx_hal_rcc.o
 .ARM.attributes
                0x00000000000004eb       0x39 Drivers/STM32F4xx_HAL_Driver/Src/stm32f4xx_hal_rcc_ex.o
 .ARM.attributes
                0x0000000000000524       0x39 Drivers/STM32F4xx_HAL_Driver/Src/stm32f4xx_hal_spi.o
 .ARM.attributes
                0x000000000000055d       0x39 Drivers/STM32F4xx_HAL_Driver/Src/stm32f4xx_hal_tim.o
 .ARM.attributes
                0x0000000000000596       0x39 Drivers/STM32F4xx_HAL_Driver/Src/stm32f4xx_hal_tim_ex.o
 .ARM.attributes
                0x00000000000005cf       0x34 c:/st/stm32cubeide_1.3.0/stm32cubeide/plugins/com.st.stm32cube.ide.mcu.externaltools.gnu-tools-for-stm32.7-2018-q2-update.win32_1.0.0.201904181610/tools/bin/../lib/gcc/arm-none-eabi/7.3.1/../../../../arm-none-eabi/lib/thumb/v7e-m/fpv4-sp/hard\libc_nano.a(lib_a-errno.o)
 .ARM.attributes
                0x0000000000000603       0x34 c:/st/stm32cubeide_1.3.0/stm32cubeide/plugins/com.st.stm32cube.ide.mcu.externaltools.gnu-tools-for-stm32.7-2018-q2-update.win32_1.0.0.201904181610/tools/bin/../lib/gcc/arm-none-eabi/7.3.1/../../../../arm-none-eabi/lib/thumb/v7e-m/fpv4-sp/hard\libc_nano.a(lib_a-impure.o)
 .ARM.attributes
                0x0000000000000637       0x34 c:/st/stm32cubeide_1.3.0/stm32cubeide/plugins/com.st.stm32cube.ide.mcu.externaltools.gnu-tools-for-stm32.7-2018-q2-update.win32_1.0.0.201904181610/tools/bin/../lib/gcc/arm-none-eabi/7.3.1/../../../../arm-none-eabi/lib/thumb/v7e-m/fpv4-sp/hard\libc_nano.a(lib_a-init.o)
 .ARM.attributes
                0x000000000000066b       0x34 c:/st/stm32cubeide_1.3.0/stm32cubeide/plugins/com.st.stm32cube.ide.mcu.externaltools.gnu-tools-for-stm32.7-2018-q2-update.win32_1.0.0.201904181610/tools/bin/../lib/gcc/arm-none-eabi/7.3.1/../../../../arm-none-eabi/lib/thumb/v7e-m/fpv4-sp/hard\libc_nano.a(lib_a-malloc.o)
 .ARM.attributes
                0x000000000000069f       0x34 c:/st/stm32cubeide_1.3.0/stm32cubeide/plugins/com.st.stm32cube.ide.mcu.externaltools.gnu-tools-for-stm32.7-2018-q2-update.win32_1.0.0.201904181610/tools/bin/../lib/gcc/arm-none-eabi/7.3.1/../../../../arm-none-eabi/lib/thumb/v7e-m/fpv4-sp/hard\libc_nano.a(lib_a-memset.o)
 .ARM.attributes
                0x00000000000006d3       0x34 c:/st/stm32cubeide_1.3.0/stm32cubeide/plugins/com.st.stm32cube.ide.mcu.externaltools.gnu-tools-for-stm32.7-2018-q2-update.win32_1.0.0.201904181610/tools/bin/../lib/gcc/arm-none-eabi/7.3.1/../../../../arm-none-eabi/lib/thumb/v7e-m/fpv4-sp/hard\libc_nano.a(lib_a-nano-mallocr.o)
 .ARM.attributes
                0x0000000000000707       0x34 c:/st/stm32cubeide_1.3.0/stm32cubeide/plugins/com.st.stm32cube.ide.mcu.externaltools.gnu-tools-for-stm32.7-2018-q2-update.win32_1.0.0.201904181610/tools/bin/../lib/gcc/arm-none-eabi/7.3.1/../../../../arm-none-eabi/lib/thumb/v7e-m/fpv4-sp/hard\libc_nano.a(lib_a-sbrkr.o)
 .ARM.attributes
                0x000000000000073b       0x34 c:/st/stm32cubeide_1.3.0/stm32cubeide/plugins/com.st.stm32cube.ide.mcu.externaltools.gnu-tools-for-stm32.7-2018-q2-update.win32_1.0.0.201904181610/tools/bin/../lib/gcc/arm-none-eabi/7.3.1/../../../../arm-none-eabi/lib/thumb/v7e-m/fpv4-sp/hard\libc_nano.a(lib_a-strcat.o)
 .ARM.attributes
                0x000000000000076f       0x20 c:/st/stm32cubeide_1.3.0/stm32cubeide/plugins/com.st.stm32cube.ide.mcu.externaltools.gnu-tools-for-stm32.7-2018-q2-update.win32_1.0.0.201904181610/tools/bin/../lib/gcc/arm-none-eabi/7.3.1/../../../../arm-none-eabi/lib/thumb/v7e-m/fpv4-sp/hard\libc_nano.a(lib_a-strcmp.o)
 .ARM.attributes
                0x000000000000078f       0x34 c:/st/stm32cubeide_1.3.0/stm32cubeide/plugins/com.st.stm32cube.ide.mcu.externaltools.gnu-tools-for-stm32.7-2018-q2-update.win32_1.0.0.201904181610/tools/bin/../lib/gcc/arm-none-eabi/7.3.1/../../../../arm-none-eabi/lib/thumb/v7e-m/fpv4-sp/hard\libc_nano.a(lib_a-strcpy.o)
 .ARM.attributes
                0x00000000000007c3       0x34 c:/st/stm32cubeide_1.3.0/stm32cubeide/plugins/com.st.stm32cube.ide.mcu.externaltools.gnu-tools-for-stm32.7-2018-q2-update.win32_1.0.0.201904181610/tools/bin/../lib/gcc/arm-none-eabi/7.3.1/../../../../arm-none-eabi/lib/thumb/v7e-m/fpv4-sp/hard\libc_nano.a(lib_a-strdup.o)
 .ARM.attributes
                0x00000000000007f7       0x34 c:/st/stm32cubeide_1.3.0/stm32cubeide/plugins/com.st.stm32cube.ide.mcu.externaltools.gnu-tools-for-stm32.7-2018-q2-update.win32_1.0.0.201904181610/tools/bin/../lib/gcc/arm-none-eabi/7.3.1/../../../../arm-none-eabi/lib/thumb/v7e-m/fpv4-sp/hard\libc_nano.a(lib_a-strdup_r.o)
 .ARM.attributes
                0x000000000000082b       0x1b c:/st/stm32cubeide_1.3.0/stm32cubeide/plugins/com.st.stm32cube.ide.mcu.externaltools.gnu-tools-for-stm32.7-2018-q2-update.win32_1.0.0.201904181610/tools/bin/../lib/gcc/arm-none-eabi/7.3.1/../../../../arm-none-eabi/lib/thumb/v7e-m/fpv4-sp/hard\libc_nano.a(lib_a-strlen.o)
 .ARM.attributes
                0x0000000000000846       0x34 c:/st/stm32cubeide_1.3.0/stm32cubeide/plugins/com.st.stm32cube.ide.mcu.externaltools.gnu-tools-for-stm32.7-2018-q2-update.win32_1.0.0.201904181610/tools/bin/../lib/gcc/arm-none-eabi/7.3.1/../../../../arm-none-eabi/lib/thumb/v7e-m/fpv4-sp/hard\libc_nano.a(lib_a-memcpy-stub.o)
 .ARM.attributes
                0x000000000000087a       0x34 c:/st/stm32cubeide_1.3.0/stm32cubeide/plugins/com.st.stm32cube.ide.mcu.externaltools.gnu-tools-for-stm32.7-2018-q2-update.win32_1.0.0.201904181610/tools/bin/../lib/gcc/arm-none-eabi/7.3.1/../../../../arm-none-eabi/lib/thumb/v7e-m/fpv4-sp/hard\libc_nano.a(lib_a-mlock.o)
 .ARM.attributes
                0x00000000000008ae       0x34 c:/st/stm32cubeide_1.3.0/stm32cubeide/plugins/com.st.stm32cube.ide.mcu.externaltools.gnu-tools-for-stm32.7-2018-q2-update.win32_1.0.0.201904181610/tools/bin/../lib/gcc/arm-none-eabi/7.3.1/../../../../arm-none-eabi/lib/thumb/v7e-m/fpv4-sp/hard\libc_nano.a(lib_a-reent.o)
 .ARM.attributes
                0x00000000000008e2       0x22 c:/st/stm32cubeide_1.3.0/stm32cubeide/plugins/com.st.stm32cube.ide.mcu.externaltools.gnu-tools-for-stm32.7-2018-q2-update.win32_1.0.0.201904181610/tools/bin/../lib/gcc/arm-none-eabi/7.3.1/thumb/v7e-m/fpv4-sp/hard\libgcc.a(_aeabi_uldivmod.o)
 .ARM.attributes
                0x0000000000000904       0x34 c:/st/stm32cubeide_1.3.0/stm32cubeide/plugins/com.st.stm32cube.ide.mcu.externaltools.gnu-tools-for-stm32.7-2018-q2-update.win32_1.0.0.201904181610/tools/bin/../lib/gcc/arm-none-eabi/7.3.1/thumb/v7e-m/fpv4-sp/hard\libgcc.a(_udivmoddi4.o)
 .ARM.attributes
                0x0000000000000938       0x22 c:/st/stm32cubeide_1.3.0/stm32cubeide/plugins/com.st.stm32cube.ide.mcu.externaltools.gnu-tools-for-stm32.7-2018-q2-update.win32_1.0.0.201904181610/tools/bin/../lib/gcc/arm-none-eabi/7.3.1/thumb/v7e-m/fpv4-sp/hard\libgcc.a(_dvmd_tls.o)
 .ARM.attributes
                0x000000000000095a       0x22 c:/st/stm32cubeide_1.3.0/stm32cubeide/plugins/com.st.stm32cube.ide.mcu.externaltools.gnu-tools-for-stm32.7-2018-q2-update.win32_1.0.0.201904181610/tools/bin/../lib/gcc/arm-none-eabi/7.3.1/thumb/v7e-m/fpv4-sp/hard/crtn.o
OUTPUT(projekt.elf elf32-littlearm)

.debug_info     0x0000000000000000    0x16dad
 .debug_info    0x0000000000000000      0x822 Core/Src/CS43.o
 .debug_info    0x0000000000000822      0xb9a Core/Src/diskio.o
 .debug_info    0x00000000000013bc     0x1395 Core/Src/display_control.o
 .debug_info    0x0000000000002751     0x1983 Core/Src/ff.o
 .debug_info    0x00000000000040d4      0xd1b Core/Src/file_system.o
 .debug_info    0x0000000000004def     0x1ba3 Core/Src/main.o
 .debug_info    0x0000000000006992     0x16dc Core/Src/ssd1306.o
 .debug_info    0x000000000000806e      0x1dd Core/Src/ssd1306_fonts.o
 .debug_info    0x000000000000824b     0x14a7 Core/Src/stm32f4xx_hal_msp.o
 .debug_info    0x00000000000096f2      0x72a Core/Src/stm32f4xx_it.o
 .debug_info    0x0000000000009e1c      0x91c Core/Src/sysmem.o
 .debug_info    0x000000000000a738      0x554 Core/Src/system_stm32f4xx.o
 .debug_info    0x000000000000ac8c       0x22 Core/Startup/startup_stm32f407vgtx.o
 .debug_info    0x000000000000acae      0x945 Drivers/STM32F4xx_HAL_Driver/Src/stm32f4xx_hal.o
 .debug_info    0x000000000000b5f3      0xe28 Drivers/STM32F4xx_HAL_Driver/Src/stm32f4xx_hal_cortex.o
 .debug_info    0x000000000000c41b      0x968 Drivers/STM32F4xx_HAL_Driver/Src/stm32f4xx_hal_dma.o
 .debug_info    0x000000000000cd83      0x7b5 Drivers/STM32F4xx_HAL_Driver/Src/stm32f4xx_hal_gpio.o
 .debug_info    0x000000000000d538     0x23b5 Drivers/STM32F4xx_HAL_Driver/Src/stm32f4xx_hal_i2c.o
 .debug_info    0x000000000000f8ed      0xe5e Drivers/STM32F4xx_HAL_Driver/Src/stm32f4xx_hal_i2s.o
 .debug_info    0x000000000001074b      0xb76 Drivers/STM32F4xx_HAL_Driver/Src/stm32f4xx_hal_i2s_ex.o
 .debug_info    0x00000000000112c1      0x904 Drivers/STM32F4xx_HAL_Driver/Src/stm32f4xx_hal_rcc.o
 .debug_info    0x0000000000011bc5      0x5ae Drivers/STM32F4xx_HAL_Driver/Src/stm32f4xx_hal_rcc_ex.o
 .debug_info    0x0000000000012173     0x163a Drivers/STM32F4xx_HAL_Driver/Src/stm32f4xx_hal_spi.o
 .debug_info    0x00000000000137ad     0x24a9 Drivers/STM32F4xx_HAL_Driver/Src/stm32f4xx_hal_tim.o
 .debug_info    0x0000000000015c56     0x1157 Drivers/STM32F4xx_HAL_Driver/Src/stm32f4xx_hal_tim_ex.o

.debug_abbrev   0x0000000000000000     0x30ca
 .debug_abbrev  0x0000000000000000      0x194 Core/Src/CS43.o
 .debug_abbrev  0x0000000000000194      0x295 Core/Src/diskio.o
 .debug_abbrev  0x0000000000000429      0x2a2 Core/Src/display_control.o
 .debug_abbrev  0x00000000000006cb      0x1b1 Core/Src/ff.o
 .debug_abbrev  0x000000000000087c      0x20d Core/Src/file_system.o
 .debug_abbrev  0x0000000000000a89      0x2a8 Core/Src/main.o
 .debug_abbrev  0x0000000000000d31      0x30b Core/Src/ssd1306.o
 .debug_abbrev  0x000000000000103c       0xb0 Core/Src/ssd1306_fonts.o
 .debug_abbrev  0x00000000000010ec      0x1de Core/Src/stm32f4xx_hal_msp.o
 .debug_abbrev  0x00000000000012ca      0x15a Core/Src/stm32f4xx_it.o
 .debug_abbrev  0x0000000000001424      0x1bb Core/Src/sysmem.o
 .debug_abbrev  0x00000000000015df      0x12b Core/Src/system_stm32f4xx.o
 .debug_abbrev  0x000000000000170a       0x12 Core/Startup/startup_stm32f407vgtx.o
 .debug_abbrev  0x000000000000171c      0x1c7 Drivers/STM32F4xx_HAL_Driver/Src/stm32f4xx_hal.o
 .debug_abbrev  0x00000000000018e3      0x2fa Drivers/STM32F4xx_HAL_Driver/Src/stm32f4xx_hal_cortex.o
 .debug_abbrev  0x0000000000001bdd      0x229 Drivers/STM32F4xx_HAL_Driver/Src/stm32f4xx_hal_dma.o
 .debug_abbrev  0x0000000000001e06      0x1c9 Drivers/STM32F4xx_HAL_Driver/Src/stm32f4xx_hal_gpio.o
 .debug_abbrev  0x0000000000001fcf      0x254 Drivers/STM32F4xx_HAL_Driver/Src/stm32f4xx_hal_i2c.o
 .debug_abbrev  0x0000000000002223      0x21b Drivers/STM32F4xx_HAL_Driver/Src/stm32f4xx_hal_i2s.o
 .debug_abbrev  0x000000000000243e      0x246 Drivers/STM32F4xx_HAL_Driver/Src/stm32f4xx_hal_i2s_ex.o
 .debug_abbrev  0x0000000000002684      0x245 Drivers/STM32F4xx_HAL_Driver/Src/stm32f4xx_hal_rcc.o
 .debug_abbrev  0x00000000000028c9      0x173 Drivers/STM32F4xx_HAL_Driver/Src/stm32f4xx_hal_rcc_ex.o
 .debug_abbrev  0x0000000000002a3c      0x240 Drivers/STM32F4xx_HAL_Driver/Src/stm32f4xx_hal_spi.o
 .debug_abbrev  0x0000000000002c7c      0x230 Drivers/STM32F4xx_HAL_Driver/Src/stm32f4xx_hal_tim.o
 .debug_abbrev  0x0000000000002eac      0x21e Drivers/STM32F4xx_HAL_Driver/Src/stm32f4xx_hal_tim_ex.o

.debug_aranges  0x0000000000000000     0x1458
 .debug_aranges
                0x0000000000000000       0x30 Core/Src/CS43.o
 .debug_aranges
                0x0000000000000030       0xb8 Core/Src/diskio.o
 .debug_aranges
                0x00000000000000e8       0x48 Core/Src/display_control.o
 .debug_aranges
                0x0000000000000130      0x1b0 Core/Src/ff.o
 .debug_aranges
                0x00000000000002e0       0x48 Core/Src/file_system.o
 .debug_aranges
                0x0000000000000328       0x70 Core/Src/main.o
 .debug_aranges
                0x0000000000000398       0xb0 Core/Src/ssd1306.o
 .debug_aranges
                0x0000000000000448       0x18 Core/Src/ssd1306_fonts.o
 .debug_aranges
                0x0000000000000460       0x60 Core/Src/stm32f4xx_hal_msp.o
 .debug_aranges
                0x00000000000004c0       0x78 Core/Src/stm32f4xx_it.o
 .debug_aranges
                0x0000000000000538       0x20 Core/Src/sysmem.o
 .debug_aranges
                0x0000000000000558       0x28 Core/Src/system_stm32f4xx.o
 .debug_aranges
                0x0000000000000580       0x28 Core/Startup/startup_stm32f407vgtx.o
 .debug_aranges
                0x00000000000005a8       0xf0 Drivers/STM32F4xx_HAL_Driver/Src/stm32f4xx_hal.o
 .debug_aranges
                0x0000000000000698      0x118 Drivers/STM32F4xx_HAL_Driver/Src/stm32f4xx_hal_cortex.o
 .debug_aranges
                0x00000000000007b0       0x90 Drivers/STM32F4xx_HAL_Driver/Src/stm32f4xx_hal_dma.o
 .debug_aranges
                0x0000000000000840       0x58 Drivers/STM32F4xx_HAL_Driver/Src/stm32f4xx_hal_gpio.o
 .debug_aranges
                0x0000000000000898      0x298 Drivers/STM32F4xx_HAL_Driver/Src/stm32f4xx_hal_i2c.o
 .debug_aranges
                0x0000000000000b30      0x108 Drivers/STM32F4xx_HAL_Driver/Src/stm32f4xx_hal_i2s.o
 .debug_aranges
                0x0000000000000c38       0x88 Drivers/STM32F4xx_HAL_Driver/Src/stm32f4xx_hal_i2s_ex.o
 .debug_aranges
                0x0000000000000cc0       0x88 Drivers/STM32F4xx_HAL_Driver/Src/stm32f4xx_hal_rcc.o
 .debug_aranges
                0x0000000000000d48       0x48 Drivers/STM32F4xx_HAL_Driver/Src/stm32f4xx_hal_rcc_ex.o
 .debug_aranges
                0x0000000000000d90      0x1d0 Drivers/STM32F4xx_HAL_Driver/Src/stm32f4xx_hal_spi.o
 .debug_aranges
                0x0000000000000f60      0x3a8 Drivers/STM32F4xx_HAL_Driver/Src/stm32f4xx_hal_tim.o
 .debug_aranges
                0x0000000000001308      0x150 Drivers/STM32F4xx_HAL_Driver/Src/stm32f4xx_hal_tim_ex.o

.debug_ranges   0x0000000000000000     0x1300
 .debug_ranges  0x0000000000000000       0x20 Core/Src/CS43.o
 .debug_ranges  0x0000000000000020       0xa8 Core/Src/diskio.o
 .debug_ranges  0x00000000000000c8       0x38 Core/Src/display_control.o
 .debug_ranges  0x0000000000000100      0x1a0 Core/Src/ff.o
 .debug_ranges  0x00000000000002a0       0x38 Core/Src/file_system.o
 .debug_ranges  0x00000000000002d8       0x78 Core/Src/main.o
 .debug_ranges  0x0000000000000350       0xa0 Core/Src/ssd1306.o
 .debug_ranges  0x00000000000003f0       0x50 Core/Src/stm32f4xx_hal_msp.o
 .debug_ranges  0x0000000000000440       0x68 Core/Src/stm32f4xx_it.o
 .debug_ranges  0x00000000000004a8       0x10 Core/Src/sysmem.o
 .debug_ranges  0x00000000000004b8       0x18 Core/Src/system_stm32f4xx.o
 .debug_ranges  0x00000000000004d0       0x20 Core/Startup/startup_stm32f407vgtx.o
 .debug_ranges  0x00000000000004f0       0xe0 Drivers/STM32F4xx_HAL_Driver/Src/stm32f4xx_hal.o
 .debug_ranges  0x00000000000005d0      0x108 Drivers/STM32F4xx_HAL_Driver/Src/stm32f4xx_hal_cortex.o
 .debug_ranges  0x00000000000006d8       0x80 Drivers/STM32F4xx_HAL_Driver/Src/stm32f4xx_hal_dma.o
 .debug_ranges  0x0000000000000758       0x48 Drivers/STM32F4xx_HAL_Driver/Src/stm32f4xx_hal_gpio.o
 .debug_ranges  0x00000000000007a0      0x2a8 Drivers/STM32F4xx_HAL_Driver/Src/stm32f4xx_hal_i2c.o
 .debug_ranges  0x0000000000000a48       0xf8 Drivers/STM32F4xx_HAL_Driver/Src/stm32f4xx_hal_i2s.o
 .debug_ranges  0x0000000000000b40       0x78 Drivers/STM32F4xx_HAL_Driver/Src/stm32f4xx_hal_i2s_ex.o
 .debug_ranges  0x0000000000000bb8       0x78 Drivers/STM32F4xx_HAL_Driver/Src/stm32f4xx_hal_rcc.o
 .debug_ranges  0x0000000000000c30       0x38 Drivers/STM32F4xx_HAL_Driver/Src/stm32f4xx_hal_rcc_ex.o
 .debug_ranges  0x0000000000000c68      0x1c0 Drivers/STM32F4xx_HAL_Driver/Src/stm32f4xx_hal_spi.o
 .debug_ranges  0x0000000000000e28      0x398 Drivers/STM32F4xx_HAL_Driver/Src/stm32f4xx_hal_tim.o
 .debug_ranges  0x00000000000011c0      0x140 Drivers/STM32F4xx_HAL_Driver/Src/stm32f4xx_hal_tim_ex.o

.debug_macro    0x0000000000000000    0x233ec
 .debug_macro   0x0000000000000000      0x20b Core/Src/CS43.o
 .debug_macro   0x000000000000020b      0xa5a Core/Src/CS43.o
 .debug_macro   0x0000000000000c65      0x196 Core/Src/CS43.o
 .debug_macro   0x0000000000000dfb       0x2e Core/Src/CS43.o
 .debug_macro   0x0000000000000e29       0x2f Core/Src/CS43.o
 .debug_macro   0x0000000000000e58       0x22 Core/Src/CS43.o
 .debug_macro   0x0000000000000e7a       0x8e Core/Src/CS43.o
 .debug_macro   0x0000000000000f08       0x51 Core/Src/CS43.o
 .debug_macro   0x0000000000000f59       0xef Core/Src/CS43.o
 .debug_macro   0x0000000000001048       0x6a Core/Src/CS43.o
 .debug_macro   0x00000000000010b2      0x1df Core/Src/CS43.o
 .debug_macro   0x0000000000001291       0x1c Core/Src/CS43.o
 .debug_macro   0x00000000000012ad       0x22 Core/Src/CS43.o
 .debug_macro   0x00000000000012cf       0xdf Core/Src/CS43.o
 .debug_macro   0x00000000000013ae     0x102d Core/Src/CS43.o
 .debug_macro   0x00000000000023db      0x11f Core/Src/CS43.o
 .debug_macro   0x00000000000024fa    0x15e3c Core/Src/CS43.o
 .debug_macro   0x0000000000018336       0x43 Core/Src/CS43.o
 .debug_macro   0x0000000000018379     0x3659 Core/Src/CS43.o
 .debug_macro   0x000000000001b9d2      0x174 Core/Src/CS43.o
 .debug_macro   0x000000000001bb46       0x5a Core/Src/CS43.o
 .debug_macro   0x000000000001bba0      0x96b Core/Src/CS43.o
 .debug_macro   0x000000000001c50b      0x9fe Core/Src/CS43.o
 .debug_macro   0x000000000001cf09      0x174 Core/Src/CS43.o
 .debug_macro   0x000000000001d07d      0x117 Core/Src/CS43.o
 .debug_macro   0x000000000001d194      0x13e Core/Src/CS43.o
 .debug_macro   0x000000000001d2d2       0x27 Core/Src/CS43.o
 .debug_macro   0x000000000001d2f9      0x287 Core/Src/CS43.o
 .debug_macro   0x000000000001d580       0x5f Core/Src/CS43.o
 .debug_macro   0x000000000001d5df      0x236 Core/Src/CS43.o
 .debug_macro   0x000000000001d815      0x12c Core/Src/CS43.o
 .debug_macro   0x000000000001d941      0x21e Core/Src/CS43.o
 .debug_macro   0x000000000001db5f       0x2e Core/Src/CS43.o
 .debug_macro   0x000000000001db8d      0x1b5 Core/Src/CS43.o
 .debug_macro   0x000000000001dd42       0xd6 Core/Src/CS43.o
 .debug_macro   0x000000000001de18      0x1a7 Core/Src/CS43.o
 .debug_macro   0x000000000001dfbf       0x46 Core/Src/CS43.o
 .debug_macro   0x000000000001e005       0x4a Core/Src/CS43.o
 .debug_macro   0x000000000001e04f      0x11a Core/Src/CS43.o
 .debug_macro   0x000000000001e169       0x7e Core/Src/CS43.o
 .debug_macro   0x000000000001e1e7       0x89 Core/Src/CS43.o
 .debug_macro   0x000000000001e270      0x225 Core/Src/CS43.o
 .debug_macro   0x000000000001e495      0x8a0 Core/Src/CS43.o
 .debug_macro   0x000000000001ed35       0x47 Core/Src/CS43.o
 .debug_macro   0x000000000001ed7c      0x12d Core/Src/CS43.o
 .debug_macro   0x000000000001eea9      0x28e Core/Src/diskio.o
 .debug_macro   0x000000000001f137       0xf8 Core/Src/diskio.o
 .debug_macro   0x000000000001f22f       0xf5 Core/Src/diskio.o
 .debug_macro   0x000000000001f324       0xc4 Core/Src/diskio.o
 .debug_macro   0x000000000001f3e8      0x309 Core/Src/display_control.o
 .debug_macro   0x000000000001f6f1       0x40 Core/Src/display_control.o
 .debug_macro   0x000000000001f731       0x18 Core/Src/display_control.o
 .debug_macro   0x000000000001f749       0x94 Core/Src/display_control.o
 .debug_macro   0x000000000001f7dd       0x3c Core/Src/display_control.o
 .debug_macro   0x000000000001f819       0x34 Core/Src/display_control.o
 .debug_macro   0x000000000001f84d       0x57 Core/Src/display_control.o
 .debug_macro   0x000000000001f8a4       0x46 Core/Src/display_control.o
 .debug_macro   0x000000000001f8ea       0x52 Core/Src/display_control.o
 .debug_macro   0x000000000001f93c       0x1f Core/Src/display_control.o
 .debug_macro   0x000000000001f95b       0x43 Core/Src/display_control.o
 .debug_macro   0x000000000001f99e       0x20 Core/Src/display_control.o
 .debug_macro   0x000000000001f9be      0x1a3 Core/Src/display_control.o
 .debug_macro   0x000000000001fb61      0x32a Core/Src/display_control.o
 .debug_macro   0x000000000001fe8b       0x10 Core/Src/display_control.o
 .debug_macro   0x000000000001fe9b       0x35 Core/Src/display_control.o
 .debug_macro   0x000000000001fed0       0x20 Core/Src/display_control.o
 .debug_macro   0x000000000001fef0      0x528 Core/Src/ff.o
 .debug_macro   0x0000000000020418       0xef Core/Src/ff.o
 .debug_macro   0x0000000000020507      0x22d Core/Src/file_system.o
 .debug_macro   0x0000000000020734      0x2d7 Core/Src/main.o
 .debug_macro   0x0000000000020a0b       0x88 Core/Src/main.o
 .debug_macro   0x0000000000020a93       0x46 Core/Src/main.o
 .debug_macro   0x0000000000020ad9      0x2fb Core/Src/ssd1306.o
 .debug_macro   0x0000000000020dd4      0x1e1 Core/Src/ssd1306.o
 .debug_macro   0x0000000000020fb5       0x16 Core/Src/ssd1306.o
 .debug_macro   0x0000000000020fcb       0x16 Core/Src/ssd1306.o
 .debug_macro   0x0000000000020fe1       0x29 Core/Src/ssd1306.o
 .debug_macro   0x000000000002100a       0x6d Core/Src/ssd1306_fonts.o
 .debug_macro   0x0000000000021077      0x210 Core/Src/stm32f4xx_hal_msp.o
 .debug_macro   0x0000000000021287      0x23b Core/Src/stm32f4xx_it.o
 .debug_macro   0x00000000000214c2      0x1ae Core/Src/sysmem.o
 .debug_macro   0x0000000000021670      0x23b Core/Src/sysmem.o
 .debug_macro   0x00000000000218ab       0x16 Core/Src/sysmem.o
 .debug_macro   0x00000000000218c1      0x207 Core/Src/system_stm32f4xx.o
 .debug_macro   0x0000000000021ac8      0x261 Drivers/STM32F4xx_HAL_Driver/Src/stm32f4xx_hal.o
 .debug_macro   0x0000000000021d29      0x201 Drivers/STM32F4xx_HAL_Driver/Src/stm32f4xx_hal_cortex.o
 .debug_macro   0x0000000000021f2a      0x207 Drivers/STM32F4xx_HAL_Driver/Src/stm32f4xx_hal_dma.o
 .debug_macro   0x0000000000022131      0x237 Drivers/STM32F4xx_HAL_Driver/Src/stm32f4xx_hal_gpio.o
 .debug_macro   0x0000000000022368      0x241 Drivers/STM32F4xx_HAL_Driver/Src/stm32f4xx_hal_i2c.o
 .debug_macro   0x00000000000225a9      0x209 Drivers/STM32F4xx_HAL_Driver/Src/stm32f4xx_hal_i2s.o
 .debug_macro   0x00000000000227b2      0x201 Drivers/STM32F4xx_HAL_Driver/Src/stm32f4xx_hal_i2s_ex.o
 .debug_macro   0x00000000000229b3      0x225 Drivers/STM32F4xx_HAL_Driver/Src/stm32f4xx_hal_rcc.o
 .debug_macro   0x0000000000022bd8      0x201 Drivers/STM32F4xx_HAL_Driver/Src/stm32f4xx_hal_rcc_ex.o
 .debug_macro   0x0000000000022dd9      0x210 Drivers/STM32F4xx_HAL_Driver/Src/stm32f4xx_hal_spi.o
 .debug_macro   0x0000000000022fe9      0x202 Drivers/STM32F4xx_HAL_Driver/Src/stm32f4xx_hal_tim.o
 .debug_macro   0x00000000000231eb      0x201 Drivers/STM32F4xx_HAL_Driver/Src/stm32f4xx_hal_tim_ex.o

.debug_line     0x0000000000000000    0x1150c
 .debug_line    0x0000000000000000      0x7f4 Core/Src/CS43.o
 .debug_line    0x00000000000007f4      0xa7a Core/Src/diskio.o
 .debug_line    0x000000000000126e      0x9bc Core/Src/display_control.o
 .debug_line    0x0000000000001c2a     0x11f6 Core/Src/ff.o
 .debug_line    0x0000000000002e20      0x810 Core/Src/file_system.o
 .debug_line    0x0000000000003630      0xa5a Core/Src/main.o
 .debug_line    0x000000000000408a      0xb84 Core/Src/ssd1306.o
 .debug_line    0x0000000000004c0e      0x39a Core/Src/ssd1306_fonts.o
 .debug_line    0x0000000000004fa8      0x81f Core/Src/stm32f4xx_hal_msp.o
 .debug_line    0x00000000000057c7      0x81c Core/Src/stm32f4xx_it.o
 .debug_line    0x0000000000005fe3      0x55e Core/Src/sysmem.o
 .debug_line    0x0000000000006541      0x73d Core/Src/system_stm32f4xx.o
 .debug_line    0x0000000000006c7e       0x85 Core/Startup/startup_stm32f407vgtx.o
 .debug_line    0x0000000000006d03      0x927 Drivers/STM32F4xx_HAL_Driver/Src/stm32f4xx_hal.o
 .debug_line    0x000000000000762a      0xa4b Drivers/STM32F4xx_HAL_Driver/Src/stm32f4xx_hal_cortex.o
 .debug_line    0x0000000000008075      0x9f5 Drivers/STM32F4xx_HAL_Driver/Src/stm32f4xx_hal_dma.o
 .debug_line    0x0000000000008a6a      0x906 Drivers/STM32F4xx_HAL_Driver/Src/stm32f4xx_hal_gpio.o
 .debug_line    0x0000000000009370     0x1b61 Drivers/STM32F4xx_HAL_Driver/Src/stm32f4xx_hal_i2c.o
 .debug_line    0x000000000000aed1      0xdc3 Drivers/STM32F4xx_HAL_Driver/Src/stm32f4xx_hal_i2s.o
 .debug_line    0x000000000000bc94      0xef1 Drivers/STM32F4xx_HAL_Driver/Src/stm32f4xx_hal_i2s_ex.o
 .debug_line    0x000000000000cb85      0x97f Drivers/STM32F4xx_HAL_Driver/Src/stm32f4xx_hal_rcc.o
 .debug_line    0x000000000000d504      0x848 Drivers/STM32F4xx_HAL_Driver/Src/stm32f4xx_hal_rcc_ex.o
 .debug_line    0x000000000000dd4c     0x10e3 Drivers/STM32F4xx_HAL_Driver/Src/stm32f4xx_hal_spi.o
 .debug_line    0x000000000000ee2f     0x19a0 Drivers/STM32F4xx_HAL_Driver/Src/stm32f4xx_hal_tim.o
 .debug_line    0x00000000000107cf      0xd3d Drivers/STM32F4xx_HAL_Driver/Src/stm32f4xx_hal_tim_ex.o

.debug_str      0x0000000000000000    0xd2c96
 .debug_str     0x0000000000000000    0xc47b4 Core/Src/CS43.o
                                      0xc4ac3 (size before relaxing)
 .debug_str     0x00000000000c47b4      0xb51 Core/Src/diskio.o
                                      0xc5305 (size before relaxing)
 .debug_str     0x00000000000c5305     0x32d6 Core/Src/display_control.o
                                      0xc81ee (size before relaxing)
 .debug_str     0x00000000000c85db     0x3a2c Core/Src/ff.o
                                       0x7f9a (size before relaxing)
 .debug_str     0x00000000000cc007      0x1c9 Core/Src/file_system.o
                                      0xc513a (size before relaxing)
 .debug_str     0x00000000000cc1d0      0xdf8 Core/Src/main.o
                                      0xc67ca (size before relaxing)
 .debug_str     0x00000000000ccfc8      0xc0c Core/Src/ssd1306.o
                                      0xc86ba (size before relaxing)
 .debug_str     0x00000000000cdbd4       0x41 Core/Src/ssd1306_fonts.o
                                       0x3c97 (size before relaxing)
 .debug_str     0x00000000000cdc15       0xd7 Core/Src/stm32f4xx_hal_msp.o
                                      0xc57f2 (size before relaxing)
 .debug_str     0x00000000000cdcec       0xfd Core/Src/stm32f4xx_it.o
                                      0xc52d7 (size before relaxing)
 .debug_str     0x00000000000cdde9     0x168c Core/Src/sysmem.o
                                       0x7ae2 (size before relaxing)
 .debug_str     0x00000000000cf475       0xc4 Core/Src/system_stm32f4xx.o
                                      0xc46b9 (size before relaxing)
 .debug_str     0x00000000000cf539       0x36 Core/Startup/startup_stm32f407vgtx.o
                                         0x64 (size before relaxing)
 .debug_str     0x00000000000cf56f      0x57b Drivers/STM32F4xx_HAL_Driver/Src/stm32f4xx_hal.o
                                      0xc5186 (size before relaxing)
 .debug_str     0x00000000000cfaea      0x399 Drivers/STM32F4xx_HAL_Driver/Src/stm32f4xx_hal_cortex.o
                                      0xc4f75 (size before relaxing)
 .debug_str     0x00000000000cfe83      0x31d Drivers/STM32F4xx_HAL_Driver/Src/stm32f4xx_hal_dma.o
                                      0xc4ace (size before relaxing)
 .debug_str     0x00000000000d01a0      0x207 Drivers/STM32F4xx_HAL_Driver/Src/stm32f4xx_hal_gpio.o
                                      0xc48f8 (size before relaxing)
 .debug_str     0x00000000000d03a7      0xa7b Drivers/STM32F4xx_HAL_Driver/Src/stm32f4xx_hal_i2c.o
                                      0xc5602 (size before relaxing)
 .debug_str     0x00000000000d0e22      0x27c Drivers/STM32F4xx_HAL_Driver/Src/stm32f4xx_hal_i2s.o
                                      0xc4c6d (size before relaxing)
 .debug_str     0x00000000000d109e      0x1f1 Drivers/STM32F4xx_HAL_Driver/Src/stm32f4xx_hal_i2s_ex.o
                                      0xc4bab (size before relaxing)
 .debug_str     0x00000000000d128f      0x24e Drivers/STM32F4xx_HAL_Driver/Src/stm32f4xx_hal_rcc.o
                                      0xc4aa6 (size before relaxing)
 .debug_str     0x00000000000d14dd      0x113 Drivers/STM32F4xx_HAL_Driver/Src/stm32f4xx_hal_rcc_ex.o
                                      0xc47ee (size before relaxing)
 .debug_str     0x00000000000d15f0      0x520 Drivers/STM32F4xx_HAL_Driver/Src/stm32f4xx_hal_spi.o
                                      0xc4f27 (size before relaxing)
 .debug_str     0x00000000000d1b10      0xce4 Drivers/STM32F4xx_HAL_Driver/Src/stm32f4xx_hal_tim.o
                                      0xc57c5 (size before relaxing)
 .debug_str     0x00000000000d27f4      0x4a2 Drivers/STM32F4xx_HAL_Driver/Src/stm32f4xx_hal_tim_ex.o
                                      0xc4fc5 (size before relaxing)

.comment        0x0000000000000000       0x7b
 .comment       0x0000000000000000       0x7b Core/Src/CS43.o
                                         0x7c (size before relaxing)
 .comment       0x000000000000007b       0x7c Core/Src/diskio.o
 .comment       0x000000000000007b       0x7c Core/Src/display_control.o
 .comment       0x000000000000007b       0x7c Core/Src/ff.o
 .comment       0x000000000000007b       0x7c Core/Src/file_system.o
 .comment       0x000000000000007b       0x7c Core/Src/main.o
 .comment       0x000000000000007b       0x7c Core/Src/ssd1306.o
 .comment       0x000000000000007b       0x7c Core/Src/ssd1306_fonts.o
 .comment       0x000000000000007b       0x7c Core/Src/stm32f4xx_hal_msp.o
 .comment       0x000000000000007b       0x7c Core/Src/stm32f4xx_it.o
 .comment       0x000000000000007b       0x7c Core/Src/sysmem.o
 .comment       0x000000000000007b       0x7c Core/Src/system_stm32f4xx.o
 .comment       0x000000000000007b       0x7c Drivers/STM32F4xx_HAL_Driver/Src/stm32f4xx_hal.o
 .comment       0x000000000000007b       0x7c Drivers/STM32F4xx_HAL_Driver/Src/stm32f4xx_hal_cortex.o
 .comment       0x000000000000007b       0x7c Drivers/STM32F4xx_HAL_Driver/Src/stm32f4xx_hal_dma.o
 .comment       0x000000000000007b       0x7c Drivers/STM32F4xx_HAL_Driver/Src/stm32f4xx_hal_gpio.o
 .comment       0x000000000000007b       0x7c Drivers/STM32F4xx_HAL_Driver/Src/stm32f4xx_hal_i2c.o