Archive member included to satisfy reference by file (symbol)

c:/st/stm32cubeide_1.3.0/stm32cubeide/plugins/com.st.stm32cube.ide.mcu.externaltools.gnu-tools-for-stm32.7-2018-q2-update.win32_1.0.0.201904181610/tools/bin/../lib/gcc/arm-none-eabi/7.3.1/../../../../arm-none-eabi/lib/thumb/v7e-m/fpv4-sp/hard\libc_nano.a(lib_a-errno.o)
                              Core/Src/syscalls.o (__errno)
c:/st/stm32cubeide_1.3.0/stm32cubeide/plugins/com.st.stm32cube.ide.mcu.externaltools.gnu-tools-for-stm32.7-2018-q2-update.win32_1.0.0.201904181610/tools/bin/../lib/gcc/arm-none-eabi/7.3.1/../../../../arm-none-eabi/lib/thumb/v7e-m/fpv4-sp/hard\libc_nano.a(lib_a-exit.o)
                              c:/st/stm32cubeide_1.3.0/stm32cubeide/plugins/com.st.stm32cube.ide.mcu.externaltools.gnu-tools-for-stm32.7-2018-q2-update.win32_1.0.0.201904181610/tools/bin/../lib/gcc/arm-none-eabi/7.3.1/../../../../arm-none-eabi/lib/thumb/v7e-m/fpv4-sp/hard/crt0.o (exit)
c:/st/stm32cubeide_1.3.0/stm32cubeide/plugins/com.st.stm32cube.ide.mcu.externaltools.gnu-tools-for-stm32.7-2018-q2-update.win32_1.0.0.201904181610/tools/bin/../lib/gcc/arm-none-eabi/7.3.1/../../../../arm-none-eabi/lib/thumb/v7e-m/fpv4-sp/hard\libc_nano.a(lib_a-impure.o)
                              c:/st/stm32cubeide_1.3.0/stm32cubeide/plugins/com.st.stm32cube.ide.mcu.externaltools.gnu-tools-for-stm32.7-2018-q2-update.win32_1.0.0.201904181610/tools/bin/../lib/gcc/arm-none-eabi/7.3.1/../../../../arm-none-eabi/lib/thumb/v7e-m/fpv4-sp/hard\libc_nano.a(lib_a-exit.o) (_global_impure_ptr)
c:/st/stm32cubeide_1.3.0/stm32cubeide/plugins/com.st.stm32cube.ide.mcu.externaltools.gnu-tools-for-stm32.7-2018-q2-update.win32_1.0.0.201904181610/tools/bin/../lib/gcc/arm-none-eabi/7.3.1/../../../../arm-none-eabi/lib/thumb/v7e-m/fpv4-sp/hard\libc_nano.a(lib_a-init.o)
                              c:/st/stm32cubeide_1.3.0/stm32cubeide/plugins/com.st.stm32cube.ide.mcu.externaltools.gnu-tools-for-stm32.7-2018-q2-update.win32_1.0.0.201904181610/tools/bin/../lib/gcc/arm-none-eabi/7.3.1/../../../../arm-none-eabi/lib/thumb/v7e-m/fpv4-sp/hard/crt0.o (__libc_init_array)
c:/st/stm32cubeide_1.3.0/stm32cubeide/plugins/com.st.stm32cube.ide.mcu.externaltools.gnu-tools-for-stm32.7-2018-q2-update.win32_1.0.0.201904181610/tools/bin/../lib/gcc/arm-none-eabi/7.3.1/../../../../arm-none-eabi/lib/thumb/v7e-m/fpv4-sp/hard\libc_nano.a(lib_a-memset.o)
                              c:/st/stm32cubeide_1.3.0/stm32cubeide/plugins/com.st.stm32cube.ide.mcu.externaltools.gnu-tools-for-stm32.7-2018-q2-update.win32_1.0.0.201904181610/tools/bin/../lib/gcc/arm-none-eabi/7.3.1/../../../../arm-none-eabi/lib/thumb/v7e-m/fpv4-sp/hard/crt0.o (memset)
c:/st/stm32cubeide_1.3.0/stm32cubeide/plugins/com.st.stm32cube.ide.mcu.externaltools.gnu-tools-for-stm32.7-2018-q2-update.win32_1.0.0.201904181610/tools/bin/../lib/gcc/arm-none-eabi/7.3.1/../../../../arm-none-eabi/lib/thumb/v7e-m/fpv4-sp/hard\libc_nano.a(lib_a-strcmp.o)
                              Core/Src/file_system.o (strcmp)
c:/st/stm32cubeide_1.3.0/stm32cubeide/plugins/com.st.stm32cube.ide.mcu.externaltools.gnu-tools-for-stm32.7-2018-q2-update.win32_1.0.0.201904181610/tools/bin/../lib/gcc/arm-none-eabi/7.3.1/../../../../arm-none-eabi/lib/thumb/v7e-m/fpv4-sp/hard\libc_nano.a(lib_a-strlen.o)
                              Core/Src/file_system.o (strlen)
c:/st/stm32cubeide_1.3.0/stm32cubeide/plugins/com.st.stm32cube.ide.mcu.externaltools.gnu-tools-for-stm32.7-2018-q2-update.win32_1.0.0.201904181610/tools/bin/../lib/gcc/arm-none-eabi/7.3.1/thumb/v7e-m/fpv4-sp/hard\libgcc.a(_aeabi_uldivmod.o)
                              Drivers/STM32F4xx_HAL_Driver/Src/stm32f4xx_hal_rcc.o (__aeabi_uldivmod)
c:/st/stm32cubeide_1.3.0/stm32cubeide/plugins/com.st.stm32cube.ide.mcu.externaltools.gnu-tools-for-stm32.7-2018-q2-update.win32_1.0.0.201904181610/tools/bin/../lib/gcc/arm-none-eabi/7.3.1/thumb/v7e-m/fpv4-sp/hard\libgcc.a(_udivmoddi4.o)
                              c:/st/stm32cubeide_1.3.0/stm32cubeide/plugins/com.st.stm32cube.ide.mcu.externaltools.gnu-tools-for-stm32.7-2018-q2-update.win32_1.0.0.201904181610/tools/bin/../lib/gcc/arm-none-eabi/7.3.1/thumb/v7e-m/fpv4-sp/hard\libgcc.a(_aeabi_uldivmod.o) (__udivmoddi4)
c:/st/stm32cubeide_1.3.0/stm32cubeide/plugins/com.st.stm32cube.ide.mcu.externaltools.gnu-tools-for-stm32.7-2018-q2-update.win32_1.0.0.201904181610/tools/bin/../lib/gcc/arm-none-eabi/7.3.1/thumb/v7e-m/fpv4-sp/hard\libgcc.a(_dvmd_tls.o)
                              c:/st/stm32cubeide_1.3.0/stm32cubeide/plugins/com.st.stm32cube.ide.mcu.externaltools.gnu-tools-for-stm32.7-2018-q2-update.win32_1.0.0.201904181610/tools/bin/../lib/gcc/arm-none-eabi/7.3.1/thumb/v7e-m/fpv4-sp/hard\libgcc.a(_aeabi_uldivmod.o) (__aeabi_ldiv0)

Allocating common symbols
Common symbol       size              file

htim4               0x40              Core/Src/main.o
hi2c1               0x54              Core/Src/main.o
uwTick              0x4               Drivers/STM32F4xx_HAL_Driver/Src/stm32f4xx_hal.o
[...]
Memory Configuration

Name             Origin             Length             Attributes
CCMRAM           0x0000000010000000 0x0000000000010000 xrw
RAM              0x0000000020000000 0x0000000000020000 xrw
FLASH            0x0000000008000000 0x0000000000100000 xr
*default*        0x0000000000000000 0xffffffffffffffff

Linker script and memory map

LOAD c:/st/stm32cubeide_1.3.0/stm32cubeide/plugins/com.st.stm32cube.ide.mcu.externaltools.gnu-tools-for-stm32.7-2018-q2-update.win32_1.0.0.201904181610/tools/bin/../lib/gcc/arm-none-eabi/7.3.1/thumb/v7e-m/fpv4-sp/hard/crti.o
LOAD c:/st/stm32cubeide_1.3.0/stm32cubeide/plugins/com.st.stm32cube.ide.mcu.externaltools.gnu-tools-for-stm32.7-2018-q2-update.win32_1.0.0.201904181610/tools/bin/../lib/gcc/arm-none-eabi/7.3.1/thumb/v7e-m/fpv4-sp/hard/crtbegin.o
LOAD c:/st/stm32cubeide_1.3.0/stm32cubeide/plugins/com.st.stm32cube.ide.mcu.externaltools.gnu-tools-for-stm32.7-2018-q2-update.win32_1.0.0.201904181610/tools/bin/../lib/gcc/arm-none-eabi/7.3.1/../../../../arm-none-eabi/lib/thumb/v7e-m/fpv4-sp/hard/crt0.o
LOAD Core/Src/CS43.o
LOAD Core/Src/audio.o
LOAD Core/Src/diskio.o
LOAD Core/Src/ff.o
LOAD Core/Src/ffsystem.o
LOAD Core/Src/ffunicode.o
LOAD Core/Src/file_system.o
LOAD Core/Src/main.o
LOAD Core/Src/stm32f4xx_hal_msp.o
LOAD Core/Src/stm32f4xx_it.o
LOAD Core/Src/syscalls.o
LOAD Core/Src/sysmem.o
LOAD Core/Src/system_stm32f4xx.o
LOAD Core/Startup/startup_stm32f407vgtx.o
LOAD Drivers/STM32F4xx_HAL_Driver/Src/stm32f4xx_hal.o
LOAD Drivers/STM32F4xx_HAL_Driver/Src/stm32f4xx_hal_cortex.o
LOAD Drivers/STM32F4xx_HAL_Driver/Src/stm32f4xx_hal_dma.o
LOAD Drivers/STM32F4xx_HAL_Driver/Src/stm32f4xx_hal_dma_ex.o
LOAD Drivers/STM32F4xx_HAL_Driver/Src/stm32f4xx_hal_exti.o
LOAD Drivers/STM32F4xx_HAL_Driver/Src/stm32f4xx_hal_flash.o
LOAD Drivers/STM32F4xx_HAL_Driver/Src/stm32f4xx_hal_flash_ex.o
LOAD Drivers/STM32F4xx_HAL_Driver/Src/stm32f4xx_hal_flash_ramfunc.o
LOAD Drivers/STM32F4xx_HAL_Driver/Src/stm32f4xx_hal_gpio.o
LOAD Drivers/STM32F4xx_HAL_Driver/Src/stm32f4xx_hal_i2c.o
LOAD Drivers/STM32F4xx_HAL_Driver/Src/stm32f4xx_hal_i2c_ex.o
LOAD Drivers/STM32F4xx_HAL_Driver/Src/stm32f4xx_hal_i2s.o
LOAD Drivers/STM32F4xx_HAL_Driver/Src/stm32f4xx_hal_i2s_ex.o
LOAD Drivers/STM32F4xx_HAL_Driver/Src/stm32f4xx_hal_pwr.o
LOAD Drivers/STM32F4xx_HAL_Driver/Src/stm32f4xx_hal_pwr_ex.o
LOAD Drivers/STM32F4xx_HAL_Driver/Src/stm32f4xx_hal_rcc.o
LOAD Drivers/STM32F4xx_HAL_Driver/Src/stm32f4xx_hal_rcc_ex.o
LOAD Drivers/STM32F4xx_HAL_Driver/Src/stm32f4xx_hal_spi.o
LOAD Drivers/STM32F4xx_HAL_Driver/Src/stm32f4xx_hal_tim.o
LOAD Drivers/STM32F4xx_HAL_Driver/Src/stm32f4xx_hal_tim_ex.o
START GROUP
LOAD c:/st/stm32cubeide_1.3.0/stm32cubeide/plugins/com.st.stm32cube.ide.mcu.externaltools.gnu-tools-for-stm32.7-2018-q2-update.win32_1.0.0.201904181610/tools/bin/../lib/gcc/arm-none-eabi/7.3.1/../../../../arm-none-eabi/lib/thumb/v7e-m/fpv4-sp/hard\libc_nano.a
LOAD c:/st/stm32cubeide_1.3.0/stm32cubeide/plugins/com.st.stm32cube.ide.mcu.externaltools.gnu-tools-for-stm32.7-2018-q2-update.win32_1.0.0.201904181610/tools/bin/../lib/gcc/arm-none-eabi/7.3.1/../../../../arm-none-eabi/lib/thumb/v7e-m/fpv4-sp/hard\libm.a
END GROUP
START GROUP
LOAD c:/st/stm32cubeide_1.3.0/stm32cubeide/plugins/com.st.stm32cube.ide.mcu.externaltools.gnu-tools-for-stm32.7-2018-q2-update.win32_1.0.0.201904181610/tools/bin/../lib/gcc/arm-none-eabi/7.3.1/thumb/v7e-m/fpv4-sp/hard\libgcc.a
LOAD c:/st/stm32cubeide_1.3.0/stm32cubeide/plugins/com.st.stm32cube.ide.mcu.externaltools.gnu-tools-for-stm32.7-2018-q2-update.win32_1.0.0.201904181610/tools/bin/../lib/gcc/arm-none-eabi/7.3.1/../../../../arm-none-eabi/lib/thumb/v7e-m/fpv4-sp/hard\libc_nano.a
END GROUP
START GROUP
LOAD c:/st/stm32cubeide_1.3.0/stm32cubeide/plugins/com.st.stm32cube.ide.mcu.externaltools.gnu-tools-for-stm32.7-2018-q2-update.win32_1.0.0.201904181610/tools/bin/../lib/gcc/arm-none-eabi/7.3.1/thumb/v7e-m/fpv4-sp/hard\libgcc.a
LOAD c:/st/stm32cubeide_1.3.0/stm32cubeide/plugins/com.st.stm32cube.ide.mcu.externaltools.gnu-tools-for-stm32.7-2018-q2-update.win32_1.0.0.201904181610/tools/bin/../lib/gcc/arm-none-eabi/7.3.1/../../../../arm-none-eabi/lib/thumb/v7e-m/fpv4-sp/hard\libc_nano.a
LOAD c:/st/stm32cubeide_1.3.0/stm32cubeide/plugins/com.st.stm32cube.ide.mcu.externaltools.gnu-tools-for-stm32.7-2018-q2-update.win32_1.0.0.201904181610/tools/bin/../lib/gcc/arm-none-eabi/7.3.1/../../../../arm-none-eabi/lib/thumb/v7e-m/fpv4-sp/hard\libnosys.a
END GROUP
START GROUP
LOAD c:/st/stm32cubeide_1.3.0/stm32cubeide/plugins/com.st.stm32cube.ide.mcu.externaltools.gnu-tools-for-stm32.7-2018-q2-update.win32_1.0.0.201904181610/tools/bin/../lib/gcc/arm-none-eabi/7.3.1/thumb/v7e-m/fpv4-sp/hard\libgcc.a
LOAD c:/st/stm32cubeide_1.3.0/stm32cubeide/plugins/com.st.stm32cube.ide.mcu.externaltools.gnu-tools-for-stm32.7-2018-q2-update.win32_1.0.0.201904181610/tools/bin/../lib/gcc/arm-none-eabi/7.3.1/../../../../arm-none-eabi/lib/thumb/v7e-m/fpv4-sp/hard\libc_nano.a
LOAD c:/st/stm32cubeide_1.3.0/stm32cubeide/plugins/com.st.stm32cube.ide.mcu.externaltools.gnu-tools-for-stm32.7-2018-q2-update.win32_1.0.0.201904181610/tools/bin/../lib/gcc/arm-none-eabi/7.3.1/../../../../arm-none-eabi/lib/thumb/v7e-m/fpv4-sp/hard\libnosys.a
END GROUP
LOAD c:/st/stm32cubeide_1.3.0/stm32cubeide/plugins/com.st.stm32cube.ide.mcu.externaltools.gnu-tools-for-stm32.7-2018-q2-update.win32_1.0.0.201904181610/tools/bin/../lib/gcc/arm-none-eabi/7.3.1/thumb/v7e-m/fpv4-sp/hard/crtend.o
LOAD c:/st/stm32cubeide_1.3.0/stm32cubeide/plugins/com.st.stm32cube.ide.mcu.externaltools.gnu-tools-for-stm32.7-2018-q2-update.win32_1.0.0.201904181610/tools/bin/../lib/gcc/arm-none-eabi/7.3.1/thumb/v7e-m/fpv4-sp/hard/crtn.o
                0x0000000020020000                _estack = (ORIGIN (RAM) + LENGTH (RAM))
                0x0000000000000200                _Min_Heap_Size = 0x200
                0x0000000000000400                _Min_Stack_Size = 0x400

.isr_vector     0x0000000008000000      0x188
                0x0000000008000000                . = ALIGN (0x4)
 *(.isr_vector)
 .isr_vector    0x0000000008000000      0x188 Core/Startup/startup_stm32f407vgtx.o
                0x0000000008000000                g_pfnVectors
                0x0000000008000188                . = ALIGN (0x4)

.text           0x0000000008000188     0x81e8
                0x0000000008000188                . = ALIGN (0x4)
 *(.text)
 .text          0x0000000008000188       0x40 c:/st/stm32cubeide_1.3.0/stm32cubeide/plugins/com.st.stm32cube.ide.mcu.externaltools.gnu-tools-for-stm32.7-2018-q2-update.win32_1.0.0.201904181610/tools/bin/../lib/gcc/arm-none-eabi/7.3.1/thumb/v7e-m/fpv4-sp/hard/crtbegin.o
 .text          0x00000000080001c8       0x14 c:/st/stm32cubeide_1.3.0/stm32cubeide/plugins/com.st.stm32cube.ide.mcu.externaltools.gnu-tools-for-stm32.7-2018-q2-update.win32_1.0.0.201904181610/tools/bin/../lib/gcc/arm-none-eabi/7.3.1/../../../../arm-none-eabi/lib/thumb/v7e-m/fpv4-sp/hard\libc_nano.a(lib_a-strcmp.o)
                0x00000000080001c8                strcmp
 .text          0x00000000080001dc       0x10 c:/st/stm32cubeide_1.3.0/stm32cubeide/plugins/com.st.stm32cube.ide.mcu.externaltools.gnu-tools-for-stm32.7-2018-q2-update.win32_1.0.0.201904181610/tools/bin/../lib/gcc/arm-none-eabi/7.3.1/../../../../arm-none-eabi/lib/thumb/v7e-m/fpv4-sp/hard\libc_nano.a(lib_a-strlen.o)
                0x00000000080001dc                strlen
 .text          0x00000000080001ec       0x30 c:/st/stm32cubeide_1.3.0/stm32cubeide/plugins/com.st.stm32cube.ide.mcu.externaltools.gnu-tools-for-stm32.7-2018-q2-update.win32_1.0.0.201904181610/tools/bin/../lib/gcc/arm-none-eabi/7.3.1/thumb/v7e-m/fpv4-sp/hard\libgcc.a(_aeabi_uldivmod.o)
                0x00000000080001ec                __aeabi_uldivmod
 .text          0x000000000800021c      0x2cc c:/st/stm32cubeide_1.3.0/stm32cubeide/plugins/com.st.stm32cube.ide.mcu.externaltools.gnu-tools-for-stm32.7-2018-q2-update.win32_1.0.0.201904181610/tools/bin/../lib/gcc/arm-none-eabi/7.3.1/thumb/v7e-m/fpv4-sp/hard\libgcc.a(_udivmoddi4.o)
                0x000000000800021c                __udivmoddi4
 .text          0x00000000080004e8        0x4 c:/st/stm32cubeide_1.3.0/stm32cubeide/plugins/com.st.stm32cube.ide.mcu.externaltools.gnu-tools-for-stm32.7-2018-q2-update.win32_1.0.0.201904181610/tools/bin/../lib/gcc/arm-none-eabi/7.3.1/thumb/v7e-m/fpv4-sp/hard\libgcc.a(_dvmd_tls.o)
                0x00000000080004e8                __aeabi_idiv0
                0x00000000080004e8                __aeabi_ldiv0
 *(.text*)
 .text.CS43_Start
                0x00000000080004ec      0x3a0 Core/Src/CS43.o
                0x00000000080004ec                CS43_Start
 .text.SELECT   0x000000000800088c        0xe Core/Src/diskio.o
 .text.DESELECT
                0x000000000800089a        0xe Core/Src/diskio.o
 .text.xmit_spi
                0x00000000080008a8       0x34 Core/Src/diskio.o
 .text.rcvr_spi
                0x00000000080008dc       0x3c Core/Src/diskio.o
 .text.rcvr_spi_m
                0x0000000008000918       0x1c Core/Src/diskio.o
 .text.wait_ready
                0x0000000008000934       0x38 Core/Src/diskio.o
 .text.power_on
                0x000000000800096c       0x9c Core/Src/diskio.o
 .text.power_off
                0x0000000008000a08       0x18 Core/Src/diskio.o
 .text.chk_power
                0x0000000008000a20       0x18 Core/Src/diskio.o
 .text.rcvr_datablock
                0x0000000008000a38       0x6c Core/Src/diskio.o
 .text.xmit_datablock
                0x0000000008000aa4       0xa8 Core/Src/diskio.o
 .text.send_cmd
                0x0000000008000b4c       0xa4 Core/Src/diskio.o
 .text.disk_initialize
                0x0000000008000bf0      0x1d4 Core/Src/diskio.o
                0x0000000008000bf0                disk_initialize
 .text.disk_status
                0x0000000008000dc4       0x2c Core/Src/diskio.o
                0x0000000008000dc4                disk_status
 .text.disk_read
                0x0000000008000df0       0xd4 Core/Src/diskio.o
                0x0000000008000df0                disk_read
 .text.disk_write
                0x0000000008000ec4      0x108 Core/Src/diskio.o
                0x0000000008000ec4                disk_write
 .text.disk_ioctl
                0x0000000008000fcc      0x300 Core/Src/diskio.o
                0x0000000008000fcc                disk_ioctl
 .text.get_fattime
                0x00000000080012cc       0x14 Core/Src/diskio.o
                0x00000000080012cc                get_fattime
 .text.ld_word  0x00000000080012e0       0x30 Core/Src/ff.o
 .text.ld_dword
                0x0000000008001310       0x46 Core/Src/ff.o
 .text.st_word  0x0000000008001356       0x36 Core/Src/ff.o
 .text.st_dword
                0x000000000800138c       0x58 Core/Src/ff.o
 .text.mem_cpy  0x00000000080013e4       0x42 Core/Src/ff.o
 .text.mem_set  0x0000000008001426       0x34 Core/Src/ff.o
 .text.mem_cmp  0x000000000800145a       0x4e Core/Src/ff.o
 .text.chk_chr  0x00000000080014a8       0x36 Core/Src/ff.o
 .text.dbc_1st  0x00000000080014de       0x40 Core/Src/ff.o
 .text.dbc_2nd  0x000000000800151e       0x54 Core/Src/ff.o
 .text.sync_window
                0x0000000008001572       0x78 Core/Src/ff.o
 .text.move_window
                0x00000000080015ea       0x5a Core/Src/ff.o
 .text.sync_fs  0x0000000008001644       0xdc Core/Src/ff.o
 .text.clst2sect
                0x0000000008001720       0x3e Core/Src/ff.o
 .text.get_fat  0x000000000800175e      0x14a Core/Src/ff.o
 .text.put_fat  0x00000000080018a8      0x1ce Core/Src/ff.o
 .text.remove_chain
                0x0000000008001a76       0xca Core/Src/ff.o
 .text.create_chain
                0x0000000008001b40      0x1a2 Core/Src/ff.o
 .text.dir_clear
                0x0000000008001ce2       0x90 Core/Src/ff.o
 .text.dir_sdi  0x0000000008001d72       0xf6 Core/Src/ff.o
 .text.dir_next
                0x0000000008001e68      0x12c Core/Src/ff.o
 .text.dir_alloc
                0x0000000008001f94       0x8e Core/Src/ff.o
 .text.ld_clust
                0x0000000008002022       0x3e Core/Src/ff.o
 .text.st_clust
                0x0000000008002060       0x40 Core/Src/ff.o
 .text.dir_find
                0x00000000080020a0       0xaa Core/Src/ff.o
 .text.dir_register
                0x000000000800214a       0x64 Core/Src/ff.o
 *fill*         0x00000000080021ae        0x2 
 .text.create_name
                0x00000000080021b0      0x184 Core/Src/ff.o
 .text.follow_path
                0x0000000008002334       0xde Core/Src/ff.o
 .text.get_ldnumber
                0x0000000008002412       0x8a Core/Src/ff.o
 .text.check_fs
                0x000000000800249c       0xac Core/Src/ff.o
 .text.find_volume
                0x0000000008002548      0x4b0 Core/Src/ff.o
 .text.validate
                0x00000000080029f8       0x6a Core/Src/ff.o
 *fill*         0x0000000008002a62        0x2 
 .text.f_mount  0x0000000008002a64       0x80 Core/Src/ff.o
                0x0000000008002a64                f_mount
 .text.f_open   0x0000000008002ae4      0x306 Core/Src/ff.o
                0x0000000008002ae4                f_open
 .text.f_read   0x0000000008002dea      0x266 Core/Src/ff.o
                0x0000000008002dea                f_read
 .text.f_sync   0x0000000008003050       0xfc Core/Src/ff.o
                0x0000000008003050                f_sync
 .text.f_close  0x000000000800314c       0x40 Core/Src/ff.o
                0x000000000800314c                f_close
 .text.f_lseek  0x000000000800318c      0x25a Core/Src/ff.o
                0x000000000800318c                f_lseek
 *fill*         0x00000000080033e6        0x2 
 .text.openFile
                0x00000000080033e8       0xa8 Core/Src/file_system.o
                0x00000000080033e8                openFile
 .text.closeFile
                0x0000000008003490       0x1e Core/Src/file_system.o
                0x0000000008003490                closeFile
 .text.setUp    0x00000000080034ae      0x15e Core/Src/file_system.o
                0x00000000080034ae                setUp
 .text.readData
                0x000000000800360c       0x28 Core/Src/file_system.o
                0x000000000800360c                readData
 .text.fatInit  0x0000000008003634       0x24 Core/Src/file_system.o
                0x0000000008003634                fatInit
 .text.HAL_TIM_PeriodElapsedCallback
                0x0000000008003658      0x110 Core/Src/main.o
                0x0000000008003658                HAL_TIM_PeriodElapsedCallback
 .text.main     0x0000000008003768       0xac Core/Src/main.o
                0x0000000008003768                main
 .text.SystemClock_Config
                0x0000000008003814      0x100 Core/Src/main.o
                0x0000000008003814                SystemClock_Config
 .text.MX_I2C1_Init
                0x0000000008003914       0x5c Core/Src/main.o
 .text.MX_I2S3_Init
                0x0000000008003970       0x5c Core/Src/main.o
 .text.MX_SPI1_Init
                0x00000000080039cc       0x6c Core/Src/main.o
 .text.MX_TIM4_Init
                0x0000000008003a38       0x98 Core/Src/main.o
 .text.MX_DMA_Init
                0x0000000008003ad0       0x40 Core/Src/main.o
 .text.MX_GPIO_Init
                0x0000000008003b10      0x13c Core/Src/main.o
 .text.Error_Handler
                0x0000000008003c4c        0xe Core/Src/main.o
                0x0000000008003c4c                Error_Handler
 *fill*         0x0000000008003c5a        0x2 
 .text.HAL_MspInit
                0x0000000008003c5c       0x50 Core/Src/stm32f4xx_hal_msp.o
                0x0000000008003c5c                HAL_MspInit
 .text.HAL_I2C_MspInit
                0x0000000008003cac       0x90 Core/Src/stm32f4xx_hal_msp.o
                0x0000000008003cac                HAL_I2C_MspInit
 .text.HAL_I2S_MspInit
                0x0000000008003d3c      0x14c Core/Src/stm32f4xx_hal_msp.o
                0x0000000008003d3c                HAL_I2S_MspInit
 .text.HAL_SPI_MspInit
                0x0000000008003e88       0x90 Core/Src/stm32f4xx_hal_msp.o
                0x0000000008003e88                HAL_SPI_MspInit
 .text.HAL_TIM_Base_MspInit
                0x0000000008003f18       0x50 Core/Src/stm32f4xx_hal_msp.o
                0x0000000008003f18                HAL_TIM_Base_MspInit
 .text.NMI_Handler
                0x0000000008003f68        0xe Core/Src/stm32f4xx_it.o
                0x0000000008003f68                NMI_Handler
 .text.HardFault_Handler
                0x0000000008003f76        0x6 Core/Src/stm32f4xx_it.o
                0x0000000008003f76                HardFault_Handler
 .text.MemManage_Handler
                0x0000000008003f7c        0x6 Core/Src/stm32f4xx_it.o
                0x0000000008003f7c                MemManage_Handler
 .text.BusFault_Handler
                0x0000000008003f82        0x6 Core/Src/stm32f4xx_it.o
                0x0000000008003f82                BusFault_Handler
 .text.UsageFault_Handler
                0x0000000008003f88        0x6 Core/Src/stm32f4xx_it.o
                0x0000000008003f88                UsageFault_Handler
 .text.SVC_Handler
                0x0000000008003f8e        0xe Core/Src/stm32f4xx_it.o
                0x0000000008003f8e                SVC_Handler
 .text.DebugMon_Handler
                0x0000000008003f9c        0xe Core/Src/stm32f4xx_it.o
                0x0000000008003f9c                DebugMon_Handler
 .text.PendSV_Handler
                0x0000000008003faa        0xe Core/Src/stm32f4xx_it.o
                0x0000000008003faa                PendSV_Handler
 .text.SysTick_Handler
                0x0000000008003fb8        0xc Core/Src/stm32f4xx_it.o
                0x0000000008003fb8                SysTick_Handler
 .text.DMA1_Stream5_IRQHandler
                0x0000000008003fc4       0x14 Core/Src/stm32f4xx_it.o
                0x0000000008003fc4                DMA1_Stream5_IRQHandler
 .text.TIM4_IRQHandler
                0x0000000008003fd8       0x14 Core/Src/stm32f4xx_it.o
                0x0000000008003fd8                TIM4_IRQHandler
 .text.SystemInit
                0x0000000008003fec       0x2c Core/Src/system_stm32f4xx.o
                0x0000000008003fec                SystemInit
 .text.Reset_Handler
                0x0000000008004018       0x50 Core/Startup/startup_stm32f407vgtx.o
                0x0000000008004018                Reset_Handler
 .text.Default_Handler
                0x0000000008004068        0x2 Core/Startup/startup_stm32f407vgtx.o
                0x0000000008004068                RTC_Alarm_IRQHandler
                0x0000000008004068                HASH_RNG_IRQHandler
                0x0000000008004068                EXTI2_IRQHandler
                0x0000000008004068                TIM8_CC_IRQHandler
                0x0000000008004068                TIM1_CC_IRQHandler
                0x0000000008004068                DMA2_Stream5_IRQHandler
                0x0000000008004068                PVD_IRQHandler
                0x0000000008004068                SDIO_IRQHandler
                0x0000000008004068                TAMP_STAMP_IRQHandler
                0x0000000008004068                CAN2_RX1_IRQHandler
                0x0000000008004068                EXTI3_IRQHandler
                0x0000000008004068                TIM8_TRG_COM_TIM14_IRQHandler
                0x0000000008004068                TIM1_UP_TIM10_IRQHandler
                0x0000000008004068                TIM8_UP_TIM13_IRQHandler
                0x0000000008004068                I2C3_ER_IRQHandler
                0x0000000008004068                EXTI0_IRQHandler
                0x0000000008004068                I2C2_EV_IRQHandler
                0x0000000008004068                DMA1_Stream2_IRQHandler
                0x0000000008004068                CAN1_RX0_IRQHandler
                0x0000000008004068                FPU_IRQHandler
                0x0000000008004068                OTG_HS_WKUP_IRQHandler
                0x0000000008004068                CAN2_SCE_IRQHandler
                0x0000000008004068                DMA2_Stream2_IRQHandler
                0x0000000008004068                SPI1_IRQHandler
                0x0000000008004068                TIM6_DAC_IRQHandler
                0x0000000008004068                TIM1_BRK_TIM9_IRQHandler
                0x0000000008004068                DCMI_IRQHandler
                0x0000000008004068                CAN2_RX0_IRQHandler
                0x0000000008004068                DMA2_Stream3_IRQHandler
                0x0000000008004068                USART6_IRQHandler
                0x0000000008004068                USART3_IRQHandler
                0x0000000008004068                CAN1_RX1_IRQHandler
                0x0000000008004068                UART5_IRQHandler
                0x0000000008004068                DMA2_Stream0_IRQHandler
                0x0000000008004068                I2C1_EV_IRQHandler
                0x0000000008004068                DMA1_Stream6_IRQHandler
                0x0000000008004068                DMA1_Stream1_IRQHandler
                0x0000000008004068                UART4_IRQHandler
                0x0000000008004068                TIM3_IRQHandler
                0x0000000008004068                RCC_IRQHandler
                0x0000000008004068                TIM8_BRK_TIM12_IRQHandler
                0x0000000008004068                Default_Handler
                0x0000000008004068                EXTI15_10_IRQHandler
                0x0000000008004068                ADC_IRQHandler
                0x0000000008004068                DMA1_Stream7_IRQHandler
                0x0000000008004068                TIM7_IRQHandler
                0x0000000008004068                CAN2_TX_IRQHandler
                0x0000000008004068                TIM5_IRQHandler
                0x0000000008004068                DMA2_Stream7_IRQHandler
                0x0000000008004068                I2C3_EV_IRQHandler
                0x0000000008004068                EXTI9_5_IRQHandler
                0x0000000008004068                RTC_WKUP_IRQHandler
                0x0000000008004068                ETH_WKUP_IRQHandler
                0x0000000008004068                SPI2_IRQHandler
                0x0000000008004068                OTG_HS_EP1_IN_IRQHandler
                0x0000000008004068                DMA1_Stream0_IRQHandler
                0x0000000008004068                CAN1_TX_IRQHandler
                0x0000000008004068                EXTI4_IRQHandler
                0x0000000008004068                FSMC_IRQHandler
                0x0000000008004068                ETH_IRQHandler
                0x0000000008004068                OTG_HS_EP1_OUT_IRQHandler
                0x0000000008004068                WWDG_IRQHandler
                0x0000000008004068                TIM2_IRQHandler
                0x0000000008004068                OTG_FS_WKUP_IRQHandler
                0x0000000008004068                TIM1_TRG_COM_TIM11_IRQHandler
                0x0000000008004068                OTG_HS_IRQHandler
                0x0000000008004068                EXTI1_IRQHandler
                0x0000000008004068                USART2_IRQHandler
                0x0000000008004068                I2C2_ER_IRQHandler
                0x0000000008004068                DMA2_Stream1_IRQHandler
                0x0000000008004068                CAN1_SCE_IRQHandler
                0x0000000008004068                FLASH_IRQHandler
                0x0000000008004068                DMA2_Stream4_IRQHandler
                0x0000000008004068                USART1_IRQHandler
                0x0000000008004068                OTG_FS_IRQHandler
                0x0000000008004068                SPI3_IRQHandler
                0x0000000008004068                DMA1_Stream4_IRQHandler
                0x0000000008004068                I2C1_ER_IRQHandler
                0x0000000008004068                DMA2_Stream6_IRQHandler
                0x0000000008004068                DMA1_Stream3_IRQHandler
 *fill*         0x000000000800406a        0x2 
 .text.HAL_Init
                0x000000000800406c       0x44 Drivers/STM32F4xx_HAL_Driver/Src/stm32f4xx_hal.o
                0x000000000800406c                HAL_Init
 .text.HAL_InitTick
                0x00000000080040b0       0x60 Drivers/STM32F4xx_HAL_Driver/Src/stm32f4xx_hal.o
                0x00000000080040b0                HAL_InitTick
 .text.HAL_IncTick
                0x0000000008004110       0x28 Drivers/STM32F4xx_HAL_Driver/Src/stm32f4xx_hal.o
                0x0000000008004110                HAL_IncTick
 .text.HAL_GetTick
                0x0000000008004138       0x18 Drivers/STM32F4xx_HAL_Driver/Src/stm32f4xx_hal.o
                0x0000000008004138                HAL_GetTick
 .text.HAL_Delay
                0x0000000008004150       0x44 Drivers/STM32F4xx_HAL_Driver/Src/stm32f4xx_hal.o
                0x0000000008004150                HAL_Delay
 .text.__NVIC_SetPriorityGrouping
                0x0000000008004194       0x48 Drivers/STM32F4xx_HAL_Driver/Src/stm32f4xx_hal_cortex.o
 .text.__NVIC_GetPriorityGrouping
                0x00000000080041dc       0x1c Drivers/STM32F4xx_HAL_Driver/Src/stm32f4xx_hal_cortex.o
 .text.__NVIC_EnableIRQ
                0x00000000080041f8       0x3c Drivers/STM32F4xx_HAL_Driver/Src/stm32f4xx_hal_cortex.o
 .text.__NVIC_SetPriority
                0x0000000008004234       0x54 Drivers/STM32F4xx_HAL_Driver/Src/stm32f4xx_hal_cortex.o
 .text.NVIC_EncodePriority
                0x0000000008004288       0x66 Drivers/STM32F4xx_HAL_Driver/Src/stm32f4xx_hal_cortex.o
 *fill*         0x00000000080042ee        0x2 
 .text.SysTick_Config
                0x00000000080042f0       0x44 Drivers/STM32F4xx_HAL_Driver/Src/stm32f4xx_hal_cortex.o
 .text.HAL_NVIC_SetPriorityGrouping
                0x0000000008004334       0x16 Drivers/STM32F4xx_HAL_Driver/Src/stm32f4xx_hal_cortex.o
                0x0000000008004334                HAL_NVIC_SetPriorityGrouping
 .text.HAL_NVIC_SetPriority
                0x000000000800434a       0x38 Drivers/STM32F4xx_HAL_Driver/Src/stm32f4xx_hal_cortex.o
                0x000000000800434a                HAL_NVIC_SetPriority
 .text.HAL_NVIC_EnableIRQ
                0x0000000008004382       0x1c Drivers/STM32F4xx_HAL_Driver/Src/stm32f4xx_hal_cortex.o
                0x0000000008004382                HAL_NVIC_EnableIRQ
 .text.HAL_SYSTICK_Config
                0x000000000800439e       0x18 Drivers/STM32F4xx_HAL_Driver/Src/stm32f4xx_hal_cortex.o
                0x000000000800439e                HAL_SYSTICK_Config
 *fill*         0x00000000080043b6        0x2 
 .text.HAL_DMA_Init
                0x00000000080043b8      0x15c Drivers/STM32F4xx_HAL_Driver/Src/stm32f4xx_hal_dma.o
                0x00000000080043b8                HAL_DMA_Init
 .text.HAL_DMA_IRQHandler
                0x0000000008004514      0x314 Drivers/STM32F4xx_HAL_Driver/Src/stm32f4xx_hal_dma.o
                0x0000000008004514                HAL_DMA_IRQHandler
 .text.DMA_CalcBaseAndBitshift
                0x0000000008004828       0x6c Drivers/STM32F4xx_HAL_Driver/Src/stm32f4xx_hal_dma.o
 .text.DMA_CheckFifoParam
                0x0000000008004894       0xf4 Drivers/STM32F4xx_HAL_Driver/Src/stm32f4xx_hal_dma.o
 .text.HAL_GPIO_Init
                0x0000000008004988      0x334 Drivers/STM32F4xx_HAL_Driver/Src/stm32f4xx_hal_gpio.o
                0x0000000008004988                HAL_GPIO_Init
 .text.HAL_GPIO_WritePin
                0x0000000008004cbc       0x32 Drivers/STM32F4xx_HAL_Driver/Src/stm32f4xx_hal_gpio.o
                0x0000000008004cbc                HAL_GPIO_WritePin
 *fill*         0x0000000008004cee        0x2 
 .text.HAL_I2C_Init
                0x0000000008004cf0      0x270 Drivers/STM32F4xx_HAL_Driver/Src/stm32f4xx_hal_i2c.o
                0x0000000008004cf0                HAL_I2C_Init
 .text.HAL_I2C_Mem_Write
                0x0000000008004f60      0x1f4 Drivers/STM32F4xx_HAL_Driver/Src/stm32f4xx_hal_i2c.o
                0x0000000008004f60                HAL_I2C_Mem_Write
 .text.HAL_I2C_Mem_Read
                0x0000000008005154      0x44c Drivers/STM32F4xx_HAL_Driver/Src/stm32f4xx_hal_i2c.o
                0x0000000008005154                HAL_I2C_Mem_Read
 .text.I2C_RequestMemoryWrite
                0x00000000080055a0      0x128 Drivers/STM32F4xx_HAL_Driver/Src/stm32f4xx_hal_i2c.o
 .text.I2C_RequestMemoryRead
                0x00000000080056c8      0x1cc Drivers/STM32F4xx_HAL_Driver/Src/stm32f4xx_hal_i2c.o
 .text.I2C_WaitOnFlagUntilTimeout
                0x0000000008005894       0xae Drivers/STM32F4xx_HAL_Driver/Src/stm32f4xx_hal_i2c.o
 .text.I2C_WaitOnMasterAddressFlagUntilTimeout
                0x0000000008005942       0xfe Drivers/STM32F4xx_HAL_Driver/Src/stm32f4xx_hal_i2c.o
 .text.I2C_WaitOnTXEFlagUntilTimeout
                0x0000000008005a40       0x82 Drivers/STM32F4xx_HAL_Driver/Src/stm32f4xx_hal_i2c.o
 .text.I2C_WaitOnBTFFlagUntilTimeout
                0x0000000008005ac2       0x82 Drivers/STM32F4xx_HAL_Driver/Src/stm32f4xx_hal_i2c.o
 .text.I2C_WaitOnRXNEFlagUntilTimeout
                0x0000000008005b44       0xac Drivers/STM32F4xx_HAL_Driver/Src/stm32f4xx_hal_i2c.o
 .text.I2C_IsAcknowledgeFailed
                0x0000000008005bf0       0x5e Drivers/STM32F4xx_HAL_Driver/Src/stm32f4xx_hal_i2c.o
 *fill*         0x0000000008005c4e        0x2 
 .text.HAL_I2S_Init
                0x0000000008005c50      0x280 Drivers/STM32F4xx_HAL_Driver/Src/stm32f4xx_hal_i2s.o
                0x0000000008005c50                HAL_I2S_Init
 .text.HAL_I2S_Transmit
                0x0000000008005ed0      0x1e2 Drivers/STM32F4xx_HAL_Driver/Src/stm32f4xx_hal_i2s.o
                0x0000000008005ed0                HAL_I2S_Transmit
 .text.HAL_I2S_TxCpltCallback
                0x00000000080060b2       0x14 Drivers/STM32F4xx_HAL_Driver/Src/stm32f4xx_hal_i2s.o
                0x00000000080060b2                HAL_I2S_TxCpltCallback
 .text.HAL_I2S_RxCpltCallback
                0x00000000080060c6       0x14 Drivers/STM32F4xx_HAL_Driver/Src/stm32f4xx_hal_i2s.o
                0x00000000080060c6                HAL_I2S_RxCpltCallback
 .text.HAL_I2S_ErrorCallback
                0x00000000080060da       0x14 Drivers/STM32F4xx_HAL_Driver/Src/stm32f4xx_hal_i2s.o
                0x00000000080060da                HAL_I2S_ErrorCallback
 .text.HAL_I2S_GetState
                0x00000000080060ee       0x1c Drivers/STM32F4xx_HAL_Driver/Src/stm32f4xx_hal_i2s.o
                0x00000000080060ee                HAL_I2S_GetState
 .text.I2S_Transmit_IT
                0x000000000800610a       0x5c Drivers/STM32F4xx_HAL_Driver/Src/stm32f4xx_hal_i2s.o
 .text.I2S_Receive_IT
                0x0000000008006166       0x5e Drivers/STM32F4xx_HAL_Driver/Src/stm32f4xx_hal_i2s.o
 .text.I2S_IRQHandler
                0x00000000080061c4      0x114 Drivers/STM32F4xx_HAL_Driver/Src/stm32f4xx_hal_i2s.o
 .text.I2S_WaitFlagStateUntilTimeout
                0x00000000080062d8       0x72 Drivers/STM32F4xx_HAL_Driver/Src/stm32f4xx_hal_i2s.o
 *fill*         0x000000000800634a        0x2 
 .text.HAL_I2SEx_FullDuplex_IRQHandler
                0x000000000800634c      0x2a8 Drivers/STM32F4xx_HAL_Driver/Src/stm32f4xx_hal_i2s_ex.o
                0x000000000800634c                HAL_I2SEx_FullDuplex_IRQHandler
 .text.HAL_I2SEx_TxRxCpltCallback
                0x00000000080065f4       0x14 Drivers/STM32F4xx_HAL_Driver/Src/stm32f4xx_hal_i2s_ex.o
                0x00000000080065f4                HAL_I2SEx_TxRxCpltCallback
 .text.I2SEx_TxISR_I2S
                0x0000000008006608       0x62 Drivers/STM32F4xx_HAL_Driver/Src/stm32f4xx_hal_i2s_ex.o
 *fill*         0x000000000800666a        0x2 
 .text.I2SEx_TxISR_I2SExt
                0x000000000800666c       0x98 Drivers/STM32F4xx_HAL_Driver/Src/stm32f4xx_hal_i2s_ex.o
 .text.I2SEx_RxISR_I2S
                0x0000000008006704       0x64 Drivers/STM32F4xx_HAL_Driver/Src/stm32f4xx_hal_i2s_ex.o
 .text.I2SEx_RxISR_I2SExt
                0x0000000008006768       0x98 Drivers/STM32F4xx_HAL_Driver/Src/stm32f4xx_hal_i2s_ex.o
 .text.HAL_RCC_OscConfig
                0x0000000008006800      0x4e0 Drivers/STM32F4xx_HAL_Driver/Src/stm32f4xx_hal_rcc.o
                0x0000000008006800                HAL_RCC_OscConfig
 .text.HAL_RCC_ClockConfig
                0x0000000008006ce0      0x1cc Drivers/STM32F4xx_HAL_Driver/Src/stm32f4xx_hal_rcc.o
                0x0000000008006ce0                HAL_RCC_ClockConfig
 .text.HAL_RCC_GetSysClockFreq
                0x0000000008006eac      0x1b0 Drivers/STM32F4xx_HAL_Driver/Src/stm32f4xx_hal_rcc.o
                0x0000000008006eac                HAL_RCC_GetSysClockFreq
 .text.HAL_RCC_GetHCLKFreq
                0x000000000800705c       0x18 Drivers/STM32F4xx_HAL_Driver/Src/stm32f4xx_hal_rcc.o
                0x000000000800705c                HAL_RCC_GetHCLKFreq
 .text.HAL_RCC_GetPCLK1Freq
                0x0000000008007074       0x28 Drivers/STM32F4xx_HAL_Driver/Src/stm32f4xx_hal_rcc.o
                0x0000000008007074                HAL_RCC_GetPCLK1Freq
 .text.HAL_RCCEx_PeriphCLKConfig
                0x000000000800709c      0x1c4 Drivers/STM32F4xx_HAL_Driver/Src/stm32f4xx_hal_rcc_ex.o
                0x000000000800709c                HAL_RCCEx_PeriphCLKConfig
 .text.HAL_RCCEx_GetPeriphCLKFreq
                0x0000000008007260       0xb8 Drivers/STM32F4xx_HAL_Driver/Src/stm32f4xx_hal_rcc_ex.o
                0x0000000008007260                HAL_RCCEx_GetPeriphCLKFreq
 .text.HAL_SPI_Init
                0x0000000008007318       0xc8 Drivers/STM32F4xx_HAL_Driver/Src/stm32f4xx_hal_spi.o
                0x0000000008007318                HAL_SPI_Init
 .text.HAL_SPI_Transmit
                0x00000000080073e0      0x268 Drivers/STM32F4xx_HAL_Driver/Src/stm32f4xx_hal_spi.o
                0x00000000080073e0                HAL_SPI_Transmit
 .text.HAL_SPI_TransmitReceive
                0x0000000008007648      0x344 Drivers/STM32F4xx_HAL_Driver/Src/stm32f4xx_hal_spi.o
                0x0000000008007648                HAL_SPI_TransmitReceive
 .text.HAL_SPI_GetState
                0x000000000800798c       0x1c Drivers/STM32F4xx_HAL_Driver/Src/stm32f4xx_hal_spi.o
                0x000000000800798c                HAL_SPI_GetState
 .text.SPI_WaitFlagStateUntilTimeout
                0x00000000080079a8       0xd4 Drivers/STM32F4xx_HAL_Driver/Src/stm32f4xx_hal_spi.o
 .text.SPI_EndRxTxTransaction
                0x0000000008007a7c       0x84 Drivers/STM32F4xx_HAL_Driver/Src/stm32f4xx_hal_spi.o
 .text.HAL_TIM_Base_Init
                0x0000000008007b00       0x56 Drivers/STM32F4xx_HAL_Driver/Src/stm32f4xx_hal_tim.o
                0x0000000008007b00                HAL_TIM_Base_Init
 .text.HAL_TIM_Base_Start_IT
                0x0000000008007b56       0x48 Drivers/STM32F4xx_HAL_Driver/Src/stm32f4xx_hal_tim.o
                0x0000000008007b56                HAL_TIM_Base_Start_IT
 .text.HAL_TIM_IRQHandler
                0x0000000008007b9e      0x210 Drivers/STM32F4xx_HAL_Driver/Src/stm32f4xx_hal_tim.o
                0x0000000008007b9e                HAL_TIM_IRQHandler
 .text.HAL_TIM_ConfigClockSource
                0x0000000008007dae      0x16e Drivers/STM32F4xx_HAL_Driver/Src/stm32f4xx_hal_tim.o
                0x0000000008007dae                HAL_TIM_ConfigClockSource
 .text.HAL_TIM_OC_DelayElapsedCallback
                0x0000000008007f1c       0x14 Drivers/STM32F4xx_HAL_Driver/Src/stm32f4xx_hal_tim.o
                0x0000000008007f1c                HAL_TIM_OC_DelayElapsedCallback
 .text.HAL_TIM_IC_CaptureCallback
                0x0000000008007f30       0x14 Drivers/STM32F4xx_HAL_Driver/Src/stm32f4xx_hal_tim.o
                0x0000000008007f30                HAL_TIM_IC_CaptureCallback
 .text.HAL_TIM_PWM_PulseFinishedCallback
                0x0000000008007f44       0x14 Drivers/STM32F4xx_HAL_Driver/Src/stm32f4xx_hal_tim.o
                0x0000000008007f44                HAL_TIM_PWM_PulseFinishedCallback
 .text.HAL_TIM_TriggerCallback
                0x0000000008007f58       0x14 Drivers/STM32F4xx_HAL_Driver/Src/stm32f4xx_hal_tim.o
                0x0000000008007f58                HAL_TIM_TriggerCallback
 .text.TIM_Base_SetConfig
                0x0000000008007f6c      0x140 Drivers/STM32F4xx_HAL_Driver/Src/stm32f4xx_hal_tim.o
                0x0000000008007f6c                TIM_Base_SetConfig
 .text.TIM_TI1_ConfigInputStage
                0x00000000080080ac       0x5e Drivers/STM32F4xx_HAL_Driver/Src/stm32f4xx_hal_tim.o
 .text.TIM_TI2_ConfigInputStage
                0x000000000800810a       0x60 Drivers/STM32F4xx_HAL_Driver/Src/stm32f4xx_hal_tim.o
 .text.TIM_ITRx_SetConfig
                0x000000000800816a       0x36 Drivers/STM32F4xx_HAL_Driver/Src/stm32f4xx_hal_tim.o
 .text.TIM_ETR_SetConfig
                0x00000000080081a0       0x40 Drivers/STM32F4xx_HAL_Driver/Src/stm32f4xx_hal_tim.o
                0x00000000080081a0                TIM_ETR_SetConfig
 .text.HAL_TIMEx_MasterConfigSynchronization
                0x00000000080081e0       0xf8 Drivers/STM32F4xx_HAL_Driver/Src/stm32f4xx_hal_tim_ex.o
                0x00000000080081e0                HAL_TIMEx_MasterConfigSynchronization
 .text.HAL_TIMEx_CommutCallback
                0x00000000080082d8       0x14 Drivers/STM32F4xx_HAL_Driver/Src/stm32f4xx_hal_tim_ex.o
                0x00000000080082d8                HAL_TIMEx_CommutCallback
 .text.HAL_TIMEx_BreakCallback
                0x00000000080082ec       0x14 Drivers/STM32F4xx_HAL_Driver/Src/stm32f4xx_hal_tim_ex.o
                0x00000000080082ec                HAL_TIMEx_BreakCallback
 .text.__libc_init_array
                0x0000000008008300       0x48 c:/st/stm32cubeide_1.3.0/stm32cubeide/plugins/com.st.stm32cube.ide.mcu.externaltools.gnu-tools-for-stm32.7-2018-q2-update.win32_1.0.0.201904181610/tools/bin/../lib/gcc/arm-none-eabi/7.3.1/../../../../arm-none-eabi/lib/thumb/v7e-m/fpv4-sp/hard\libc_nano.a(lib_a-init.o)
                0x0000000008008300                __libc_init_array
 .text.memset   0x0000000008008348       0x10 c:/st/stm32cubeide_1.3.0/stm32cubeide/plugins/com.st.stm32cube.ide.mcu.externaltools.gnu-tools-for-stm32.7-2018-q2-update.win32_1.0.0.201904181610/tools/bin/../lib/gcc/arm-none-eabi/7.3.1/../../../../arm-none-eabi/lib/thumb/v7e-m/fpv4-sp/hard\libc_nano.a(lib_a-memset.o)
                0x0000000008008348                memset
 *(.glue_7)
 .glue_7        0x0000000008008358        0x0 linker stubs
 *(.glue_7t)
 .glue_7t       0x0000000008008358        0x0 linker stubs
 *(.eh_frame)
 .eh_frame      0x0000000008008358        0x0 c:/st/stm32cubeide_1.3.0/stm32cubeide/plugins/com.st.stm32cube.ide.mcu.externaltools.gnu-tools-for-stm32.7-2018-q2-update.win32_1.0.0.201904181610/tools/bin/../lib/gcc/arm-none-eabi/7.3.1/thumb/v7e-m/fpv4-sp/hard/crtbegin.o
 *(.init)
 .init          0x0000000008008358        0x4 c:/st/stm32cubeide_1.3.0/stm32cubeide/plugins/com.st.stm32cube.ide.mcu.externaltools.gnu-tools-for-stm32.7-2018-q2-update.win32_1.0.0.201904181610/tools/bin/../lib/gcc/arm-none-eabi/7.3.1/thumb/v7e-m/fpv4-sp/hard/crti.o
                0x0000000008008358                _init
 .init          0x000000000800835c        0x8 c:/st/stm32cubeide_1.3.0/stm32cubeide/plugins/com.st.stm32cube.ide.mcu.externaltools.gnu-tools-for-stm32.7-2018-q2-update.win32_1.0.0.201904181610/tools/bin/../lib/gcc/arm-none-eabi/7.3.1/thumb/v7e-m/fpv4-sp/hard/crtn.o
 *(.fini)
 .fini          0x0000000008008364        0x4 c:/st/stm32cubeide_1.3.0/stm32cubeide/plugins/com.st.stm32cube.ide.mcu.externaltools.gnu-tools-for-stm32.7-2018-q2-update.win32_1.0.0.201904181610/tools/bin/../lib/gcc/arm-none-eabi/7.3.1/thumb/v7e-m/fpv4-sp/hard/crti.o
                0x0000000008008364                _fini
 .fini          0x0000000008008368        0x8 c:/st/stm32cubeide_1.3.0/stm32cubeide/plugins/com.st.stm32cube.ide.mcu.externaltools.gnu-tools-for-stm32.7-2018-q2-update.win32_1.0.0.201904181610/tools/bin/../lib/gcc/arm-none-eabi/7.3.1/thumb/v7e-m/fpv4-sp/hard/crtn.o
                0x0000000008008370                . = ALIGN (0x4)
                0x0000000008008370                _etext = .

.vfp11_veneer   0x0000000008008370        0x0
 .vfp11_veneer  0x0000000008008370        0x0 linker stubs

.v4_bx          0x0000000008008370        0x0
 .v4_bx         0x0000000008008370        0x0 linker stubs

.iplt           0x0000000008008370        0x0
 .iplt          0x0000000008008370        0x0 c:/st/stm32cubeide_1.3.0/stm32cubeide/plugins/com.st.stm32cube.ide.mcu.externaltools.gnu-tools-for-stm32.7-2018-q2-update.win32_1.0.0.201904181610/tools/bin/../lib/gcc/arm-none-eabi/7.3.1/thumb/v7e-m/fpv4-sp/hard/crtbegin.o

.rodata         0x0000000008008370       0x60
                0x0000000008008370                . = ALIGN (0x4)
 *(.rodata)
 .rodata        0x0000000008008370       0x1a Core/Src/ff.o
 *fill*         0x000000000800838a        0x2 
 .rodata        0x000000000800838c       0x19 Core/Src/file_system.o
 *fill*         0x00000000080083a5        0x3 
 .rodata        0x00000000080083a8        0x7 Core/Src/main.o
 *(.rodata*)
 *fill*         0x00000000080083af        0x1 
 .rodata.AHBPrescTable
                0x00000000080083b0       0x10 Core/Src/system_stm32f4xx.o
                0x00000000080083b0                AHBPrescTable
 .rodata.APBPrescTable
                0x00000000080083c0        0x8 Core/Src/system_stm32f4xx.o
                0x00000000080083c0                APBPrescTable
 .rodata.flagBitshiftOffset.8476
                0x00000000080083c8        0x8 Drivers/STM32F4xx_HAL_Driver/Src/stm32f4xx_hal_dma.o
                0x00000000080083d0                . = ALIGN (0x4)

.ARM.extab      0x00000000080083d0        0x0
                0x00000000080083d0                . = ALIGN (0x4)
 *(.ARM.extab* .gnu.linkonce.armextab.*)
                0x00000000080083d0                . = ALIGN (0x4)

.ARM            0x00000000080083d0        0x8
                0x00000000080083d0                . = ALIGN (0x4)
                0x00000000080083d0                __exidx_start = .
 *(.ARM.exidx*)
 .ARM.exidx     0x00000000080083d0        0x8 c:/st/stm32cubeide_1.3.0/stm32cubeide/plugins/com.st.stm32cube.ide.mcu.externaltools.gnu-tools-for-stm32.7-2018-q2-update.win32_1.0.0.201904181610/tools/bin/../lib/gcc/arm-none-eabi/7.3.1/thumb/v7e-m/fpv4-sp/hard\libgcc.a(_udivmoddi4.o)
                0x00000000080083d8                __exidx_end = .
                0x00000000080083d8                . = ALIGN (0x4)

.rel.dyn        0x00000000080083d8        0x0
 .rel.iplt      0x00000000080083d8        0x0 c:/st/stm32cubeide_1.3.0/stm32cubeide/plugins/com.st.stm32cube.ide.mcu.externaltools.gnu-tools-for-stm32.7-2018-q2-update.win32_1.0.0.201904181610/tools/bin/../lib/gcc/arm-none-eabi/7.3.1/thumb/v7e-m/fpv4-sp/hard/crtbegin.o

.preinit_array  0x00000000080083d8        0x0
                0x00000000080083d8                . = ALIGN (0x4)
                0x00000000080083d8                PROVIDE (__preinit_array_start = .)
 *(.preinit_array*)
                0x00000000080083d8                PROVIDE (__preinit_array_end = .)
                0x00000000080083d8                . = ALIGN (0x4)

.init_array     0x00000000080083d8        0x4
                0x00000000080083d8                . = ALIGN (0x4)
                0x00000000080083d8                PROVIDE (__init_array_start = .)
 *(SORT_BY_NAME(.init_array.*))
 *(.init_array*)
 .init_array    0x00000000080083d8        0x4 c:/st/stm32cubeide_1.3.0/stm32cubeide/plugins/com.st.stm32cube.ide.mcu.externaltools.gnu-tools-for-stm32.7-2018-q2-update.win32_1.0.0.201904181610/tools/bin/../lib/gcc/arm-none-eabi/7.3.1/thumb/v7e-m/fpv4-sp/hard/crtbegin.o
                0x00000000080083dc                PROVIDE (__init_array_end = .)
                0x00000000080083dc                . = ALIGN (0x4)

.fini_array     0x00000000080083dc        0x4
                0x00000000080083dc                . = ALIGN (0x4)
                [!provide]                        PROVIDE (__fini_array_start = .)
 *(SORT_BY_NAME(.fini_array.*))
 *(.fini_array*)
 .fini_array    0x00000000080083dc        0x4 c:/st/stm32cubeide_1.3.0/stm32cubeide/plugins/com.st.stm32cube.ide.mcu.externaltools.gnu-tools-for-stm32.7-2018-q2-update.win32_1.0.0.201904181610/tools/bin/../lib/gcc/arm-none-eabi/7.3.1/thumb/v7e-m/fpv4-sp/hard/crtbegin.o
                [!provide]                        PROVIDE (__fini_array_end = .)
                0x00000000080083e0                . = ALIGN (0x4)
                0x00000000080083e0                _sidata = LOADADDR (.data)

.data           0x0000000020000000       0x14 load address 0x00000000080083e0
                0x0000000020000000                . = ALIGN (0x4)
                0x0000000020000000                _sdata = .
 *(.data)
 *(.data*)
 .data.Stat     0x0000000020000000        0x1 Core/Src/diskio.o
 *fill*         0x0000000020000001        0x3 
 .data.chs      0x0000000020000004        0x4 Core/Src/main.o
                0x0000000020000004                chs
 .data.SystemCoreClock
                0x0000000020000008        0x4 Core/Src/system_stm32f4xx.o
                0x0000000020000008                SystemCoreClock
 .data.uwTickPrio
                0x000000002000000c        0x4 Drivers/STM32F4xx_HAL_Driver/Src/stm32f4xx_hal.o
                0x000000002000000c                uwTickPrio
 .data.uwTickFreq
                0x0000000020000010        0x1 Drivers/STM32F4xx_HAL_Driver/Src/stm32f4xx_hal.o
                0x0000000020000010                uwTickFreq
                0x0000000020000014                . = ALIGN (0x4)
 *fill*         0x0000000020000011        0x3 
                0x0000000020000014                _edata = .

.igot.plt       0x0000000020000014        0x0 load address 0x00000000080083f4
 .igot.plt      0x0000000020000014        0x0 c:/st/stm32cubeide_1.3.0/stm32cubeide/plugins/com.st.stm32cube.ide.mcu.externaltools.gnu-tools-for-stm32.7-2018-q2-update.win32_1.0.0.201904181610/tools/bin/../lib/gcc/arm-none-eabi/7.3.1/thumb/v7e-m/fpv4-sp/hard/crtbegin.o
                0x0000000020000014                . = ALIGN (0x4)

.bss            0x0000000020000014    0x15fc0 load address 0x00000000080083f4
                0x0000000020000014                _sbss = .
                0x0000000020000014                __bss_start__ = _sbss
 *(.bss)
 .bss           0x0000000020000014       0x1c c:/st/stm32cubeide_1.3.0/stm32cubeide/plugins/com.st.stm32cube.ide.mcu.externaltools.gnu-tools-for-stm32.7-2018-q2-update.win32_1.0.0.201904181610/tools/bin/../lib/gcc/arm-none-eabi/7.3.1/thumb/v7e-m/fpv4-sp/hard/crtbegin.o
 *(.bss*)
 .bss.Timer1    0x0000000020000030        0x1 Core/Src/diskio.o
 .bss.Timer2    0x0000000020000031        0x1 Core/Src/diskio.o
 .bss.CardType  0x0000000020000032        0x1 Core/Src/diskio.o
 .bss.PowerFlag
                0x0000000020000033        0x1 Core/Src/diskio.o
 .bss.FatFs     0x0000000020000034        0x4 Core/Src/ff.o
 .bss.Fsid      0x0000000020000038        0x2 Core/Src/ff.o
 *fill*         0x000000002000003a        0x2 
 .bss.pOpen     0x000000002000003c        0x4 Core/Src/file_system.o
                0x000000002000003c                pOpen
 .bss.mOpen     0x0000000020000040        0x4 Core/Src/file_system.o
                0x0000000020000040                mOpen
 .bss.FatFs     0x0000000020000044      0x230 Core/Src/main.o
 .bss.sam       0x0000000020000274        0x4 Core/Src/main.o
                0x0000000020000274                sam
 .bss.filesize  0x0000000020000278        0x4 Core/Src/main.o
                0x0000000020000278                filesize
 *(COMMON)
 COMMON         0x000000002000027c    0x15d54 Core/Src/main.o
                0x000000002000027c                htim4
                0x00000000200002bc                hi2c1
                0x0000000020000310                hdma_spi3_tx
                0x0000000020000370                bytes_read
                0x0000000020000374                buffer
                0x0000000020000474                audio
                0x0000000020015cfc                fresult
                0x0000000020015d00                hspi1
                0x0000000020015d58                bytes_written
                0x0000000020015d5c                sample
                0x0000000020015d60                hi2s3
                0x0000000020015da8                mfile
 COMMON         0x0000000020015fd0        0x4 Drivers/STM32F4xx_HAL_Driver/Src/stm32f4xx_hal.o
                0x0000000020015fd0                uwTick
                0x0000000020015fd4                . = ALIGN (0x4)
                0x0000000020015fd4                _ebss = .
                0x0000000020015fd4                __bss_end__ = _ebss

._user_heap_stack
                0x0000000020015fd4      0x604 load address 0x00000000080083f4
                0x0000000020015fd8                . = ALIGN (0x8)
 *fill*         0x0000000020015fd4        0x4 
                0x0000000020015fd8                PROVIDE (end = .)
                [!provide]                        PROVIDE (_end = .)
                0x00000000200161d8                . = (. + _Min_Heap_Size)
 *fill*         0x0000000020015fd8      0x200 
                0x00000000200165d8                . = (. + _Min_Stack_Size)
 *fill*         0x00000000200161d8      0x400 
                0x00000000200165d8                . = ALIGN (0x8)

/DISCARD/
 libc.a(*)
 libm.a(*)
 libgcc.a(*)

.ARM.attributes
                0x0000000000000000       0x30
 *(.ARM.attributes)
 .ARM.attributes
                0x0000000000000000       0x22 c:/st/stm32cubeide_1.3.0/stm32cubeide/plugins/com.st.stm32cube.ide.mcu.externaltools.gnu-tools-for-stm32.7-2018-q2-update.win32_1.0.0.201904181610/tools/bin/../lib/gcc/arm-none-eabi/7.3.1/thumb/v7e-m/fpv4-sp/hard/crti.o
 .ARM.attributes
                0x0000000000000022       0x34 c:/st/stm32cubeide_1.3.0/stm32cubeide/plugins/com.st.stm32cube.ide.mcu.externaltools.gnu-tools-for-stm32.7-2018-q2-update.win32_1.0.0.201904181610/tools/bin/../lib/gcc/arm-none-eabi/7.3.1/thumb/v7e-m/fpv4-sp/hard/crtbegin.o
 .ARM.attributes
                0x0000000000000056       0x39 Core/Src/CS43.o
 .ARM.attributes
                0x000000000000008f       0x39 Core/Src/diskio.o
 .ARM.attributes
                0x00000000000000c8       0x39 Core/Src/ff.o
 .ARM.attributes
                0x0000000000000101       0x39 Core/Src/file_system.o
 .ARM.attributes
                0x000000000000013a       0x39 Core/Src/main.o
 .ARM.attributes
                0x0000000000000173       0x39 Core/Src/stm32f4xx_hal_msp.o
 .ARM.attributes
                0x00000000000001ac       0x39 Core/Src/stm32f4xx_it.o
 .ARM.attributes
                0x00000000000001e5       0x39 Core/Src/system_stm32f4xx.o
 .ARM.attributes
                0x000000000000021e       0x21 Core/Startup/startup_stm32f407vgtx.o
 .ARM.attributes
                0x000000000000023f       0x39 Drivers/STM32F4xx_HAL_Driver/Src/stm32f4xx_hal.o
 .ARM.attributes
                0x0000000000000278       0x39 Drivers/STM32F4xx_HAL_Driver/Src/stm32f4xx_hal_cortex.o
 .ARM.attributes
                0x00000000000002b1       0x39 Drivers/STM32F4xx_HAL_Driver/Src/stm32f4xx_hal_dma.o
 .ARM.attributes
                0x00000000000002ea       0x39 Drivers/STM32F4xx_HAL_Driver/Src/stm32f4xx_hal_gpio.o
 .ARM.attributes
                0x0000000000000323       0x39 Drivers/STM32F4xx_HAL_Driver/Src/stm32f4xx_hal_i2c.o
 .ARM.attributes
                0x000000000000035c       0x39 Drivers/STM32F4xx_HAL_Driver/Src/stm32f4xx_hal_i2s.o
 .ARM.attributes
                0x0000000000000395       0x39 Drivers/STM32F4xx_HAL_Driver/Src/stm32f4xx_hal_i2s_ex.o
 .ARM.attributes
                0x00000000000003ce       0x39 Drivers/STM32F4xx_HAL_Driver/Src/stm32f4xx_hal_rcc.o
 .ARM.attributes
                0x0000000000000407       0x39 Drivers/STM32F4xx_HAL_Driver/Src/stm32f4xx_hal_rcc_ex.o
 .ARM.attributes
                0x0000000000000440       0x39 Drivers/STM32F4xx_HAL_Driver/Src/stm32f4xx_hal_spi.o
 .ARM.attributes
                0x0000000000000479       0x39 Drivers/STM32F4xx_HAL_Driver/Src/stm32f4xx_hal_tim.o
 .ARM.attributes
                0x00000000000004b2       0x39 Drivers/STM32F4xx_HAL_Driver/Src/stm32f4xx_hal_tim_ex.o
 .ARM.attributes
                0x00000000000004eb       0x34 c:/st/stm32cubeide_1.3.0/stm32cubeide/plugins/com.st.stm32cube.ide.mcu.externaltools.gnu-tools-for-stm32.7-2018-q2-update.win32_1.0.0.201904181610/tools/bin/../lib/gcc/arm-none-eabi/7.3.1/../../../../arm-none-eabi/lib/thumb/v7e-m/fpv4-sp/hard\libc_nano.a(lib_a-init.o)
 .ARM.attributes
                0x000000000000051f       0x34 c:/st/stm32cubeide_1.3.0/stm32cubeide/plugins/com.st.stm32cube.ide.mcu.externaltools.gnu-tools-for-stm32.7-2018-q2-update.win32_1.0.0.201904181610/tools/bin/../lib/gcc/arm-none-eabi/7.3.1/../../../../arm-none-eabi/lib/thumb/v7e-m/fpv4-sp/hard\libc_nano.a(lib_a-memset.o)
 .ARM.attributes
                0x0000000000000553       0x20 c:/st/stm32cubeide_1.3.0/stm32cubeide/plugins/com.st.stm32cube.ide.mcu.externaltools.gnu-tools-for-stm32.7-2018-q2-update.win32_1.0.0.201904181610/tools/bin/../lib/gcc/arm-none-eabi/7.3.1/../../../../arm-none-eabi/lib/thumb/v7e-m/fpv4-sp/hard\libc_nano.a(lib_a-strcmp.o)
 .ARM.attributes
                0x0000000000000573       0x1b c:/st/stm32cubeide_1.3.0/stm32cubeide/plugins/com.st.stm32cube.ide.mcu.externaltools.gnu-tools-for-stm32.7-2018-q2-update.win32_1.0.0.201904181610/tools/bin/../lib/gcc/arm-none-eabi/7.3.1/../../../../arm-none-eabi/lib/thumb/v7e-m/fpv4-sp/hard\libc_nano.a(lib_a-strlen.o)
 .ARM.attributes
                0x000000000000058e       0x22 c:/st/stm32cubeide_1.3.0/stm32cubeide/plugins/com.st.stm32cube.ide.mcu.externaltools.gnu-tools-for-stm32.7-2018-q2-update.win32_1.0.0.201904181610/tools/bin/../lib/gcc/arm-none-eabi/7.3.1/thumb/v7e-m/fpv4-sp/hard\libgcc.a(_aeabi_uldivmod.o)
 .ARM.attributes
                0x00000000000005b0       0x34 c:/st/stm32cubeide_1.3.0/stm32cubeide/plugins/com.st.stm32cube.ide.mcu.externaltools.gnu-tools-for-stm32.7-2018-q2-update.win32_1.0.0.201904181610/tools/bin/../lib/gcc/arm-none-eabi/7.3.1/thumb/v7e-m/fpv4-sp/hard\libgcc.a(_udivmoddi4.o)
 .ARM.attributes
                0x00000000000005e4       0x22 c:/st/stm32cubeide_1.3.0/stm32cubeide/plugins/com.st.stm32cube.ide.mcu.externaltools.gnu-tools-for-stm32.7-2018-q2-update.win32_1.0.0.201904181610/tools/bin/../lib/gcc/arm-none-eabi/7.3.1/thumb/v7e-m/fpv4-sp/hard\libgcc.a(_dvmd_tls.o)
 .ARM.attributes
                0x0000000000000606       0x22 c:/st/stm32cubeide_1.3.0/stm32cubeide/plugins/com.st.stm32cube.ide.mcu.externaltools.gnu-tools-for-stm32.7-2018-q2-update.win32_1.0.0.201904181610/tools/bin/../lib/gcc/arm-none-eabi/7.3.1/thumb/v7e-m/fpv4-sp/hard/crtn.o
OUTPUT(projekt.elf elf32-littlearm)

.debug_info     0x0000000000000000    0x134c1
 .debug_info    0x0000000000000000      0x7a0 Core/Src/CS43.o
 .debug_info    0x00000000000007a0      0xb9a Core/Src/diskio.o
 .debug_info    0x000000000000133a     0x1983 Core/Src/ff.o
 .debug_info    0x0000000000002cbd      0xc2a Core/Src/file_system.o
 .debug_info    0x00000000000038e7     0x1a14 Core/Src/main.o
 .debug_info    0x00000000000052fb     0x1443 Core/Src/stm32f4xx_hal_msp.o
 .debug_info    0x000000000000673e      0x70e Core/Src/stm32f4xx_it.o
 .debug_info    0x0000000000006e4c      0x554 Core/Src/system_stm32f4xx.o
 .debug_info    0x00000000000073a0       0x22 Core/Startup/startup_stm32f407vgtx.o
 .debug_info    0x00000000000073c2      0x945 Drivers/STM32F4xx_HAL_Driver/Src/stm32f4xx_hal.o
 .debug_info    0x0000000000007d07      0xe28 Drivers/STM32F4xx_HAL_Driver/Src/stm32f4xx_hal_cortex.o
 .debug_info    0x0000000000008b2f      0x968 Drivers/STM32F4xx_HAL_Driver/Src/stm32f4xx_hal_dma.o
 .debug_info    0x0000000000009497      0x7b5 Drivers/STM32F4xx_HAL_Driver/Src/stm32f4xx_hal_gpio.o
 .debug_info    0x0000000000009c4c     0x23b5 Drivers/STM32F4xx_HAL_Driver/Src/stm32f4xx_hal_i2c.o
 .debug_info    0x000000000000c001      0xe5e Drivers/STM32F4xx_HAL_Driver/Src/stm32f4xx_hal_i2s.o
 .debug_info    0x000000000000ce5f      0xb76 Drivers/STM32F4xx_HAL_Driver/Src/stm32f4xx_hal_i2s_ex.o
 .debug_info    0x000000000000d9d5      0x904 Drivers/STM32F4xx_HAL_Driver/Src/stm32f4xx_hal_rcc.o
 .debug_info    0x000000000000e2d9      0x5ae Drivers/STM32F4xx_HAL_Driver/Src/stm32f4xx_hal_rcc_ex.o
 .debug_info    0x000000000000e887     0x163a Drivers/STM32F4xx_HAL_Driver/Src/stm32f4xx_hal_spi.o
 .debug_info    0x000000000000fec1     0x24a9 Drivers/STM32F4xx_HAL_Driver/Src/stm32f4xx_hal_tim.o
 .debug_info    0x000000000001236a     0x1157 Drivers/STM32F4xx_HAL_Driver/Src/stm32f4xx_hal_tim_ex.o

.debug_abbrev   0x0000000000000000     0x284f
 .debug_abbrev  0x0000000000000000      0x158 Core/Src/CS43.o
 .debug_abbrev  0x0000000000000158      0x295 Core/Src/diskio.o
 .debug_abbrev  0x00000000000003ed      0x1b1 Core/Src/ff.o
 .debug_abbrev  0x000000000000059e      0x221 Core/Src/file_system.o
 .debug_abbrev  0x00000000000007bf      0x26d Core/Src/main.o
 .debug_abbrev  0x0000000000000a2c      0x1de Core/Src/stm32f4xx_hal_msp.o
 .debug_abbrev  0x0000000000000c0a      0x15a Core/Src/stm32f4xx_it.o
 .debug_abbrev  0x0000000000000d64      0x12b Core/Src/system_stm32f4xx.o
 .debug_abbrev  0x0000000000000e8f       0x12 Core/Startup/startup_stm32f407vgtx.o
 .debug_abbrev  0x0000000000000ea1      0x1c7 Drivers/STM32F4xx_HAL_Driver/Src/stm32f4xx_hal.o
 .debug_abbrev  0x0000000000001068      0x2fa Drivers/STM32F4xx_HAL_Driver/Src/stm32f4xx_hal_cortex.o
 .debug_abbrev  0x0000000000001362      0x229 Drivers/STM32F4xx_HAL_Driver/Src/stm32f4xx_hal_dma.o
 .debug_abbrev  0x000000000000158b      0x1c9 Drivers/STM32F4xx_HAL_Driver/Src/stm32f4xx_hal_gpio.o
 .debug_abbrev  0x0000000000001754      0x254 Drivers/STM32F4xx_HAL_Driver/Src/stm32f4xx_hal_i2c.o
 .debug_abbrev  0x00000000000019a8      0x21b Drivers/STM32F4xx_HAL_Driver/Src/stm32f4xx_hal_i2s.o
 .debug_abbrev  0x0000000000001bc3      0x246 Drivers/STM32F4xx_HAL_Driver/Src/stm32f4xx_hal_i2s_ex.o
 .debug_abbrev  0x0000000000001e09      0x245 Drivers/STM32F4xx_HAL_Driver/Src/stm32f4xx_hal_rcc.o
 .debug_abbrev  0x000000000000204e      0x173 Drivers/STM32F4xx_HAL_Driver/Src/stm32f4xx_hal_rcc_ex.o
 .debug_abbrev  0x00000000000021c1      0x240 Drivers/STM32F4xx_HAL_Driver/Src/stm32f4xx_hal_spi.o
 .debug_abbrev  0x0000000000002401      0x230 Drivers/STM32F4xx_HAL_Driver/Src/stm32f4xx_hal_tim.o
 .debug_abbrev  0x0000000000002631      0x21e Drivers/STM32F4xx_HAL_Driver/Src/stm32f4xx_hal_tim_ex.o

.debug_aranges  0x0000000000000000     0x1308
 .debug_aranges
                0x0000000000000000       0x20 Core/Src/CS43.o
 .debug_aranges
                0x0000000000000020       0xb8 Core/Src/diskio.o
 .debug_aranges
                0x00000000000000d8      0x1b0 Core/Src/ff.o
 .debug_aranges
                0x0000000000000288       0x48 Core/Src/file_system.o
 .debug_aranges
                0x00000000000002d0       0x68 Core/Src/main.o
 .debug_aranges
                0x0000000000000338       0x60 Core/Src/stm32f4xx_hal_msp.o
 .debug_aranges
                0x0000000000000398       0x70 Core/Src/stm32f4xx_it.o
 .debug_aranges
                0x0000000000000408       0x28 Core/Src/system_stm32f4xx.o
 .debug_aranges
                0x0000000000000430       0x28 Core/Startup/startup_stm32f407vgtx.o
 .debug_aranges
                0x0000000000000458       0xf0 Drivers/STM32F4xx_HAL_Driver/Src/stm32f4xx_hal.o
 .debug_aranges
                0x0000000000000548      0x118 Drivers/STM32F4xx_HAL_Driver/Src/stm32f4xx_hal_cortex.o
 .debug_aranges
                0x0000000000000660       0x90 Drivers/STM32F4xx_HAL_Driver/Src/stm32f4xx_hal_dma.o
 .debug_aranges
                0x00000000000006f0       0x58 Drivers/STM32F4xx_HAL_Driver/Src/stm32f4xx_hal_gpio.o
 .debug_aranges
                0x0000000000000748      0x298 Drivers/STM32F4xx_HAL_Driver/Src/stm32f4xx_hal_i2c.o
 .debug_aranges
                0x00000000000009e0      0x108 Drivers/STM32F4xx_HAL_Driver/Src/stm32f4xx_hal_i2s.o
 .debug_aranges
                0x0000000000000ae8       0x88 Drivers/STM32F4xx_HAL_Driver/Src/stm32f4xx_hal_i2s_ex.o
 .debug_aranges
                0x0000000000000b70       0x88 Drivers/STM32F4xx_HAL_Driver/Src/stm32f4xx_hal_rcc.o
 .debug_aranges
                0x0000000000000bf8       0x48 Drivers/STM32F4xx_HAL_Driver/Src/stm32f4xx_hal_rcc_ex.o
 .debug_aranges
                0x0000000000000c40      0x1d0 Drivers/STM32F4xx_HAL_Driver/Src/stm32f4xx_hal_spi.o
 .debug_aranges
                0x0000000000000e10      0x3a8 Drivers/STM32F4xx_HAL_Driver/Src/stm32f4xx_hal_tim.o
 .debug_aranges
                0x00000000000011b8      0x150 Drivers/STM32F4xx_HAL_Driver/Src/stm32f4xx_hal_tim_ex.o

.debug_ranges   0x0000000000000000     0x11e0
 .debug_ranges  0x0000000000000000       0x10 Core/Src/CS43.o
 .debug_ranges  0x0000000000000010       0xa8 Core/Src/diskio.o
 .debug_ranges  0x00000000000000b8      0x1a0 Core/Src/ff.o
 .debug_ranges  0x0000000000000258       0x38 Core/Src/file_system.o
 .debug_ranges  0x0000000000000290       0x58 Core/Src/main.o
 .debug_ranges  0x00000000000002e8       0x50 Core/Src/stm32f4xx_hal_msp.o
 .debug_ranges  0x0000000000000338       0x60 Core/Src/stm32f4xx_it.o
 .debug_ranges  0x0000000000000398       0x18 Core/Src/system_stm32f4xx.o
 .debug_ranges  0x00000000000003b0       0x20 Core/Startup/startup_stm32f407vgtx.o
 .debug_ranges  0x00000000000003d0       0xe0 Drivers/STM32F4xx_HAL_Driver/Src/stm32f4xx_hal.o
 .debug_ranges  0x00000000000004b0      0x108 Drivers/STM32F4xx_HAL_Driver/Src/stm32f4xx_hal_cortex.o
 .debug_ranges  0x00000000000005b8       0x80 Drivers/STM32F4xx_HAL_Driver/Src/stm32f4xx_hal_dma.o
 .debug_ranges  0x0000000000000638       0x48 Drivers/STM32F4xx_HAL_Driver/Src/stm32f4xx_hal_gpio.o
 .debug_ranges  0x0000000000000680      0x2a8 Drivers/STM32F4xx_HAL_Driver/Src/stm32f4xx_hal_i2c.o
 .debug_ranges  0x0000000000000928       0xf8 Drivers/STM32F4xx_HAL_Driver/Src/stm32f4xx_hal_i2s.o
 .debug_ranges  0x0000000000000a20       0x78 Drivers/STM32F4xx_HAL_Driver/Src/stm32f4xx_hal_i2s_ex.o
 .debug_ranges  0x0000000000000a98       0x78 Drivers/STM32F4xx_HAL_Driver/Src/stm32f4xx_hal_rcc.o
 .debug_ranges  0x0000000000000b10       0x38 Drivers/STM32F4xx_HAL_Driver/Src/stm32f4xx_hal_rcc_ex.o
 .debug_ranges  0x0000000000000b48      0x1c0 Drivers/STM32F4xx_HAL_Driver/Src/stm32f4xx_hal_spi.o
 .debug_ranges  0x0000000000000d08      0x398 Drivers/STM32F4xx_HAL_Driver/Src/stm32f4xx_hal_tim.o
 .debug_ranges  0x00000000000010a0      0x140 Drivers/STM32F4xx_HAL_Driver/Src/stm32f4xx_hal_tim_ex.o

.debug_macro    0x0000000000000000    0x21e4c
 .debug_macro   0x0000000000000000      0x20b Core/Src/CS43.o
 .debug_macro   0x000000000000020b      0xa5a Core/Src/CS43.o
 .debug_macro   0x0000000000000c65      0x196 Core/Src/CS43.o
 .debug_macro   0x0000000000000dfb       0x2e Core/Src/CS43.o
 .debug_macro   0x0000000000000e29       0x2f Core/Src/CS43.o
 .debug_macro   0x0000000000000e58       0x22 Core/Src/CS43.o
 .debug_macro   0x0000000000000e7a       0x8e Core/Src/CS43.o
 .debug_macro   0x0000000000000f08       0x51 Core/Src/CS43.o
 .debug_macro   0x0000000000000f59       0xef Core/Src/CS43.o
 .debug_macro   0x0000000000001048       0x6a Core/Src/CS43.o
 .debug_macro   0x00000000000010b2      0x1df Core/Src/CS43.o
 .debug_macro   0x0000000000001291       0x1c Core/Src/CS43.o
 .debug_macro   0x00000000000012ad       0x22 Core/Src/CS43.o
 .debug_macro   0x00000000000012cf       0xdf Core/Src/CS43.o
 .debug_macro   0x00000000000013ae     0x102d Core/Src/CS43.o
 .debug_macro   0x00000000000023db      0x11f Core/Src/CS43.o
 .debug_macro   0x00000000000024fa    0x15e3c Core/Src/CS43.o
 .debug_macro   0x0000000000018336       0x43 Core/Src/CS43.o
 .debug_macro   0x0000000000018379     0x3659 Core/Src/CS43.o
 .debug_macro   0x000000000001b9d2      0x174 Core/Src/CS43.o
 .debug_macro   0x000000000001bb46       0x5a Core/Src/CS43.o
 .debug_macro   0x000000000001bba0      0x96b Core/Src/CS43.o
 .debug_macro   0x000000000001c50b      0x9fe Core/Src/CS43.o
 .debug_macro   0x000000000001cf09      0x174 Core/Src/CS43.o
 .debug_macro   0x000000000001d07d      0x117 Core/Src/CS43.o
 .debug_macro   0x000000000001d194      0x13e Core/Src/CS43.o
 .debug_macro   0x000000000001d2d2       0x27 Core/Src/CS43.o
 .debug_macro   0x000000000001d2f9      0x287 Core/Src/CS43.o
 .debug_macro   0x000000000001d580       0x5f Core/Src/CS43.o
 .debug_macro   0x000000000001d5df      0x236 Core/Src/CS43.o
 .debug_macro   0x000000000001d815      0x12c Core/Src/CS43.o
 .debug_macro   0x000000000001d941      0x21e Core/Src/CS43.o
 .debug_macro   0x000000000001db5f       0x2e Core/Src/CS43.o
 .debug_macro   0x000000000001db8d      0x1b5 Core/Src/CS43.o
 .debug_macro   0x000000000001dd42       0xd6 Core/Src/CS43.o
 .debug_macro   0x000000000001de18      0x1a7 Core/Src/CS43.o
 .debug_macro   0x000000000001dfbf       0x46 Core/Src/CS43.o
 .debug_macro   0x000000000001e005       0x4a Core/Src/CS43.o
 .debug_macro   0x000000000001e04f      0x11a Core/Src/CS43.o
 .debug_macro   0x000000000001e169       0x7e Core/Src/CS43.o
 .debug_macro   0x000000000001e1e7       0x89 Core/Src/CS43.o
 .debug_macro   0x000000000001e270      0x225 Core/Src/CS43.o
 .debug_macro   0x000000000001e495      0x8a0 Core/Src/CS43.o
 .debug_macro   0x000000000001ed35       0x47 Core/Src/CS43.o
 .debug_macro   0x000000000001ed7c      0x12d Core/Src/CS43.o
 .debug_macro   0x000000000001eea9      0x28e Core/Src/diskio.o
 .debug_macro   0x000000000001f137       0xf8 Core/Src/diskio.o
 .debug_macro   0x000000000001f22f       0xf5 Core/Src/diskio.o
 .debug_macro   0x000000000001f324       0xc4 Core/Src/diskio.o
 .debug_macro   0x000000000001f3e8      0x528 Core/Src/ff.o
 .debug_macro   0x000000000001f910       0xef Core/Src/ff.o
 .debug_macro   0x000000000001f9ff      0x22d Core/Src/file_system.o
 .debug_macro   0x000000000001fc2c      0x246 Core/Src/main.o
 .debug_macro   0x000000000001fe72       0x64 Core/Src/main.o
 .debug_macro   0x000000000001fed6      0x210 Core/Src/stm32f4xx_hal_msp.o
 .debug_macro   0x00000000000200e6      0x23b Core/Src/stm32f4xx_it.o
 .debug_macro   0x0000000000020321      0x207 Core/Src/system_stm32f4xx.o
 .debug_macro   0x0000000000020528      0x261 Drivers/STM32F4xx_HAL_Driver/Src/stm32f4xx_hal.o
 .debug_macro   0x0000000000020789      0x201 Drivers/STM32F4xx_HAL_Driver/Src/stm32f4xx_hal_cortex.o
 .debug_macro   0x000000000002098a      0x207 Drivers/STM32F4xx_HAL_Driver/Src/stm32f4xx_hal_dma.o
 .debug_macro   0x0000000000020b91      0x237 Drivers/STM32F4xx_HAL_Driver/Src/stm32f4xx_hal_gpio.o
 .debug_macro   0x0000000000020dc8      0x241 Drivers/STM32F4xx_HAL_Driver/Src/stm32f4xx_hal_i2c.o
 .debug_macro   0x0000000000021009      0x209 Drivers/STM32F4xx_HAL_Driver/Src/stm32f4xx_hal_i2s.o
 .debug_macro   0x0000000000021212      0x201 Drivers/STM32F4xx_HAL_Driver/Src/stm32f4xx_hal_i2s_ex.o
 .debug_macro   0x0000000000021413      0x225 Drivers/STM32F4xx_HAL_Driver/Src/stm32f4xx_hal_rcc.o
 .debug_macro   0x0000000000021638      0x201 Drivers/STM32F4xx_HAL_Driver/Src/stm32f4xx_hal_rcc_ex.o
 .debug_macro   0x0000000000021839      0x210 Drivers/STM32F4xx_HAL_Driver/Src/stm32f4xx_hal_spi.o
 .debug_macro   0x0000000000021a49      0x202 Drivers/STM32F4xx_HAL_Driver/Src/stm32f4xx_hal_tim.o
 .debug_macro   0x0000000000021c4b      0x201 Drivers/STM32F4xx_HAL_Driver/Src/stm32f4xx_hal_tim_ex.o

.debug_line     0x0000000000000000     0xf443
 .debug_line    0x0000000000000000      0x7a6 Core/Src/CS43.o
 .debug_line    0x00000000000007a6      0xa7a Core/Src/diskio.o
 .debug_line    0x0000000000001220     0x11f6 Core/Src/ff.o
 .debug_line    0x0000000000002416      0x7e0 Core/Src/file_system.o
 .debug_line    0x0000000000002bf6      0x887 Core/Src/main.o
 .debug_line    0x000000000000347d      0x7f1 Core/Src/stm32f4xx_hal_msp.o
 .debug_line    0x0000000000003c6e      0x80a Core/Src/stm32f4xx_it.o
 .debug_line    0x0000000000004478      0x73d Core/Src/system_stm32f4xx.o
 .debug_line    0x0000000000004bb5       0x85 Core/Startup/startup_stm32f407vgtx.o
 .debug_line    0x0000000000004c3a      0x927 Drivers/STM32F4xx_HAL_Driver/Src/stm32f4xx_hal.o
 .debug_line    0x0000000000005561      0xa4b Drivers/STM32F4xx_HAL_Driver/Src/stm32f4xx_hal_cortex.o
 .debug_line    0x0000000000005fac      0x9f5 Drivers/STM32F4xx_HAL_Driver/Src/stm32f4xx_hal_dma.o
 .debug_line    0x00000000000069a1      0x906 Drivers/STM32F4xx_HAL_Driver/Src/stm32f4xx_hal_gpio.o
 .debug_line    0x00000000000072a7     0x1b61 Drivers/STM32F4xx_HAL_Driver/Src/stm32f4xx_hal_i2c.o
 .debug_line    0x0000000000008e08      0xdc3 Drivers/STM32F4xx_HAL_Driver/Src/stm32f4xx_hal_i2s.o
 .debug_line    0x0000000000009bcb      0xef1 Drivers/STM32F4xx_HAL_Driver/Src/stm32f4xx_hal_i2s_ex.o
 .debug_line    0x000000000000aabc      0x97f Drivers/STM32F4xx_HAL_Driver/Src/stm32f4xx_hal_rcc.o
 .debug_line    0x000000000000b43b      0x848 Drivers/STM32F4xx_HAL_Driver/Src/stm32f4xx_hal_rcc_ex.o
 .debug_line    0x000000000000bc83     0x10e3 Drivers/STM32F4xx_HAL_Driver/Src/stm32f4xx_hal_spi.o
 .debug_line    0x000000000000cd66     0x19a0 Drivers/STM32F4xx_HAL_Driver/Src/stm32f4xx_hal_tim.o
 .debug_line    0x000000000000e706      0xd3d Drivers/STM32F4xx_HAL_Driver/Src/stm32f4xx_hal_tim_ex.o

.debug_str      0x0000000000000000    0xcd6c9
 .debug_str     0x0000000000000000    0xc47b7 Core/Src/CS43.o
                                      0xc4aaf (size before relaxing)
 .debug_str     0x00000000000c47b7      0xb51 Core/Src/diskio.o
                                      0xc5305 (size before relaxing)
 .debug_str     0x00000000000c5308     0x3bf8 Core/Src/ff.o
                                       0x7f9a (size before relaxing)
 .debug_str     0x00000000000c8f00      0x1e6 Core/Src/file_system.o
                                      0xc5117 (size before relaxing)
 .debug_str     0x00000000000c90e6      0xbf5 Core/Src/main.o
                                      0xc6139 (size before relaxing)
 .debug_str     0x00000000000c9cdb       0xd7 Core/Src/stm32f4xx_hal_msp.o
                                      0xc5772 (size before relaxing)
 .debug_str     0x00000000000c9db2       0xe5 Core/Src/stm32f4xx_it.o
                                      0xc523f (size before relaxing)
 .debug_str     0x00000000000c9e97       0xc4 Core/Src/system_stm32f4xx.o
                                      0xc46b9 (size before relaxing)
 .debug_str     0x00000000000c9f5b       0x36 Core/Startup/startup_stm32f407vgtx.o
                                         0x64 (size before relaxing)
 .debug_str     0x00000000000c9f91      0x57b Drivers/STM32F4xx_HAL_Driver/Src/stm32f4xx_hal.o
                                      0xc5186 (size before relaxing)
 .debug_str     0x00000000000ca50c      0x399 Drivers/STM32F4xx_HAL_Driver/Src/stm32f4xx_hal_cortex.o
                                      0xc4f75 (size before relaxing)
 .debug_str     0x00000000000ca8a5      0x31d Drivers/STM32F4xx_HAL_Driver/Src/stm32f4xx_hal_dma.o
                                      0xc4ace (size before relaxing)
 .debug_str     0x00000000000cabc2      0x20c Drivers/STM32F4xx_HAL_Driver/Src/stm32f4xx_hal_gpio.o
                                      0xc48f8 (size before relaxing)
 .debug_str     0x00000000000cadce      0xa81 Drivers/STM32F4xx_HAL_Driver/Src/stm32f4xx_hal_i2c.o
                                      0xc5602 (size before relaxing)
 .debug_str     0x00000000000cb84f      0x27c Drivers/STM32F4xx_HAL_Driver/Src/stm32f4xx_hal_i2s.o
                                      0xc4c6d (size before relaxing)
 .debug_str     0x00000000000cbacb      0x1f1 Drivers/STM32F4xx_HAL_Driver/Src/stm32f4xx_hal_i2s_ex.o
                                      0xc4bab (size before relaxing)
 .debug_str     0x00000000000cbcbc      0x24e Drivers/STM32F4xx_HAL_Driver/Src/stm32f4xx_hal_rcc.o
                                      0xc4aa6 (size before relaxing)
 .debug_str     0x00000000000cbf0a      0x113 Drivers/STM32F4xx_HAL_Driver/Src/stm32f4xx_hal_rcc_ex.o
                                      0xc47ee (size before relaxing)
 .debug_str     0x00000000000cc01d      0x520 Drivers/STM32F4xx_HAL_Driver/Src/stm32f4xx_hal_spi.o
                                      0xc4f27 (size before relaxing)
 .debug_str     0x00000000000cc53d      0xcea Drivers/STM32F4xx_HAL_Driver/Src/stm32f4xx_hal_tim.o
                                      0xc57c5 (size before relaxing)
 .debug_str     0x00000000000cd227      0x4a2 Drivers/STM32F4xx_HAL_Driver/Src/stm32f4xx_hal_tim_ex.o
                                      0xc4fc5 (size before relaxing)

.comment        0x0000000000000000       0x7b
 .comment       0x0000000000000000       0x7b Core/Src/CS43.o
                                         0x7c (size before relaxing)
 .comment       0x000000000000007b       0x7c Core/Src/diskio.o
 .comment       0x000000000000007b       0x7c Core/Src/ff.o
 .comment       0x000000000000007b       0x7c Core/Src/file_system.o
 .comment       0x000000000000007b       0x7c Core/Src/main.o
 .comment       0x000000000000007b       0x7c Core/Src/stm32f4xx_hal_msp.o
 .comment       0x000000000000007b       0x7c Core/Src/stm32f4xx_it.o
 .comment       0x000000000000007b       0x7c Core/Src/system_stm32f4xx.o
 .comment       0x000000000000007b       0x7c Drivers/STM32F4xx_HAL_Driver/Src/stm32f4xx_hal.o
 .comment       0x000000000000007b       0x7c Drivers/STM32F4xx_HAL_Driver/Src/stm32f4xx_hal_cortex.o
 .comment       0x000000000000007b       0x7c Drivers/STM32F4xx_HAL_Driver/Src/stm32f4xx_hal_dma.o
 .comment       0x000000000000007b       0x7c Drivers/STM32F4xx_HAL_Driver/Src/stm32f4xx_hal_gpio.o
 .comment       0x000000000000007b       0x7c Drivers/STM32F4xx_HAL_Driver/Src/stm32f4xx_hal_i2c.o
 .comment       0x000000000000007b       0x7c Drivers/STM32F4xx_HAL_Driver/Src/stm32f4xx_hal_i2s.o
 .comment       0x000000000000007b       0x7c Drivers/STM32F4xx_HAL_Driver/Src/stm32f4xx_hal_i2s_ex.o
 .comment       0x000000000000007b       0x7c Drivers/STM32F4xx_HAL_Driver/Src/stm32f4xx_hal_rcc.o
 .comment       0x000000000000007b       0x7c Drivers/STM32F4xx_HAL_Driver/Src/stm32f4xx_hal_rcc_ex.o
 .comment       0x000000000000007b       0x7c Drivers/STM32F4xx_HAL_Driver/Src/stm32f4xx_hal_spi.o
 .comment       0x000000000000007b       0x7c Drivers/STM32F4xx_HAL_Driver/Src/stm32f4xx_hal_tim.o
 .comment       0x000000000000007b       0x7c Drivers/STM32F4xx_HAL_Driver/Src/stm32f4xx_hal_tim_ex.o

.debug_frame    0x0000000000000000     0x50d0
 .debug_frame   0x0000000000000000       0x38 Core/Src/CS43.o
 .debug_frame   0x0000000000000038      0x2d4 Core/Src/diskio.o
 .debug_frame   0x000000000000030c      0x788 Core/Src/ff.o
 .debug_frame   0x0000000000000a94       0xec Core/Src/file_system.o
 .debug_frame   0x0000000000000b80      0x158 Core/Src/main.o
 .debug_frame   0x0000000000000cd8      0x158 Core/Src/stm32f4xx_hal_msp.o
 .debug_frame   0x0000000000000e30      0x144 Core/Src/stm32f4xx_it.o
 .debug_frame   0x0000000000000f74       0x58 Core/Src/system_stm32f4xx.o
 .debug_frame   0x0000000000000fcc      0x374 Drivers/STM32F4xx_HAL_Driver/Src/stm32f4xx_hal.o
 .debug_frame   0x0000000000001340      0x498 Drivers/STM32F4xx_HAL_Driver/Src/stm32f4xx_hal_cortex.o
 .debug_frame   0x00000000000017d8      0x250 Drivers/STM32F4xx_HAL_Driver/Src/stm32f4xx_hal_dma.o
 .debug_frame   0x0000000000001a28      0x14c Drivers/STM32F4xx_HAL_Driver/Src/stm32f4xx_hal_gpio.o
 .debug_frame   0x0000000000001b74      0xc38 Drivers/STM32F4xx_HAL_Driver/Src/stm32f4xx_hal_i2c.o
 .debug_frame   0x00000000000027ac      0x484 Drivers/STM32F4xx_HAL_Driver/Src/stm32f4xx_hal_i2s.o
 .debug_frame   0x0000000000002c30      0x220 Drivers/STM32F4xx_HAL_Driver/Src/stm32f4xx_hal_i2s_ex.o
 .debug_frame   0x0000000000002e50      0x1f0 Drivers/STM32F4xx_HAL_Driver/Src/stm32f4xx_hal_rcc.o
 .debug_frame   0x0000000000003040       0xf0 Drivers/STM32F4xx_HAL_Driver/Src/stm32f4xx_hal_rcc_ex.o
 .debug_frame   0x0000000000003130      0x824 Drivers/STM32F4xx_HAL_Driver/Src/stm32f4xx_hal_spi.o
 .debug_frame   0x0000000000003954     0x10f0 Drivers/STM32F4xx_HAL_Driver/Src/stm32f4xx_hal_tim.o
 .debug_frame   0x0000000000004a44      0x5c0 Drivers/STM32F4xx_HAL_Driver/Src/stm32f4xx_hal_tim_ex.o
 .debug_frame   0x0000000000005004       0x2c c:/st/stm32cubeide_1.3.0/stm32cubeide/plugins/com.st.stm32cube.ide.mcu.externaltools.gnu-tools-for-stm32.7-2018-q2-update.win32_1.0.0.201904181610/tools/bin/../lib/gcc/arm-none-eabi/7.3.1/../../../../arm-none-eabi/lib/thumb/v7e-m/fpv4-sp/hard\libc_nano.a(lib_a-init.o)
 .debug_frame   0x0000000000005030       0x20 c:/st/stm32cubeide_1.3.0/stm32cubeide/plugins/com.st.stm32cube.ide.mcu.externaltools.gnu-tools-for-stm32.7-2018-q2-update.win32_1.0.0.201904181610/tools/bin/../lib/gcc/arm-none-eabi/7.3.1/../../../../arm-none-eabi/lib/thumb/v7e-m/fpv4-sp/hard\libc_nano.a(lib_a-memset.o)
 .debug_frame   0x0000000000005050       0x20 c:/st/stm32cubeide_1.3.0/stm32cubeide/plugins/com.st.stm32cube.ide.mcu.externaltools.gnu-tools-for-stm32.7-2018-q2-update.win32_1.0.0.201904181610/tools/bin/../lib/gcc/arm-none-eabi/7.3.1/../../../../arm-none-eabi/lib/thumb/v7e-m/fpv4-sp/hard\libc_nano.a(lib_a-strcmp.o)
 .debug_frame   0x0000000000005070       0x2c c:/st/stm32cubeide_1.3.0/stm32cubeide/plugins/com.st.stm32cube.ide.mcu.externaltools.gnu-tools-for-stm32.7-2018-q2-update.win32_1.0.0.201904181610/tools/bin/../lib/gcc/arm-none-eabi/7.3.1/thumb/v7e-m/fpv4-sp/hard\libgcc.a(_aeabi_uldivmod.o)
 .debug_frame   0x000000000000509c       0x34 c:/st/stm32cubeide_1.3.0/stm32cubeide/plugins/com.st.stm32cube.ide.mcu.externaltools.gnu-tools-for-stm32.7-2018-q2-update.win32_1.0.0.201904181610/tools/bin/../lib/gcc/arm-none-eabi/7.3.1/thumb/v7e-m/fpv4-sp/hard\libgcc.a(_udivmoddi4.o)
