ssd1306.c:26:6:ssd1306_Reset	8	static
ssd1306.c:38:6:ssd1306_WriteCommand	16	static
ssd1306.c:46:6:ssd1306_WriteData	16	static
ssd1306.c:65:6:ssd1306_Init	8	static
ssd1306.c:168:6:ssd1306_Fill	24	static
ssd1306.c:178:6:ssd1306_UpdateScreen	16	static
ssd1306.c:197:6:ssd1306_DrawPixel	16	static
ssd1306.c:220:6:ssd1306_WriteChar	48	static
ssd1306.c:255:6:ssd1306_WriteString	24	static
ssd1306.c:272:6:ssd1306_SetCursor	16	static
ssd1306.c:278:6:ssd1306_Line	48	static
ssd1306.c:314:6:ssd1306_Polyline	40	static
ssd1306.c:328:14:ssd1306_DegToRad	24	static
ssd1306.c:332:17:ssd1306_NormalizeTo0_360	24	static
ssd1306.c:349:6:ssd1306_DrawArc	64	static
ssd1306.c:386:6:ssd1306_DrawCircle	40	static
ssd1306.c:431:6:ssd1306_DrawRectangle	32	static
ssd1306.c:441:6:ssd1306_DrawArrowR	24	static
ssd1306.c:453:6:ssd1306_DrawStrLine	32	static
